Archive member included to satisfy reference by file (symbol)

C:\test_workspace\micro_dyno projects\r01an6421xx0131-ra-sensorless-foc-2motor\r01an6421xx0131-ra-sensorless-foc-2motor\workspace\RA8T2_MCILV1_2SPM_LESS_FOC_E2S_V101\ra\fsp\lib\rm_motor_current\cm85_gcc\librm_motor_current.a(rm_motor_current_pi_gain_calc.o)
                              ./ra/fsp/src/rm_motor_current/rm_motor_current.o (rm_motor_current_pi_gain_calc)
C:\test_workspace\micro_dyno projects\r01an6421xx0131-ra-sensorless-foc-2motor\r01an6421xx0131-ra-sensorless-foc-2motor\workspace\RA8T2_MCILV1_2SPM_LESS_FOC_E2S_V101\ra\fsp\lib\rm_motor_current\cm85_gcc\librm_motor_current.a(rm_motor_volt_error_comp.o)
                              ./ra/fsp/src/rm_motor_current/rm_motor_current.o (rm_motor_voltage_error_compensation_init)
C:\test_workspace\micro_dyno projects\r01an6421xx0131-ra-sensorless-foc-2motor\r01an6421xx0131-ra-sensorless-foc-2motor\workspace\RA8T2_MCILV1_2SPM_LESS_FOC_E2S_V101\ra\fsp\lib\rm_motor_estimate\cm85_gcc\librm_motor_estimate.a(rm_motor_estimate_bemf_observer.o)
                              ./ra/fsp/src/rm_motor_estimate/rm_motor_estimate.o (rm_motor_estimate_bemf_observer)
C:\test_workspace\micro_dyno projects\r01an6421xx0131-ra-sensorless-foc-2motor\r01an6421xx0131-ra-sensorless-foc-2motor\workspace\RA8T2_MCILV1_2SPM_LESS_FOC_E2S_V101\ra\fsp\lib\rm_motor_speed\cm85_gcc\librm_motor_speed.a(rm_motor_speed_disturbance_observer.o)
                              ./ra/fsp/src/rm_motor_speed/rm_motor_speed.o (rm_motor_speed_disturbance_observer_init)
C:\test_workspace\micro_dyno projects\r01an6421xx0131-ra-sensorless-foc-2motor\r01an6421xx0131-ra-sensorless-foc-2motor\workspace\RA8T2_MCILV1_2SPM_LESS_FOC_E2S_V101\ra\fsp\lib\rm_motor_speed\cm85_gcc\librm_motor_speed.a(rm_motor_speed_fluxwkn.o)
                              ./ra/fsp/src/rm_motor_speed/rm_motor_speed.o (rm_motor_speed_fluxwkn_reset)
C:\test_workspace\micro_dyno projects\r01an6421xx0131-ra-sensorless-foc-2motor\r01an6421xx0131-ra-sensorless-foc-2motor\workspace\RA8T2_MCILV1_2SPM_LESS_FOC_E2S_V101\ra\fsp\lib\rm_motor_speed\cm85_gcc\librm_motor_speed.a(rm_motor_speed_gain_calc.o)
                              ./ra/fsp/src/rm_motor_speed/rm_motor_speed.o (rm_motor_speed_pi_gain_calc)
C:\test_workspace\micro_dyno projects\r01an6421xx0131-ra-sensorless-foc-2motor\r01an6421xx0131-ra-sensorless-foc-2motor\workspace\RA8T2_MCILV1_2SPM_LESS_FOC_E2S_V101\ra\fsp\lib\rm_motor_speed\cm85_gcc\librm_motor_speed.a(rm_motor_speed_observer.o)
                              ./ra/fsp/src/rm_motor_speed/rm_motor_speed.o (rm_motor_speed_observer_init)
C:\test_workspace\micro_dyno projects\r01an6421xx0131-ra-sensorless-foc-2motor\r01an6421xx0131-ra-sensorless-foc-2motor\workspace\RA8T2_MCILV1_2SPM_LESS_FOC_E2S_V101\ra\fsp\lib\rm_motor_speed\cm85_gcc\librm_motor_speed.a(rm_motor_speed_opl2less.o)
                              ./ra/fsp/src/rm_motor_speed/rm_motor_speed.o (rm_motor_speed_opl2less_iq_calc)
C:\test_workspace\micro_dyno projects\r01an6421xx0131-ra-sensorless-foc-2motor\r01an6421xx0131-ra-sensorless-foc-2motor\workspace\RA8T2_MCILV1_2SPM_LESS_FOC_E2S_V101\ra\fsp\lib\rm_motor_speed\cm85_gcc\librm_motor_speed.a(rm_motor_speed_opl_damp_ctrl.o)
                              ./ra/fsp/src/rm_motor_speed/rm_motor_speed.o (rm_motor_speed_opl_damp_ctrl)
C:/Program Files (x86)/Arm GNU Toolchain arm-none-eabi/13.2 Rel1/bin/../lib/gcc/arm-none-eabi/13.2.1/thumb/v8-m.main+dp/hard\libg_nano.a(libc_a-exit.o)
                              C:/Program Files (x86)/Arm GNU Toolchain arm-none-eabi/13.2 Rel1/bin/../lib/gcc/arm-none-eabi/13.2.1/thumb/v8-m.main+dp/hard/crt0.o (exit)
C:/Program Files (x86)/Arm GNU Toolchain arm-none-eabi/13.2 Rel1/bin/../lib/gcc/arm-none-eabi/13.2.1/thumb/v8-m.main+dp/hard\libg_nano.a(libc_a-findfp.o)
                              C:/Program Files (x86)/Arm GNU Toolchain arm-none-eabi/13.2 Rel1/bin/../lib/gcc/arm-none-eabi/13.2.1/thumb/v8-m.main+dp/hard\libg_nano.a(libc_a-exit.o) (__stdio_exit_handler)
C:/Program Files (x86)/Arm GNU Toolchain arm-none-eabi/13.2 Rel1/bin/../lib/gcc/arm-none-eabi/13.2.1/thumb/v8-m.main+dp/hard\libg_nano.a(libc_a-fwalk.o)
                              C:/Program Files (x86)/Arm GNU Toolchain arm-none-eabi/13.2 Rel1/bin/../lib/gcc/arm-none-eabi/13.2.1/thumb/v8-m.main+dp/hard\libg_nano.a(libc_a-findfp.o) (_fwalk_sglue)
C:/Program Files (x86)/Arm GNU Toolchain arm-none-eabi/13.2 Rel1/bin/../lib/gcc/arm-none-eabi/13.2.1/thumb/v8-m.main+dp/hard\libg_nano.a(libc_a-stdio.o)
                              C:/Program Files (x86)/Arm GNU Toolchain arm-none-eabi/13.2 Rel1/bin/../lib/gcc/arm-none-eabi/13.2.1/thumb/v8-m.main+dp/hard\libg_nano.a(libc_a-findfp.o) (__sread)
C:/Program Files (x86)/Arm GNU Toolchain arm-none-eabi/13.2 Rel1/bin/../lib/gcc/arm-none-eabi/13.2.1/thumb/v8-m.main+dp/hard\libg_nano.a(libc_a-memset.o)
[...]
Memory Configuration

Name             Origin             Length             Attributes
RAM              0x22000000         0x001d4000         xrw
FLASH            0x02000000         0x00100000         xr
DATA_FLASH       0x27000000         0x00000000         xr
SDRAM            0x68000000         0x08000000         xrw
OSPI0_CS0        0x80000000         0x10000000         xrw
OSPI0_CS1        0x90000000         0x10000000         xr
OSPI1_CS0        0x70000000         0x08000000         xrw
OSPI1_CS1        0x78000000         0x08000000         xr
OPTION_SETTING_OFS0 0x02c9f040         0x00000004         r
OPTION_SETTING_OFS2 0x02c9f044         0x00000004         r
OPTION_SETTING_SAS 0x02c9f074         0x00000004         r
OPTION_SETTING_OFS1 0x12c9f4c0         0x00000004         r
OPTION_SETTING_OFS1_SEC 0x02c9f0c0         0x00000004         r
OPTION_SETTING_OFS1_SEL 0x02c9f120         0x00000004         r
OPTION_SETTING_OFS3 0x12c9f4c4         0x00000004         r
OPTION_SETTING_OFS3_SEC 0x02c9f0c4         0x00000004         r
OPTION_SETTING_OFS3_SEL 0x02c9f124         0x00000004         r
OPTION_SETTING_BPS 0x12c9f600         0x00000080         r
OPTION_SETTING_BPS_SEC 0x02c9f200         0x00000080         r
OPTION_SETTING_OTP_FSBLCTRL0 0x02e07600         0x00000004         r
OPTION_SETTING_OTP_FSBLCTRL1 0x02e07604         0x00000004         r
OPTION_SETTING_OTP_FSBLCTRL2 0x02e07608         0x00000004         r
OPTION_SETTING_OTP_SAMR 0x02e07614         0x00000004         r
OPTION_SETTING_OTP_SACC00 0x02e07620         0x00000004         r
OPTION_SETTING_OTP_SACC10 0x02e07630         0x00000004         r
OPTION_SETTING_OTP_SACC01 0x02e07640         0x00000004         r
OPTION_SETTING_OTP_SACC11 0x02e07650         0x00000004         r
OPTION_SETTING_OTP_SACC02 0x02e07660         0x00000004         r
OPTION_SETTING_OTP_SACC12 0x02e07670         0x00000004         r
OPTION_SETTING_OTP_SACC03 0x02e07680         0x00000004         r
OPTION_SETTING_OTP_SACC13 0x02e07690         0x00000004         r
OPTION_SETTING_OTP_PBPS_SEC 0x02e17700         0x00000080         r
OPTION_SETTING_OTP_PBPS 0x12e17780         0x00000080         r
OPTION_SETTING_OTP_ZHUK 0x02e17920         0x00000004         r
ITCM             0x00000000         0x00020000         xrw
DTCM             0x20000000         0x00020000         xrw
*default*        0x00000000         0xffffffff

Linker script and memory map

LOAD C:/Program Files (x86)/Arm GNU Toolchain arm-none-eabi/13.2 Rel1/bin/../lib/gcc/arm-none-eabi/13.2.1/thumb/v8-m.main+dp/hard/crti.o
LOAD C:/Program Files (x86)/Arm GNU Toolchain arm-none-eabi/13.2 Rel1/bin/../lib/gcc/arm-none-eabi/13.2.1/thumb/v8-m.main+dp/hard/crtbegin.o
LOAD C:/Program Files (x86)/Arm GNU Toolchain arm-none-eabi/13.2 Rel1/bin/../lib/gcc/arm-none-eabi/13.2.1/thumb/v8-m.main+dp/hard/crt0.o
START GROUP
LOAD ./src/application/rmw/r_mtr_rmw.o
LOAD ./src/application/main/mtr_main.o
LOAD ./src/hal_entry.o
LOAD ./ra_gen/common_data.o
LOAD ./ra_gen/hal_data.o
LOAD ./ra_gen/main.o
LOAD ./ra_gen/pin_data.o
LOAD ./ra_gen/vector_data.o
LOAD ./ra/fsp/src/rm_motor_speed/rm_motor_speed.o
LOAD ./ra/fsp/src/rm_motor_sensorless/rm_motor_sensorless.o
LOAD ./ra/fsp/src/rm_motor_estimate/rm_motor_estimate.o
LOAD ./ra/fsp/src/rm_motor_driver/rm_motor_driver.o
LOAD ./ra/fsp/src/rm_motor_current/rm_motor_current.o
LOAD ./ra/fsp/src/r_poeg/r_poeg.o
LOAD ./ra/fsp/src/r_ioport/r_ioport.o
LOAD ./ra/fsp/src/r_gpt_three_phase/r_gpt_three_phase.o
LOAD ./ra/fsp/src/r_gpt/r_gpt.o
LOAD ./ra/fsp/src/r_agt/r_agt.o
LOAD ./ra/fsp/src/r_adc_b/r_adc_b.o
LOAD ./ra/fsp/src/bsp/mcu/ra8t2/bsp_linker.o
LOAD ./ra/fsp/src/bsp/mcu/all/bsp_clocks.o
LOAD ./ra/fsp/src/bsp/mcu/all/bsp_common.o
LOAD ./ra/fsp/src/bsp/mcu/all/bsp_delay.o
LOAD ./ra/fsp/src/bsp/mcu/all/bsp_group_irq.o
LOAD ./ra/fsp/src/bsp/mcu/all/bsp_guard.o
LOAD ./ra/fsp/src/bsp/mcu/all/bsp_io.o
LOAD ./ra/fsp/src/bsp/mcu/all/bsp_ipc.o
LOAD ./ra/fsp/src/bsp/mcu/all/bsp_irq.o
LOAD ./ra/fsp/src/bsp/mcu/all/bsp_macl.o
LOAD ./ra/fsp/src/bsp/mcu/all/bsp_ospi_b.o
LOAD ./ra/fsp/src/bsp/mcu/all/bsp_register_protection.o
LOAD ./ra/fsp/src/bsp/mcu/all/bsp_sbrk.o
LOAD ./ra/fsp/src/bsp/mcu/all/bsp_sdram.o
LOAD ./ra/fsp/src/bsp/mcu/all/bsp_security.o
LOAD ./ra/fsp/src/bsp/cmsis/Device/RENESAS/Source/startup.o
LOAD ./ra/fsp/src/bsp/cmsis/Device/RENESAS/Source/system.o
LOAD ./ra/board/ra8t2_mck/board_init.o
LOAD ./ra/board/ra8t2_mck/board_leds.o
LOAD C:/test_workspace/micro_dyno projects/r01an6421xx0131-ra-sensorless-foc-2motor/r01an6421xx0131-ra-sensorless-foc-2motor/workspace/RA8T2_MCILV1_2SPM_LESS_FOC_E2S_V101/src/application/rmw/ICS2_RA8T2.o
LOAD C:\test_workspace\micro_dyno projects\r01an6421xx0131-ra-sensorless-foc-2motor\r01an6421xx0131-ra-sensorless-foc-2motor\workspace\RA8T2_MCILV1_2SPM_LESS_FOC_E2S_V101\ra\fsp\lib\rm_motor_current\cm85_gcc\librm_motor_current.a
LOAD C:\test_workspace\micro_dyno projects\r01an6421xx0131-ra-sensorless-foc-2motor\r01an6421xx0131-ra-sensorless-foc-2motor\workspace\RA8T2_MCILV1_2SPM_LESS_FOC_E2S_V101\ra\fsp\lib\rm_motor_estimate\cm85_gcc\librm_motor_estimate.a
LOAD C:\test_workspace\micro_dyno projects\r01an6421xx0131-ra-sensorless-foc-2motor\r01an6421xx0131-ra-sensorless-foc-2motor\workspace\RA8T2_MCILV1_2SPM_LESS_FOC_E2S_V101\ra\fsp\lib\rm_motor_speed\cm85_gcc\librm_motor_speed.a
END GROUP
START GROUP
LOAD C:/Program Files (x86)/Arm GNU Toolchain arm-none-eabi/13.2 Rel1/bin/../lib/gcc/arm-none-eabi/13.2.1/thumb/v8-m.main+dp/hard\libgcc.a
LOAD C:/Program Files (x86)/Arm GNU Toolchain arm-none-eabi/13.2 Rel1/bin/../lib/gcc/arm-none-eabi/13.2.1/thumb/v8-m.main+dp/hard\libg_nano.a
LOAD C:/Program Files (x86)/Arm GNU Toolchain arm-none-eabi/13.2 Rel1/bin/../lib/gcc/arm-none-eabi/13.2.1/thumb/v8-m.main+dp/hard\libc_nano.a
END GROUP
START GROUP
LOAD C:/Program Files (x86)/Arm GNU Toolchain arm-none-eabi/13.2 Rel1/bin/../lib/gcc/arm-none-eabi/13.2.1/thumb/v8-m.main+dp/hard\libgcc.a
LOAD C:/Program Files (x86)/Arm GNU Toolchain arm-none-eabi/13.2 Rel1/bin/../lib/gcc/arm-none-eabi/13.2.1/thumb/v8-m.main+dp/hard\libc_nano.a
END GROUP
LOAD C:/Program Files (x86)/Arm GNU Toolchain arm-none-eabi/13.2 Rel1/bin/../lib/gcc/arm-none-eabi/13.2.1/thumb/v8-m.main+dp/hard/crtend.o
LOAD C:/Program Files (x86)/Arm GNU Toolchain arm-none-eabi/13.2 Rel1/bin/../lib/gcc/arm-none-eabi/13.2.1/thumb/v8-m.main+dp/hard/crtn.o
                0x22000000                        RAM_START = 0x22000000
                0x001d4000                        RAM_LENGTH = 0x1d4000
                0x02000000                        FLASH_START = 0x2000000
                0x00100000                        FLASH_LENGTH = 0x100000
                0x27000000                        DATA_FLASH_START = 0x27000000
                0x00000000                        DATA_FLASH_LENGTH = 0x0
                0x68000000                        SDRAM_START = 0x68000000
                0x08000000                        SDRAM_LENGTH = 0x8000000
                0x80000000                        OSPI0_CS0_START = 0x80000000
                0x10000000                        OSPI0_CS0_LENGTH = 0x10000000
                0x90000000                        OSPI0_CS1_START = 0x90000000
                0x10000000                        OSPI0_CS1_LENGTH = 0x10000000
                0x70000000                        OSPI1_CS0_START = 0x70000000
                0x08000000                        OSPI1_CS0_LENGTH = 0x8000000
                0x78000000                        OSPI1_CS1_START = 0x78000000
                0x08000000                        OSPI1_CS1_LENGTH = 0x8000000
                0x02c9f040                        OPTION_SETTING_OFS0_START = 0x2c9f040
                0x00000004                        OPTION_SETTING_OFS0_LENGTH = 0x4
                0x02c9f044                        OPTION_SETTING_OFS2_START = 0x2c9f044
                0x00000004                        OPTION_SETTING_OFS2_LENGTH = 0x4
                0x02c9f074                        OPTION_SETTING_SAS_START = 0x2c9f074
                0x00000004                        OPTION_SETTING_SAS_LENGTH = 0x4
                0x12c9f4c0                        OPTION_SETTING_OFS1_START = 0x12c9f4c0
                0x00000004                        OPTION_SETTING_OFS1_LENGTH = 0x4
                0x02c9f0c0                        OPTION_SETTING_OFS1_SEC_START = 0x2c9f0c0
                0x00000004                        OPTION_SETTING_OFS1_SEC_LENGTH = 0x4
                0x02c9f120                        OPTION_SETTING_OFS1_SEL_START = 0x2c9f120
                0x00000004                        OPTION_SETTING_OFS1_SEL_LENGTH = 0x4
                0x12c9f4c4                        OPTION_SETTING_OFS3_START = 0x12c9f4c4
                0x00000004                        OPTION_SETTING_OFS3_LENGTH = 0x4
                0x02c9f0c4                        OPTION_SETTING_OFS3_SEC_START = 0x2c9f0c4
                0x00000004                        OPTION_SETTING_OFS3_SEC_LENGTH = 0x4
                0x02c9f124                        OPTION_SETTING_OFS3_SEL_START = 0x2c9f124
                0x00000004                        OPTION_SETTING_OFS3_SEL_LENGTH = 0x4
                0x12c9f600                        OPTION_SETTING_BPS_START = 0x12c9f600
                0x00000080                        OPTION_SETTING_BPS_LENGTH = 0x80
                0x02c9f200                        OPTION_SETTING_BPS_SEC_START = 0x2c9f200
                0x00000080                        OPTION_SETTING_BPS_SEC_LENGTH = 0x80
                0x02e07600                        OPTION_SETTING_OTP_FSBLCTRL0_START = 0x2e07600
                0x00000004                        OPTION_SETTING_OTP_FSBLCTRL0_LENGTH = 0x4
                0x02e07604                        OPTION_SETTING_OTP_FSBLCTRL1_START = 0x2e07604
                0x00000004                        OPTION_SETTING_OTP_FSBLCTRL1_LENGTH = 0x4
                0x02e07608                        OPTION_SETTING_OTP_FSBLCTRL2_START = 0x2e07608
                0x00000004                        OPTION_SETTING_OTP_FSBLCTRL2_LENGTH = 0x4
                0x02e07614                        OPTION_SETTING_OTP_SAMR_START = 0x2e07614
                0x00000004                        OPTION_SETTING_OTP_SAMR_LENGTH = 0x4
                0x02e07620                        OPTION_SETTING_OTP_SACC00_START = 0x2e07620
                0x00000004                        OPTION_SETTING_OTP_SACC00_LENGTH = 0x4
                0x02e07630                        OPTION_SETTING_OTP_SACC10_START = 0x2e07630
                0x00000004                        OPTION_SETTING_OTP_SACC10_LENGTH = 0x4
                0x02e07640                        OPTION_SETTING_OTP_SACC01_START = 0x2e07640
                0x00000004                        OPTION_SETTING_OTP_SACC01_LENGTH = 0x4
                0x02e07650                        OPTION_SETTING_OTP_SACC11_START = 0x2e07650
                0x00000004                        OPTION_SETTING_OTP_SACC11_LENGTH = 0x4
                0x02e07660                        OPTION_SETTING_OTP_SACC02_START = 0x2e07660
                0x00000004                        OPTION_SETTING_OTP_SACC02_LENGTH = 0x4
                0x02e07670                        OPTION_SETTING_OTP_SACC12_START = 0x2e07670
                0x00000004                        OPTION_SETTING_OTP_SACC12_LENGTH = 0x4
                0x02e07680                        OPTION_SETTING_OTP_SACC03_START = 0x2e07680
                0x00000004                        OPTION_SETTING_OTP_SACC03_LENGTH = 0x4
                0x02e07690                        OPTION_SETTING_OTP_SACC13_START = 0x2e07690
                0x00000004                        OPTION_SETTING_OTP_SACC13_LENGTH = 0x4
                0x02e17700                        OPTION_SETTING_OTP_PBPS_SEC_START = 0x2e17700
                0x00000080                        OPTION_SETTING_OTP_PBPS_SEC_LENGTH = 0x80
                0x12e17780                        OPTION_SETTING_OTP_PBPS_START = 0x12e17780
                0x00000080                        OPTION_SETTING_OTP_PBPS_LENGTH = 0x80
                0x02e17920                        OPTION_SETTING_OTP_ZHUK_START = 0x2e17920
                0x00000004                        OPTION_SETTING_OTP_ZHUK_LENGTH = 0x4
                0x00000000                        ITCM_START = 0x0
                0x00020000                        ITCM_LENGTH = 0x20000
                0x20000000                        DTCM_START = 0x20000000
                0x00020000                        DTCM_LENGTH = 0x20000
START GROUP
LOAD C:/Program Files (x86)/Arm GNU Toolchain arm-none-eabi/13.2 Rel1/bin/../lib/gcc/arm-none-eabi/13.2.1/thumb/v8-m.main+dp/hard\libgcc.a
LOAD C:/Program Files (x86)/Arm GNU Toolchain arm-none-eabi/13.2 Rel1/bin/../lib/gcc/arm-none-eabi/13.2.1/thumb/v8-m.main+dp/hard\libc.a
LOAD C:/Program Files (x86)/Arm GNU Toolchain arm-none-eabi/13.2 Rel1/bin/../lib/gcc/arm-none-eabi/13.2.1/thumb/v8-m.main+dp/hard\libm.a
END GROUP

.ospi0_cs1.startof
                0x90000000        0x0
                0x90000000                        __ddsc_OSPI0_CS1_START = .

.sdram.startof  0x68000000        0x0
                0x68000000                        __ddsc_SDRAM_START = .

__sdram_from_ospi0_cs1$$
                0x68000000        0x0 load address 0x90000000
                0x68000000                        __sdram_from_ospi0_cs1$$Base = .
                0x90000000                        __sdram_from_ospi0_cs1$$Load = LOADADDR (__sdram_from_ospi0_cs1$$)
 *(.sdram_from_ospi0_cs1)
 *(.sdram_code_from_ospi0_cs1)
                0x68000000                        __sdram_from_ospi0_cs1$$Limit = .

.ospi0_cs0.startof
                0x80000000        0x0
                0x80000000                        __ddsc_OSPI0_CS0_START = .

__ospi0_cs0_from_ospi0_cs1$$
                0x80000000        0x0 load address 0x90000000
                0x80000000                        __ospi0_cs0_from_ospi0_cs1$$Base = .
                0x90000000                        __ospi0_cs0_from_ospi0_cs1$$Load = LOADADDR (__ospi0_cs0_from_ospi0_cs1$$)
 *(.ospi0_cs0_from_ospi0_cs1)
 *(.ospi0_cs0_code_from_ospi0_cs1)
                0x80000000                        __ospi0_cs0_from_ospi0_cs1$$Limit = .

.ospi1_cs0.startof
                0x70000000        0x0
                0x70000000                        __ddsc_OSPI1_CS0_START = .

__ospi1_cs0_from_ospi0_cs1$$
                0x70000000        0x0 load address 0x90000000
                0x70000000                        __ospi1_cs0_from_ospi0_cs1$$Base = .
                0x90000000                        __ospi1_cs0_from_ospi0_cs1$$Load = LOADADDR (__ospi1_cs0_from_ospi0_cs1$$)
 *(.ospi1_cs0_from_ospi0_cs1)
 *(.ospi1_cs0_code_from_ospi0_cs1)
                0x70000000                        __ospi1_cs0_from_ospi0_cs1$$Limit = .

.itcm.startof   0x00000000        0x0
                0x00000000                        __ddsc_ITCM_START = .

__itcm_from_ospi0_cs1$$
                0x00000000        0x0 load address 0x90000000
                0x00000000                        __itcm_from_ospi0_cs1$$Base = .
                0x90000000                        __itcm_from_ospi0_cs1$$Load = LOADADDR (__itcm_from_ospi0_cs1$$)
 *(.itcm_from_ospi0_cs1)
 *(.itcm_code_from_ospi0_cs1)
                0x00000000                        __itcm_from_ospi0_cs1$$Limit = .

.dtcm.startof   0x20000000        0x0
                0x20000000                        __ddsc_DTCM_START = .

__dtcm_from_ospi0_cs1$$
                0x20000000        0x0 load address 0x90000000
                0x20000000                        __dtcm_from_ospi0_cs1$$Base = .
                0x90000000                        __dtcm_from_ospi0_cs1$$Load = LOADADDR (__dtcm_from_ospi0_cs1$$)
 *(.dtcm_from_ospi0_cs1)
 *(.dtcm_code_from_ospi0_cs1)
                0x20000000                        __dtcm_from_ospi0_cs1$$Limit = .

.ram.startof    0x22000000        0x0
                0x22000000                        __ddsc_RAM_START = .

__ram_dtc_vector$$
                0x22000000        0x0
                0x22000000                        __ram_dtc_vector$$Base = .
 *(.fsp_dtc_vector_table)
                0x22000000                        __ram_dtc_vector$$Limit = .

__ram_from_ospi0_cs1$$
                0x22000000        0x0 load address 0x90000000
                0x22000000                        __ram_from_ospi0_cs1$$Base = .
                0x90000000                        __ram_from_ospi0_cs1$$Load = LOADADDR (__ram_from_ospi0_cs1$$)
 *(.ram_from_ospi0_cs1)
 *(.ram_code_from_ospi0_cs1)
                0x22000000                        __ram_from_ospi0_cs1$$Limit = .

__ospi0_cs1_readonly$$
                0x90000000        0x0
                0x90000000                        __ospi0_cs1_readonly$$Base = .
 *(.ospi0_cs1)
 *(.ospi0_cs1_code)
                0x90000000                        __ospi0_cs1_readonly$$Limit = .

__ospi0_cs1_noinit$$
                0x90000000        0x0
                0x90000000                        __ospi0_cs1_noinit$$Base = .
 *(.ospi0_cs1_noinit)
                0x90000000                        __ospi0_cs1_noinit$$Limit = .

.ospi0_cs1.endof
                0x90000000        0x0
                0x90000000                        __ddsc_OSPI0_CS1_END = .

.ospi1_cs1.startof
                0x78000000        0x0
                0x78000000                        __ddsc_OSPI1_CS1_START = .

__sdram_from_ospi1_cs1$$
                0x68000000        0x0 load address 0x78000000
                0x68000000                        __sdram_from_ospi1_cs1$$Base = .
                0x78000000                        __sdram_from_ospi1_cs1$$Load = LOADADDR (__sdram_from_ospi1_cs1$$)
 *(.sdram_from_ospi1_cs1)
 *(.sdram_code_from_ospi1_cs1)
                0x68000000                        __sdram_from_ospi1_cs1$$Limit = .

__ospi0_cs0_from_ospi1_cs1$$
                0x80000000        0x0 load address 0x78000000
                0x80000000                        __ospi0_cs0_from_ospi1_cs1$$Base = .
                0x78000000                        __ospi0_cs0_from_ospi1_cs1$$Load = LOADADDR (__ospi0_cs0_from_ospi1_cs1$$)
 *(.ospi0_cs0_from_ospi1_cs1)
 *(.ospi0_cs0_code_from_ospi1_cs1)
                0x80000000                        __ospi0_cs0_from_ospi1_cs1$$Limit = .

__ospi1_cs0_from_ospi1_cs1$$
                0x70000000        0x0 load address 0x78000000
                0x70000000                        __ospi1_cs0_from_ospi1_cs1$$Base = .
                0x78000000                        __ospi1_cs0_from_ospi1_cs1$$Load = LOADADDR (__ospi1_cs0_from_ospi1_cs1$$)
 *(.ospi1_cs0_from_ospi1_cs1)
 *(.ospi1_cs0_code_from_ospi1_cs1)
                0x70000000                        __ospi1_cs0_from_ospi1_cs1$$Limit = .

__itcm_from_ospi1_cs1$$
                0x00000000        0x0 load address 0x78000000
                0x00000000                        __itcm_from_ospi1_cs1$$Base = .
                0x78000000                        __itcm_from_ospi1_cs1$$Load = LOADADDR (__itcm_from_ospi1_cs1$$)
 *(.itcm_from_ospi1_cs1)
 *(.itcm_code_from_ospi1_cs1)
                0x00000000                        __itcm_from_ospi1_cs1$$Limit = .

__dtcm_from_ospi1_cs1$$
                0x20000000        0x0 load address 0x78000000
                0x20000000                        __dtcm_from_ospi1_cs1$$Base = .
                0x78000000                        __dtcm_from_ospi1_cs1$$Load = LOADADDR (__dtcm_from_ospi1_cs1$$)
 *(.dtcm_from_ospi1_cs1)
 *(.dtcm_code_from_ospi1_cs1)
                0x20000000                        __dtcm_from_ospi1_cs1$$Limit = .

__ram_from_ospi1_cs1$$
                0x22000000        0x0 load address 0x78000000
                0x22000000                        __ram_from_ospi1_cs1$$Base = .
                0x78000000                        __ram_from_ospi1_cs1$$Load = LOADADDR (__ram_from_ospi1_cs1$$)
 *(.ram_from_ospi1_cs1)
 *(.ram_code_from_ospi1_cs1)
                0x22000000                        __ram_from_ospi1_cs1$$Limit = .

__ospi1_cs1_readonly$$
                0x78000000        0x0
                0x78000000                        __ospi1_cs1_readonly$$Base = .
 *(.ospi1_cs1)
 *(.ospi1_cs1_code)
                0x78000000                        __ospi1_cs1_readonly$$Limit = .

__ospi1_cs1_noinit$$
                0x78000000        0x0
                0x78000000                        __ospi1_cs1_noinit$$Base = .
 *(.ospi1_cs1_noinit)
                0x78000000                        __ospi1_cs1_noinit$$Limit = .

.ospi1_cs1.endof
                0x78000000        0x0
                0x78000000                        __ddsc_OSPI1_CS1_END = .

.data_flash.startof
                0x27000000        0x0
                0x27000000                        __ddsc_DATA_FLASH_START = .

__sdram_from_data_flash$$
                0x68000000        0x0 load address 0x27000000
                0x68000000                        __sdram_from_data_flash$$Base = .
                0x27000000                        __sdram_from_data_flash$$Load = LOADADDR (__sdram_from_data_flash$$)
 *(.sdram_from_data_flash)
 *(.sdram_code_from_data_flash)
                0x68000000                        __sdram_from_data_flash$$Limit = .

__ospi0_cs0_from_data_flash$$
                0x80000000        0x0 load address 0x27000000
                0x80000000                        __ospi0_cs0_from_data_flash$$Base = .
                0x27000000                        __ospi0_cs0_from_data_flash$$Load = LOADADDR (__ospi0_cs0_from_data_flash$$)
 *(.ospi0_cs0_from_data_flash)
 *(.ospi0_cs0_code_from_data_flash)
                0x80000000                        __ospi0_cs0_from_data_flash$$Limit = .

__ospi1_cs0_from_data_flash$$
                0x70000000        0x0 load address 0x27000000
                0x70000000                        __ospi1_cs0_from_data_flash$$Base = .
                0x27000000                        __ospi1_cs0_from_data_flash$$Load = LOADADDR (__ospi1_cs0_from_data_flash$$)
 *(.ospi1_cs0_from_data_flash)
 *(.ospi1_cs0_code_from_data_flash)
                0x70000000                        __ospi1_cs0_from_data_flash$$Limit = .

__itcm_from_data_flash$$
                0x00000000        0x0 load address 0x27000000
                0x00000000                        __itcm_from_data_flash$$Base = .
                0x27000000                        __itcm_from_data_flash$$Load = LOADADDR (__itcm_from_data_flash$$)
 *(.itcm_from_data_flash)
 *(.itcm_code_from_data_flash)
                0x00000000                        __itcm_from_data_flash$$Limit = .

__dtcm_from_data_flash$$
                0x20000000        0x0 load address 0x27000000
                0x20000000                        __dtcm_from_data_flash$$Base = .
                0x27000000                        __dtcm_from_data_flash$$Load = LOADADDR (__dtcm_from_data_flash$$)
 *(.dtcm_from_data_flash)
 *(.dtcm_code_from_data_flash)
                0x20000000                        __dtcm_from_data_flash$$Limit = .

__ram_from_data_flash$$
                0x22000000        0x0 load address 0x27000000
                0x22000000                        __ram_from_data_flash$$Base = .
                0x27000000                        __ram_from_data_flash$$Load = LOADADDR (__ram_from_data_flash$$)
 *(.ram_from_data_flash)
 *(.ram_code_from_data_flash)
                0x22000000                        __ram_from_data_flash$$Limit = .

__data_flash_readonly$$
                0x27000000        0x0
                0x27000000                        __data_flash_readonly$$Base = .
 *(.data_flash)
 *(.data_flash_code)
                0x27000000                        __data_flash_readonly$$Limit = .

__data_flash_noinit$$
                0x27000000        0x0
                0x27000000                        __data_flash_noinit$$Base = .
 *(.data_flash_noinit)
                0x27000000                        __data_flash_noinit$$Limit = .

.data_flash.endof
                0x27000000        0x0
                0x27000000                        __ddsc_DATA_FLASH_END = .

.flash.startof  0x02000000        0x0
                0x02000000                        __ddsc_FLASH_START = .

__flash_vectors$$
                0x02000000       0x60
                0x02000000                        __flash_vectors$$Base = .
                0x02000000                        _VECTORS = .
 *(.fixed_vectors)
 .fixed_vectors
                0x02000000       0x40 ./ra/fsp/src/bsp/cmsis/Device/RENESAS/Source/startup.o
                0x02000000                __Vectors
 *(.application_vectors)
 .application_vectors
                0x02000040       0x20 ./ra_gen/vector_data.o
                0x02000040                g_vector_table
                0x02000060                        __flash_vectors$$Limit = .

.eh_frame       0x02000060        0x0
 .eh_frame      0x02000060        0x0 C:/Program Files (x86)/Arm GNU Toolchain arm-none-eabi/13.2 Rel1/bin/../lib/gcc/arm-none-eabi/13.2.1/thumb/v8-m.main+dp/hard/crtbegin.o

__flash_noinit$$
                0x02000060        0x0
                0x02000060                        __flash_noinit$$Base = .
 *(.flash_noinit)
                0x02000060                        __flash_noinit$$Limit = .

__sdram_from_flash$$
                0x68000000        0x0 load address 0x02000060
                0x68000000                        __sdram_from_flash$$Base = .
                0x02000060                        __sdram_from_flash$$Load = LOADADDR (__sdram_from_flash$$)
 *(.sdram_from_flash)
 *(.sdram_code_from_flash)
                0x68000000                        __sdram_from_flash$$Limit = .

__sdram_noinit_nocache$$
                0x68000000        0x0 load address 0x02000060
                0x68000000                        __sdram_noinit_nocache$$Base = .
 *(.sdram_noinit_nocache)
                0x68000000                        __sdram_noinit_nocache$$Limit = .

__sdram_zero_nocache$$
                0x68000000        0x0 load address 0x02000060
                0x68000000                        __sdram_zero_nocache$$Base = .
 *(.sdram_nocache)
                0x68000000                        . = ALIGN (0x20)
                0x68000000                        __sdram_zero_nocache$$Limit = .

__sdram_noinit$$
                0x68000000        0x0 load address 0x02000060
                0x68000000                        __sdram_noinit$$Base = .
 *(.sdram_noinit)
                0x68000000                        __sdram_noinit$$Limit = .

__sdram_zero$$  0x68000000        0x0 load address 0x02000060
                0x68000000                        __sdram_zero$$Base = .
 *(.sdram)
                0x68000000                        __sdram_zero$$Limit = .

.sdram.endof    0x68000000        0x0
                0x68000000                        __ddsc_SDRAM_END = .

__ospi0_cs0_from_flash$$
                0x80000000        0x0 load address 0x02000060
                0x80000000                        __ospi0_cs0_from_flash$$Base = .
                0x02000060                        __ospi0_cs0_from_flash$$Load = LOADADDR (__ospi0_cs0_from_flash$$)
 *(.ospi0_cs0_from_flash)
 *(.ospi0_cs0_code_from_flash)
                0x80000000                        __ospi0_cs0_from_flash$$Limit = .

__ospi0_cs0_noinit_nocache$$
                0x80000000        0x0 load address 0x02000060
                0x80000000                        __ospi0_cs0_noinit_nocache$$Base = .
 *(.ospi0_cs0_noinit_nocache)
                0x80000000                        __ospi0_cs0_noinit_nocache$$Limit = .

__ospi0_cs0_zero_nocache$$
                0x80000000        0x0 load address 0x02000060
                0x80000000                        __ospi0_cs0_zero_nocache$$Base = .
 *(.ospi0_cs0_nocache)
                0x80000000                        . = ALIGN (0x20)
                0x80000000                        __ospi0_cs0_zero_nocache$$Limit = .

__ospi0_cs0_noinit$$
                0x80000000        0x0 load address 0x02000060
                0x80000000                        __ospi0_cs0_noinit$$Base = .
 *(.ospi0_cs0_noinit)
                0x80000000                        __ospi0_cs0_noinit$$Limit = .

__ospi0_cs0_zero$$
                0x80000000        0x0 load address 0x02000060
                0x80000000                        __ospi0_cs0_zero$$Base = .
 *(.ospi0_cs0)
                0x80000000                        __ospi0_cs0_zero$$Limit = .

.ospi0_cs0.endof
                0x80000000        0x0
                0x80000000                        __ddsc_OSPI0_CS0_END = .

__ospi1_cs0_from_flash$$
                0x70000000        0x0 load address 0x02000060
                0x70000000                        __ospi1_cs0_from_flash$$Base = .
                0x02000060                        __ospi1_cs0_from_flash$$Load = LOADADDR (__ospi1_cs0_from_flash$$)
 *(.ospi1_cs0_from_flash)
 *(.ospi1_cs0_code_from_flash)
                0x70000000                        __ospi1_cs0_from_flash$$Limit = .

__ospi1_cs0_noinit_nocache$$
                0x70000000        0x0 load address 0x02000060
                0x70000000                        __ospi1_cs0_noinit_nocache$$Base = .
 *(.ospi1_cs0_noinit_nocache)
                0x70000000                        __ospi1_cs0_noinit_nocache$$Limit = .

__ospi1_cs0_zero_nocache$$
                0x70000000        0x0 load address 0x02000060
                0x70000000                        __ospi1_cs0_zero_nocache$$Base = .
 *(.ospi1_cs0_nocache)
                0x70000000                        . = ALIGN (0x20)
                0x70000000                        __ospi1_cs0_zero_nocache$$Limit = .

__ospi1_cs0_noinit$$
                0x70000000        0x0 load address 0x02000060
                0x70000000                        __ospi1_cs0_noinit$$Base = .
 *(.ospi1_cs0_noinit)
                0x70000000                        __ospi1_cs0_noinit$$Limit = .

__ospi1_cs0_zero$$
                0x70000000        0x0 load address 0x02000060
                0x70000000                        __ospi1_cs0_zero$$Base = .
 *(.ospi1_cs0)
                0x70000000                        __ospi1_cs0_zero$$Limit = .

.ospi1_cs0.endof
                0x70000000        0x0
                0x70000000                        __ddsc_OSPI1_CS0_END = .

__itcm_from_flash$$
                0x00000000        0x0 load address 0x02000060
                0x00000000                        __itcm_from_flash$$Base = .
                0x02000060                        __itcm_from_flash$$Load = LOADADDR (__itcm_from_flash$$)
 *(.itcm_from_flash)
 *(.itcm_code_from_flash)
                0x00000000                        __itcm_from_flash$$Limit = .

__itcm_noinit$$
                0x00000000        0x0 load address 0x02000060
                0x00000000                        __itcm_noinit$$Base = .
 *(.itcm_noinit)
                0x00000000                        __itcm_noinit$$Limit = .

__itcm_zero$$   0x00000000        0x0 load address 0x02000060
                0x00000000                        __itcm_zero$$Base = .
 *(.itcm)
                0x00000000                        __itcm_zero$$Limit = .

.itcm.endof     0x00000000        0x0
                0x00000000                        __ddsc_ITCM_END = .

__dtcm_from_flash$$
                0x20000000        0x0 load address 0x02000060
                0x20000000                        __dtcm_from_flash$$Base = .
                0x02000060                        __dtcm_from_flash$$Load = LOADADDR (__dtcm_from_flash$$)
 *(.dtcm_from_flash)
 *(.dtcm_code_from_flash)
                0x20000000                        __dtcm_from_flash$$Limit = .

__dtcm_noinit$$
                0x20000000        0x0 load address 0x02000060
                0x20000000                        __dtcm_noinit$$Base = .
 *(.dtcm_noinit)
                0x20000000                        __dtcm_noinit$$Limit = .

__dtcm_zero$$   0x20000000        0x0 load address 0x02000060
                0x20000000                        __dtcm_zero$$Base = .
 *(.dtcm)
                0x20000000                        __dtcm_zero$$Limit = .

.dtcm.endof     0x20000000        0x0
                0x20000000                        __ddsc_DTCM_END = .

__ram_from_flash$$
                0x22000000       0x94 load address 0x02000060
                0x22000000                        __ram_from_flash$$Base = .
                0x02000060                        __ram_from_flash$$Load = LOADADDR (__ram_from_flash$$)
 *(.ram_from_flash)
 *(.ram_code_from_flash)
 *(.data*)
 .data.com_u1_speed_mode1
                0x22000000        0x1 ./src/application/rmw/r_mtr_rmw.o
                0x22000000                com_u1_speed_mode1
 .data.com_u1_speed_mode
                0x22000001        0x1 ./src/application/rmw/r_mtr_rmw.o
                0x22000001                com_u1_speed_mode
 *fill*         0x22000002        0x2 
 .data.g_motor_current0_motor
                0x22000004       0x18 ./ra_gen/hal_data.o
                0x22000004                g_motor_current0_motor
 .data.g_motor_current0_design
                0x2200001c        0x8 ./ra_gen/hal_data.o
                0x2200001c                g_motor_current0_design
 .data.g_motor_current1_motor
                0x22000024       0x18 ./ra_gen/hal_data.o
                0x22000024                g_motor_current1_motor
 .data.g_motor_current1_design
                0x2200003c        0x8 ./ra_gen/hal_data.o
                0x2200003c                g_motor_current1_design
 .data._impure_ptr
                0x22000044        0x4 C:/Program Files (x86)/Arm GNU Toolchain arm-none-eabi/13.2 Rel1/bin/../lib/gcc/arm-none-eabi/13.2.1/thumb/v8-m.main+dp/hard\libg_nano.a(libc_a-impure.o)
                0x22000044                _impure_ptr
 .data._impure_data
                0x22000048       0x4c C:/Program Files (x86)/Arm GNU Toolchain arm-none-eabi/13.2 Rel1/bin/../lib/gcc/arm-none-eabi/13.2.1/thumb/v8-m.main+dp/hard\libg_nano.a(libc_a-impure.o)
                0x22000048                _impure_data
 *(vtable)
                0x22000094                        __ram_from_flash$$Limit = .

.tm_clone_table
                0x22000094        0x0 load address 0x020000f4
 .tm_clone_table
                0x22000094        0x0 C:/Program Files (x86)/Arm GNU Toolchain arm-none-eabi/13.2 Rel1/bin/../lib/gcc/arm-none-eabi/13.2.1/thumb/v8-m.main+dp/hard/crtbegin.o
 .tm_clone_table
                0x22000094        0x0 C:/Program Files (x86)/Arm GNU Toolchain arm-none-eabi/13.2 Rel1/bin/../lib/gcc/arm-none-eabi/13.2.1/thumb/v8-m.main+dp/hard/crtend.o

.igot.plt       0x22000094        0x0 load address 0x020000f4
 .igot.plt      0x22000094        0x0 C:/Program Files (x86)/Arm GNU Toolchain arm-none-eabi/13.2 Rel1/bin/../lib/gcc/arm-none-eabi/13.2.1/thumb/v8-m.main+dp/hard/crtbegin.o

__ram_noinit_nocache$$
                0x220000a0        0x0 load address 0x02000100
                0x220000a0                        __ram_noinit_nocache$$Base = .
 *(.ram_noinit_nocache)
                0x220000a0                        __ram_noinit_nocache$$Limit = .

__ram_zero_nocache$$
                0x22000094        0xc load address 0x020000f4
                0x22000094                        __ram_zero_nocache$$Base = .
 *(.ram_nocache)
                0x220000a0                        . = ALIGN (0x20)
 *fill*         0x22000094        0xc 
                0x220000a0                        __ram_zero_nocache$$Limit = .

__ram_noinit$$  0x220000a0      0x42c load address 0x020000f4
                0x220000a0                        __ram_noinit$$Base = .
 *(.bss.g_heap)
 *(.bss.g_main_stack)
 .bss.g_main_stack
                0x220000a0      0x400 ./ra/fsp/src/bsp/cmsis/Device/RENESAS/Source/startup.o
                0x220000a0                g_main_stack
 *(.ram_noinit)
 .ram_noinit    0x220004a0       0x2c ./ra/fsp/src/bsp/mcu/all/bsp_clocks.o
 *(.noinit)
                0x220004cc                        __ram_noinit$$Limit = .

__ram_zero$$    0x220004d0     0x145c load address 0x020000f4
                0x220004d0                        __ram_zero$$Base = .
 *(.ram)
 *(.bss*)
 .bss.completed.1
                0x220004d0        0x1 C:/Program Files (x86)/Arm GNU Toolchain arm-none-eabi/13.2 Rel1/bin/../lib/gcc/arm-none-eabi/13.2.1/thumb/v8-m.main+dp/hard/crtbegin.o
 *fill*         0x220004d1        0x3 
 .bss.object.0  0x220004d4       0x18 C:/Program Files (x86)/Arm GNU Toolchain arm-none-eabi/13.2 Rel1/bin/../lib/gcc/arm-none-eabi/13.2.1/thumb/v8-m.main+dp/hard/crtbegin.o
 .bss.g_u1_trig_enable_write
                0x220004ec        0x1 ./src/application/rmw/r_mtr_rmw.o
 *fill*         0x220004ed        0x3 
 .bss.p_angle1_instance
                0x220004f0        0x4 ./src/application/rmw/r_mtr_rmw.o
 .bss.p_angle_instance
                0x220004f4        0x4 ./src/application/rmw/r_mtr_rmw.o
 .bss.p_current1_instance
                0x220004f8        0x4 ./src/application/rmw/r_mtr_rmw.o
 .bss.p_current_instance
                0x220004fc        0x4 ./src/application/rmw/r_mtr_rmw.o
 .bss.p_speed1_instance
                0x22000500        0x4 ./src/application/rmw/r_mtr_rmw.o
 .bss.p_speed_instance
                0x22000504        0x4 ./src/application/rmw/r_mtr_rmw.o
 .bss.g_u1_enable_write
                0x22000508        0x1 ./src/application/rmw/r_mtr_rmw.o
                0x22000508                g_u1_enable_write
 .bss.com_u1_enable_write
                0x22000509        0x1 ./src/application/rmw/r_mtr_rmw.o
                0x22000509                com_u1_enable_write
 *fill*         0x2200050a        0x2 
 .bss.com_f4_nominal_current1
                0x2200050c        0x4 ./src/application/rmw/r_mtr_rmw.o
                0x2200050c                com_f4_nominal_current1
 .bss.com_f4_limit_speed_change1
                0x22000510        0x4 ./src/application/rmw/r_mtr_rmw.o
                0x22000510                com_f4_limit_speed_change1
 .bss.com_f4_iq_limit1
                0x22000514        0x4 ./src/application/rmw/r_mtr_rmw.o
                0x22000514                com_f4_iq_limit1
 .bss.com_f4_overcurrent_limit1
                0x22000518        0x4 ./src/application/rmw/r_mtr_rmw.o
                0x22000518                com_f4_overcurrent_limit1
 .bss.com_f4_overspeed_limit_rpm1
                0x2200051c        0x4 ./src/application/rmw/r_mtr_rmw.o
                0x2200051c                com_f4_overspeed_limit_rpm1
 .bss.com_f4_max_speed_rpm1
                0x22000520        0x4 ./src/application/rmw/r_mtr_rmw.o
                0x22000520                com_f4_max_speed_rpm1
 .bss.com_f4_id_up_speed_rpm1
                0x22000524        0x4 ./src/application/rmw/r_mtr_rmw.o
                0x22000524                com_f4_id_up_speed_rpm1
 .bss.com_f4_id_down_speed_rpm1
                0x22000528        0x4 ./src/application/rmw/r_mtr_rmw.o
                0x22000528                com_f4_id_down_speed_rpm1
 .bss.com_f4_ol_id_down_step1
                0x2200052c        0x4 ./src/application/rmw/r_mtr_rmw.o
                0x2200052c                com_f4_ol_id_down_step1
 .bss.com_f4_ol_id_up_step1
                0x22000530        0x4 ./src/application/rmw/r_mtr_rmw.o
                0x22000530                com_f4_ol_id_up_step1
 .bss.com_f4_ref_id1
                0x22000534        0x4 ./src/application/rmw/r_mtr_rmw.o
                0x22000534                com_f4_ref_id1
 .bss.com_f4_pll_est_zeta1
                0x22000538        0x4 ./src/application/rmw/r_mtr_rmw.o
                0x22000538                com_f4_pll_est_zeta1
 .bss.com_f4_pll_est_omega1
                0x2200053c        0x4 ./src/application/rmw/r_mtr_rmw.o
                0x2200053c                com_f4_pll_est_omega1
 .bss.com_f4_e_obs_zeta1
                0x22000540        0x4 ./src/application/rmw/r_mtr_rmw.o
                0x22000540                com_f4_e_obs_zeta1
 .bss.com_f4_e_obs_omega1
                0x22000544        0x4 ./src/application/rmw/r_mtr_rmw.o
                0x22000544                com_f4_e_obs_omega1
 .bss.com_f4_speed_zeta1
                0x22000548        0x4 ./src/application/rmw/r_mtr_rmw.o
                0x22000548                com_f4_speed_zeta1
 .bss.com_f4_speed_omega1
                0x2200054c        0x4 ./src/application/rmw/r_mtr_rmw.o
                0x2200054c                com_f4_speed_omega1
 .bss.com_f4_current_zeta1
                0x22000550        0x4 ./src/application/rmw/r_mtr_rmw.o
                0x22000550                com_f4_current_zeta1
 .bss.com_f4_current_omega1
                0x22000554        0x4 ./src/application/rmw/r_mtr_rmw.o
                0x22000554                com_f4_current_omega1
 .bss.com_f4_mtr_j1
                0x22000558        0x4 ./src/application/rmw/r_mtr_rmw.o
                0x22000558                com_f4_mtr_j1
 .bss.com_f4_mtr_m1
                0x2200055c        0x4 ./src/application/rmw/r_mtr_rmw.o
                0x2200055c                com_f4_mtr_m1
 .bss.com_f4_mtr_lq1
                0x22000560        0x4 ./src/application/rmw/r_mtr_rmw.o
                0x22000560                com_f4_mtr_lq1
 .bss.com_f4_mtr_ld1
                0x22000564        0x4 ./src/application/rmw/r_mtr_rmw.o
                0x22000564                com_f4_mtr_ld1
 .bss.com_f4_mtr_r1
                0x22000568        0x4 ./src/application/rmw/r_mtr_rmw.o
                0x22000568                com_f4_mtr_r1
 .bss.com_u2_mtr_pp1
                0x2200056c        0x2 ./src/application/rmw/r_mtr_rmw.o
                0x2200056c                com_u2_mtr_pp1
 *fill*         0x2200056e        0x2 
 .bss.com_f4_ref_speed_rpm1
                0x22000570        0x4 ./src/application/rmw/r_mtr_rmw.o
                0x22000570                com_f4_ref_speed_rpm1
 .bss.com_f4_nominal_current
                0x22000574        0x4 ./src/application/rmw/r_mtr_rmw.o
                0x22000574                com_f4_nominal_current
 .bss.com_f4_limit_speed_change
                0x22000578        0x4 ./src/application/rmw/r_mtr_rmw.o
                0x22000578                com_f4_limit_speed_change
 .bss.com_f4_iq_limit
                0x2200057c        0x4 ./src/application/rmw/r_mtr_rmw.o
                0x2200057c                com_f4_iq_limit
 .bss.com_f4_overcurrent_limit
                0x22000580        0x4 ./src/application/rmw/r_mtr_rmw.o
                0x22000580                com_f4_overcurrent_limit
 .bss.com_f4_overspeed_limit_rpm
                0x22000584        0x4 ./src/application/rmw/r_mtr_rmw.o
                0x22000584                com_f4_overspeed_limit_rpm
 .bss.com_f4_max_speed_rpm
                0x22000588        0x4 ./src/application/rmw/r_mtr_rmw.o
                0x22000588                com_f4_max_speed_rpm
 .bss.com_f4_id_up_speed_rpm
                0x2200058c        0x4 ./src/application/rmw/r_mtr_rmw.o
                0x2200058c                com_f4_id_up_speed_rpm
 .bss.com_f4_id_down_speed_rpm
                0x22000590        0x4 ./src/application/rmw/r_mtr_rmw.o
                0x22000590                com_f4_id_down_speed_rpm
 .bss.com_f4_ol_id_down_step
                0x22000594        0x4 ./src/application/rmw/r_mtr_rmw.o
                0x22000594                com_f4_ol_id_down_step
 .bss.com_f4_ol_id_up_step
                0x22000598        0x4 ./src/application/rmw/r_mtr_rmw.o
                0x22000598                com_f4_ol_id_up_step
 .bss.com_f4_ref_id
                0x2200059c        0x4 ./src/application/rmw/r_mtr_rmw.o
                0x2200059c                com_f4_ref_id
 .bss.com_f4_pll_est_zeta
                0x220005a0        0x4 ./src/application/rmw/r_mtr_rmw.o
                0x220005a0                com_f4_pll_est_zeta
 .bss.com_f4_pll_est_omega
                0x220005a4        0x4 ./src/application/rmw/r_mtr_rmw.o
                0x220005a4                com_f4_pll_est_omega
 .bss.com_f4_e_obs_zeta
                0x220005a8        0x4 ./src/application/rmw/r_mtr_rmw.o
                0x220005a8                com_f4_e_obs_zeta
 .bss.com_f4_e_obs_omega
                0x220005ac        0x4 ./src/application/rmw/r_mtr_rmw.o
                0x220005ac                com_f4_e_obs_omega
 .bss.com_f4_speed_zeta
                0x220005b0        0x4 ./src/application/rmw/r_mtr_rmw.o
                0x220005b0                com_f4_speed_zeta
 .bss.com_f4_speed_omega
                0x220005b4        0x4 ./src/application/rmw/r_mtr_rmw.o
                0x220005b4                com_f4_speed_omega
 .bss.com_f4_current_zeta
                0x220005b8        0x4 ./src/application/rmw/r_mtr_rmw.o
                0x220005b8                com_f4_current_zeta
 .bss.com_f4_current_omega
                0x220005bc        0x4 ./src/application/rmw/r_mtr_rmw.o
                0x220005bc                com_f4_current_omega
 .bss.com_f4_mtr_j
                0x220005c0        0x4 ./src/application/rmw/r_mtr_rmw.o
                0x220005c0                com_f4_mtr_j
 .bss.com_f4_mtr_m
                0x220005c4        0x4 ./src/application/rmw/r_mtr_rmw.o
                0x220005c4                com_f4_mtr_m
 .bss.com_f4_mtr_lq
                0x220005c8        0x4 ./src/application/rmw/r_mtr_rmw.o
                0x220005c8                com_f4_mtr_lq
 .bss.com_f4_mtr_ld
                0x220005cc        0x4 ./src/application/rmw/r_mtr_rmw.o
                0x220005cc                com_f4_mtr_ld
 .bss.com_f4_mtr_r
                0x220005d0        0x4 ./src/application/rmw/r_mtr_rmw.o
                0x220005d0                com_f4_mtr_r
 .bss.com_u2_mtr_pp
                0x220005d4        0x2 ./src/application/rmw/r_mtr_rmw.o
                0x220005d4                com_u2_mtr_pp
 .bss.com_u1_torque_mode1
                0x220005d6        0x1 ./src/application/rmw/r_mtr_rmw.o
                0x220005d6                com_u1_torque_mode1
 .bss.com_u1_torque_mode
                0x220005d7        0x1 ./src/application/rmw/r_mtr_rmw.o
                0x220005d7                com_u1_torque_mode
 .bss.com_f4_min_torque_mnm1
                0x220005d8        0x4 ./src/application/rmw/r_mtr_rmw.o
                0x220005d8                com_f4_min_torque_mnm1
 .bss.com_f4_max_torque_mnm1
                0x220005dc        0x4 ./src/application/rmw/r_mtr_rmw.o
                0x220005dc                com_f4_max_torque_mnm1
 .bss.com_u1_control_mode1
                0x220005e0        0x1 ./src/application/rmw/r_mtr_rmw.o
                0x220005e0                com_u1_control_mode1
 .bss.com_u1_control_mode
                0x220005e1        0x1 ./src/application/rmw/r_mtr_rmw.o
                0x220005e1                com_u1_control_mode
 *fill*         0x220005e2        0x2 
 .bss.com_f4_torque_ref_mnm1
                0x220005e4        0x4 ./src/application/rmw/r_mtr_rmw.o
                0x220005e4                com_f4_torque_ref_mnm1
 .bss.com_f4_torque_ref_mnm
                0x220005e8        0x4 ./src/application/rmw/r_mtr_rmw.o
                0x220005e8                com_f4_torque_ref_mnm
 .bss.com_f4_ref_speed_rpm
                0x220005ec        0x4 ./src/application/rmw/r_mtr_rmw.o
                0x220005ec                com_f4_ref_speed_rpm
 .bss.g_f4_min_torque_mnm
                0x220005f0        0x4 ./src/application/rmw/r_mtr_rmw.o
                0x220005f0                g_f4_min_torque_mnm
 .bss.g_f4_max_torque_mnm
                0x220005f4        0x4 ./src/application/rmw/r_mtr_rmw.o
                0x220005f4                g_f4_max_torque_mnm
 .bss.g_f4_speed_rpm_monitor1
                0x220005f8        0x4 ./src/application/rmw/r_mtr_rmw.o
                0x220005f8                g_f4_speed_rpm_monitor1
 .bss.g_f4_ki_est_speed_monitor1
                0x220005fc        0x4 ./src/application/rmw/r_mtr_rmw.o
                0x220005fc                g_f4_ki_est_speed_monitor1
 .bss.g_f4_kp_est_speed_monitor1
                0x22000600        0x4 ./src/application/rmw/r_mtr_rmw.o
                0x22000600                g_f4_kp_est_speed_monitor1
 .bss.g_f4_k_e_obs_2_q_monitor1
                0x22000604        0x4 ./src/application/rmw/r_mtr_rmw.o
                0x22000604                g_f4_k_e_obs_2_q_monitor1
 .bss.g_f4_k_e_obs_1_q_monitor1
                0x22000608        0x4 ./src/application/rmw/r_mtr_rmw.o
                0x22000608                g_f4_k_e_obs_1_q_monitor1
 .bss.g_f4_k_e_obs_2_d_monitor1
                0x2200060c        0x4 ./src/application/rmw/r_mtr_rmw.o
                0x2200060c                g_f4_k_e_obs_2_d_monitor1
 .bss.g_f4_k_e_obs_1_d_monitor1
                0x22000610        0x4 ./src/application/rmw/r_mtr_rmw.o
                0x22000610                g_f4_k_e_obs_1_d_monitor1
 .bss.g_f4_current_ki_q_monitor1
                0x22000614        0x4 ./src/application/rmw/r_mtr_rmw.o
                0x22000614                g_f4_current_ki_q_monitor1
 .bss.g_f4_current_kp_q_monitor1
                0x22000618        0x4 ./src/application/rmw/r_mtr_rmw.o
                0x22000618                g_f4_current_kp_q_monitor1
 .bss.g_f4_current_ki_d_monitor1
                0x2200061c        0x4 ./src/application/rmw/r_mtr_rmw.o
                0x2200061c                g_f4_current_ki_d_monitor1
 .bss.g_f4_current_kp_d_monitor1
                0x22000620        0x4 ./src/application/rmw/r_mtr_rmw.o
                0x22000620                g_f4_current_kp_d_monitor1
 .bss.g_f4_speed_ki_monitor1
                0x22000624        0x4 ./src/application/rmw/r_mtr_rmw.o
                0x22000624                g_f4_speed_ki_monitor1
 .bss.g_f4_speed_kp_monitor1
                0x22000628        0x4 ./src/application/rmw/r_mtr_rmw.o
                0x22000628                g_f4_speed_kp_monitor1
 .bss.g_u1_state_speed_ref_monitor1
                0x2200062c        0x1 ./src/application/rmw/r_mtr_rmw.o
                0x2200062c                g_u1_state_speed_ref_monitor1
 .bss.g_u1_state_iq_ref_monitor1
                0x2200062d        0x1 ./src/application/rmw/r_mtr_rmw.o
                0x2200062d                g_u1_state_iq_ref_monitor1
 .bss.g_u1_state_id_ref_monitor1
                0x2200062e        0x1 ./src/application/rmw/r_mtr_rmw.o
                0x2200062e                g_u1_state_id_ref_monitor1
 *fill*         0x2200062f        0x1 
 .bss.g_f4_speed_ref_monitor1
                0x22000630        0x4 ./src/application/rmw/r_mtr_rmw.o
                0x22000630                g_f4_speed_ref_monitor1
 .bss.g_f4_speed_est_monitor1
                0x22000634        0x4 ./src/application/rmw/r_mtr_rmw.o
                0x22000634                g_f4_speed_est_monitor1
 .bss.g_f4_angle_rad_monitor1
                0x22000638        0x4 ./src/application/rmw/r_mtr_rmw.o
                0x22000638                g_f4_angle_rad_monitor1
 .bss.g_f4_phase_err_monitor1
                0x2200063c        0x4 ./src/application/rmw/r_mtr_rmw.o
                0x2200063c                g_f4_phase_err_monitor1
 .bss.g_f4_eq_monitor1
                0x22000640        0x4 ./src/application/rmw/r_mtr_rmw.o
                0x22000640                g_f4_eq_monitor1
 .bss.g_f4_ed_monitor1
                0x22000644        0x4 ./src/application/rmw/r_mtr_rmw.o
                0x22000644                g_f4_ed_monitor1
 .bss.g_f4_refw_monitor1
                0x22000648        0x4 ./src/application/rmw/r_mtr_rmw.o
                0x22000648                g_f4_refw_monitor1
 .bss.g_f4_refv_monitor1
                0x2200064c        0x4 ./src/application/rmw/r_mtr_rmw.o
                0x2200064c                g_f4_refv_monitor1
 .bss.g_f4_refu_monitor1
                0x22000650        0x4 ./src/application/rmw/r_mtr_rmw.o
                0x22000650                g_f4_refu_monitor1
 .bss.g_f4_vq_ref_monitor1
                0x22000654        0x4 ./src/application/rmw/r_mtr_rmw.o
                0x22000654                g_f4_vq_ref_monitor1
 .bss.g_f4_vd_ref_monitor1
                0x22000658        0x4 ./src/application/rmw/r_mtr_rmw.o
                0x22000658                g_f4_vd_ref_monitor1
 .bss.g_f4_vdc_ad_monitor1
                0x2200065c        0x4 ./src/application/rmw/r_mtr_rmw.o
                0x2200065c                g_f4_vdc_ad_monitor1
 .bss.g_f4_iw_ad_monitor1
                0x22000660        0x4 ./src/application/rmw/r_mtr_rmw.o
                0x22000660                g_f4_iw_ad_monitor1
 .bss.g_f4_iv_ad_monitor1
                0x22000664        0x4 ./src/application/rmw/r_mtr_rmw.o
                0x22000664                g_f4_iv_ad_monitor1
 .bss.g_f4_iu_ad_monitor1
                0x22000668        0x4 ./src/application/rmw/r_mtr_rmw.o
                0x22000668                g_f4_iu_ad_monitor1
 .bss.g_f4_iq_ad_monitor1
                0x2200066c        0x4 ./src/application/rmw/r_mtr_rmw.o
                0x2200066c                g_f4_iq_ad_monitor1
 .bss.g_f4_iq_ref_monitor1
                0x22000670        0x4 ./src/application/rmw/r_mtr_rmw.o
                0x22000670                g_f4_iq_ref_monitor1
 .bss.g_f4_id_ad_monitor1
                0x22000674        0x4 ./src/application/rmw/r_mtr_rmw.o
                0x22000674                g_f4_id_ad_monitor1
 .bss.g_f4_id_ref_monitor1
                0x22000678        0x4 ./src/application/rmw/r_mtr_rmw.o
                0x22000678                g_f4_id_ref_monitor1
 .bss.g_f4_speed_rpm_monitor
                0x2200067c        0x4 ./src/application/rmw/r_mtr_rmw.o
                0x2200067c                g_f4_speed_rpm_monitor
 .bss.g_f4_ki_est_speed_monitor
                0x22000680        0x4 ./src/application/rmw/r_mtr_rmw.o
                0x22000680                g_f4_ki_est_speed_monitor
 .bss.g_f4_kp_est_speed_monitor
                0x22000684        0x4 ./src/application/rmw/r_mtr_rmw.o
                0x22000684                g_f4_kp_est_speed_monitor
 .bss.g_f4_k_e_obs_2_q_monitor
                0x22000688        0x4 ./src/application/rmw/r_mtr_rmw.o
                0x22000688                g_f4_k_e_obs_2_q_monitor
 .bss.g_f4_k_e_obs_1_q_monitor
                0x2200068c        0x4 ./src/application/rmw/r_mtr_rmw.o
                0x2200068c                g_f4_k_e_obs_1_q_monitor
 .bss.g_f4_k_e_obs_2_d_monitor
                0x22000690        0x4 ./src/application/rmw/r_mtr_rmw.o
                0x22000690                g_f4_k_e_obs_2_d_monitor
 .bss.g_f4_k_e_obs_1_d_monitor
                0x22000694        0x4 ./src/application/rmw/r_mtr_rmw.o
                0x22000694                g_f4_k_e_obs_1_d_monitor
 .bss.g_f4_current_ki_q_monitor
                0x22000698        0x4 ./src/application/rmw/r_mtr_rmw.o
                0x22000698                g_f4_current_ki_q_monitor
 .bss.g_f4_current_kp_q_monitor
                0x2200069c        0x4 ./src/application/rmw/r_mtr_rmw.o
                0x2200069c                g_f4_current_kp_q_monitor
 .bss.g_f4_current_ki_d_monitor
                0x220006a0        0x4 ./src/application/rmw/r_mtr_rmw.o
                0x220006a0                g_f4_current_ki_d_monitor
 .bss.g_f4_current_kp_d_monitor
                0x220006a4        0x4 ./src/application/rmw/r_mtr_rmw.o
                0x220006a4                g_f4_current_kp_d_monitor
 .bss.g_f4_speed_ki_monitor
                0x220006a8        0x4 ./src/application/rmw/r_mtr_rmw.o
                0x220006a8                g_f4_speed_ki_monitor
 .bss.g_f4_speed_kp_monitor
                0x220006ac        0x4 ./src/application/rmw/r_mtr_rmw.o
                0x220006ac                g_f4_speed_kp_monitor
 .bss.g_u1_state_speed_ref_monitor
                0x220006b0        0x1 ./src/application/rmw/r_mtr_rmw.o
                0x220006b0                g_u1_state_speed_ref_monitor
 .bss.g_u1_state_iq_ref_monitor
                0x220006b1        0x1 ./src/application/rmw/r_mtr_rmw.o
                0x220006b1                g_u1_state_iq_ref_monitor
 .bss.g_u1_state_id_ref_monitor
                0x220006b2        0x1 ./src/application/rmw/r_mtr_rmw.o
                0x220006b2                g_u1_state_id_ref_monitor
 *fill*         0x220006b3        0x1 
 .bss.g_f4_speed_ref_monitor
                0x220006b4        0x4 ./src/application/rmw/r_mtr_rmw.o
                0x220006b4                g_f4_speed_ref_monitor
 .bss.g_f4_speed_est_monitor
                0x220006b8        0x4 ./src/application/rmw/r_mtr_rmw.o
                0x220006b8                g_f4_speed_est_monitor
 .bss.g_f4_angle_rad_monitor
                0x220006bc        0x4 ./src/application/rmw/r_mtr_rmw.o
                0x220006bc                g_f4_angle_rad_monitor
 .bss.g_f4_phase_err_monitor
                0x220006c0        0x4 ./src/application/rmw/r_mtr_rmw.o
                0x220006c0                g_f4_phase_err_monitor
 .bss.g_f4_eq_monitor
                0x220006c4        0x4 ./src/application/rmw/r_mtr_rmw.o
                0x220006c4                g_f4_eq_monitor
 .bss.g_f4_ed_monitor
                0x220006c8        0x4 ./src/application/rmw/r_mtr_rmw.o
                0x220006c8                g_f4_ed_monitor
 .bss.g_f4_refw_monitor
                0x220006cc        0x4 ./src/application/rmw/r_mtr_rmw.o
                0x220006cc                g_f4_refw_monitor
 .bss.g_f4_refv_monitor
                0x220006d0        0x4 ./src/application/rmw/r_mtr_rmw.o
                0x220006d0                g_f4_refv_monitor
 .bss.g_f4_refu_monitor
                0x220006d4        0x4 ./src/application/rmw/r_mtr_rmw.o
                0x220006d4                g_f4_refu_monitor
 .bss.g_f4_vq_ref_monitor
                0x220006d8        0x4 ./src/application/rmw/r_mtr_rmw.o
                0x220006d8                g_f4_vq_ref_monitor
 .bss.g_f4_vd_ref_monitor
                0x220006dc        0x4 ./src/application/rmw/r_mtr_rmw.o
                0x220006dc                g_f4_vd_ref_monitor
 .bss.g_f4_vdc_ad_monitor
                0x220006e0        0x4 ./src/application/rmw/r_mtr_rmw.o
                0x220006e0                g_f4_vdc_ad_monitor
 .bss.g_f4_iw_ad_monitor
                0x220006e4        0x4 ./src/application/rmw/r_mtr_rmw.o
                0x220006e4                g_f4_iw_ad_monitor
 .bss.g_f4_iv_ad_monitor
                0x220006e8        0x4 ./src/application/rmw/r_mtr_rmw.o
                0x220006e8                g_f4_iv_ad_monitor
 .bss.g_f4_iu_ad_monitor
                0x220006ec        0x4 ./src/application/rmw/r_mtr_rmw.o
                0x220006ec                g_f4_iu_ad_monitor
 .bss.g_f4_iq_ad_monitor
                0x220006f0        0x4 ./src/application/rmw/r_mtr_rmw.o
                0x220006f0                g_f4_iq_ad_monitor
 .bss.g_f4_iq_ref_monitor
                0x220006f4        0x4 ./src/application/rmw/r_mtr_rmw.o
                0x220006f4                g_f4_iq_ref_monitor
 .bss.g_f4_id_ad_monitor
                0x220006f8        0x4 ./src/application/rmw/r_mtr_rmw.o
                0x220006f8                g_f4_id_ad_monitor
 .bss.g_f4_id_ref_monitor
                0x220006fc        0x4 ./src/application/rmw/r_mtr_rmw.o
                0x220006fc                g_f4_id_ref_monitor
 .bss.u1_cnt_ics
                0x22000700        0x1 ./src/application/rmw/r_mtr_rmw.o
 .bss.u1_init_flag
                0x22000701        0x1 ./src/application/main/mtr_main.o
 *fill*         0x22000702        0x2 
 .bss.g_user_motor_current1_design_parameter
                0x22000704        0x8 ./src/application/main/mtr_main.o
                0x22000704                g_user_motor_current1_design_parameter
 .bss.g_user_motor_current1_motor_parameter
                0x2200070c       0x18 ./src/application/main/mtr_main.o
                0x2200070c                g_user_motor_current1_motor_parameter
 .bss.g_user_motor_driver1_extended_cfg
                0x22000724       0x6c ./src/application/main/mtr_main.o
                0x22000724                g_user_motor_driver1_extended_cfg
 .bss.g_user_motor_driver1_cfg
                0x22000790       0x24 ./src/application/main/mtr_main.o
                0x22000790                g_user_motor_driver1_cfg
 .bss.g_user_motor_estimate1_extended_cfg
                0x220007b4       0x34 ./src/application/main/mtr_main.o
                0x220007b4                g_user_motor_estimate1_extended_cfg
 .bss.g_user_motor_angle1_cfg
                0x220007e8        0x8 ./src/application/main/mtr_main.o
                0x220007e8                g_user_motor_angle1_cfg
 .bss.g_user_motor_current1_extended_cfg
                0x220007f0       0x44 ./src/application/main/mtr_main.o
                0x220007f0                g_user_motor_current1_extended_cfg
 .bss.g_user_motor_current1_cfg
                0x22000834       0x14 ./src/application/main/mtr_main.o
                0x22000834                g_user_motor_current1_cfg
 .bss.g_user_motor_speed1_extended_cfg
                0x22000848       0xac ./src/application/main/mtr_main.o
                0x22000848                g_user_motor_speed1_extended_cfg
 .bss.g_user_motor_speed1_cfg
                0x220008f4       0x1c ./src/application/main/mtr_main.o
                0x220008f4                g_user_motor_speed1_cfg
 .bss.g_user_motor_sensorless1_extended_cfg
                0x22000910       0x10 ./src/application/main/mtr_main.o
                0x22000910                g_user_motor_sensorless1_extended_cfg
 .bss.p_user_motor1_instance_ctrl
                0x22000920        0x4 ./src/application/main/mtr_main.o
                0x22000920                p_user_motor1_instance_ctrl
 .bss.g_user_motor1_cfg
                0x22000924       0x14 ./src/application/main/mtr_main.o
                0x22000924                g_user_motor1_cfg
 .bss.p_motor1_instance
                0x22000938        0x4 ./src/application/main/mtr_main.o
                0x22000938                p_motor1_instance
 .bss.g_user_motor_current_design_parameter
                0x2200093c        0x8 ./src/application/main/mtr_main.o
                0x2200093c                g_user_motor_current_design_parameter
 .bss.g_user_motor_current_motor_parameter
                0x22000944       0x18 ./src/application/main/mtr_main.o
                0x22000944                g_user_motor_current_motor_parameter
 .bss.g_user_motor_driver_extended_cfg
                0x2200095c       0x6c ./src/application/main/mtr_main.o
                0x2200095c                g_user_motor_driver_extended_cfg
 .bss.g_user_motor_driver_cfg
                0x220009c8       0x24 ./src/application/main/mtr_main.o
                0x220009c8                g_user_motor_driver_cfg
 .bss.g_user_motor_estimate_extended_cfg
                0x220009ec       0x34 ./src/application/main/mtr_main.o
                0x220009ec                g_user_motor_estimate_extended_cfg
 .bss.g_user_motor_angle_cfg
                0x22000a20        0x8 ./src/application/main/mtr_main.o
                0x22000a20                g_user_motor_angle_cfg
 .bss.g_user_motor_current_extended_cfg
                0x22000a28       0x44 ./src/application/main/mtr_main.o
                0x22000a28                g_user_motor_current_extended_cfg
 .bss.g_user_motor_current_cfg
                0x22000a6c       0x14 ./src/application/main/mtr_main.o
                0x22000a6c                g_user_motor_current_cfg
 .bss.g_user_motor_speed_extended_cfg
                0x22000a80       0xac ./src/application/main/mtr_main.o
                0x22000a80                g_user_motor_speed_extended_cfg
 .bss.g_user_motor_speed_cfg
                0x22000b2c       0x1c ./src/application/main/mtr_main.o
                0x22000b2c                g_user_motor_speed_cfg
 .bss.g_user_motor_sensorless_extended_cfg
                0x22000b48       0x10 ./src/application/main/mtr_main.o
                0x22000b48                g_user_motor_sensorless_extended_cfg
 .bss.p_user_motor_instance_ctrl
                0x22000b58        0x4 ./src/application/main/mtr_main.o
                0x22000b58                p_user_motor_instance_ctrl
 .bss.g_user_motor_cfg
                0x22000b5c       0x14 ./src/application/main/mtr_main.o
                0x22000b5c                g_user_motor_cfg
 .bss.p_motor_instance
                0x22000b70        0x4 ./src/application/main/mtr_main.o
                0x22000b70                p_motor_instance
 .bss.g_u1_sw_cnt1
                0x22000b74        0x1 ./src/application/main/mtr_main.o
                0x22000b74                g_u1_sw_cnt1
 .bss.g_u1_sw_cnt
                0x22000b75        0x1 ./src/application/main/mtr_main.o
                0x22000b75                g_u1_sw_cnt
 .bss.g_u1_reset_req1
                0x22000b76        0x1 ./src/application/main/mtr_main.o
                0x22000b76                g_u1_reset_req1
 .bss.g_u1_reset_req
                0x22000b77        0x1 ./src/application/main/mtr_main.o
                0x22000b77                g_u1_reset_req
 .bss.g_u1_conf_inverter
                0x22000b78        0x8 ./src/application/main/mtr_main.o
                0x22000b78                g_u1_conf_inverter
 .bss.g_u1_conf_control
                0x22000b80       0x29 ./src/application/main/mtr_main.o
                0x22000b80                g_u1_conf_control
 *fill*         0x22000ba9        0x7 
 .bss.g_u1_conf_motor_type
                0x22000bb0       0x19 ./src/application/main/mtr_main.o
                0x22000bb0                g_u1_conf_motor_type
 .bss.g_u1_conf_inverter_len
                0x22000bc9        0x1 ./src/application/main/mtr_main.o
                0x22000bc9                g_u1_conf_inverter_len
 .bss.g_u1_conf_control_len
                0x22000bca        0x1 ./src/application/main/mtr_main.o
                0x22000bca                g_u1_conf_control_len
 .bss.g_u1_conf_motor_type_len
                0x22000bcb        0x1 ./src/application/main/mtr_main.o
                0x22000bcb                g_u1_conf_motor_type_len
 .bss.g_u2_conf_tool
                0x22000bcc        0x2 ./src/application/main/mtr_main.o
                0x22000bcc                g_u2_conf_tool
 .bss.g_u2_conf_sw
                0x22000bce        0x2 ./src/application/main/mtr_main.o
                0x22000bce                g_u2_conf_sw
 .bss.g_u2_conf_hw
                0x22000bd0        0x2 ./src/application/main/mtr_main.o
                0x22000bd0                g_u2_conf_hw
 .bss.g_u2_vr2_ad
                0x22000bd2        0x2 ./src/application/main/mtr_main.o
                0x22000bd2                g_u2_vr2_ad
 .bss.g_u2_vr1_ad
                0x22000bd4        0x2 ./src/application/main/mtr_main.o
                0x22000bd4                g_u2_vr1_ad
 .bss.g_u2_chk_error1
                0x22000bd6        0x2 ./src/application/main/mtr_main.o
                0x22000bd6                g_u2_chk_error1
 .bss.g_u2_chk_error
                0x22000bd8        0x2 ./src/application/main/mtr_main.o
                0x22000bd8                g_u2_chk_error
 .bss.g_u1_stop_req1
                0x22000bda        0x1 ./src/application/main/mtr_main.o
                0x22000bda                g_u1_stop_req1
 .bss.g_u1_stop_req
                0x22000bdb        0x1 ./src/application/main/mtr_main.o
                0x22000bdb                g_u1_stop_req
 .bss.g_u2_max_speed_rpm1
                0x22000bdc        0x2 ./src/application/main/mtr_main.o
                0x22000bdc                g_u2_max_speed_rpm1
 .bss.g_u2_max_speed_rpm
                0x22000bde        0x2 ./src/application/main/mtr_main.o
                0x22000bde                g_u2_max_speed_rpm
 .bss.g_u1_mode_system1
                0x22000be0        0x1 ./src/application/main/mtr_main.o
                0x22000be0                g_u1_mode_system1
 .bss.g_u1_mode_system
                0x22000be1        0x1 ./src/application/main/mtr_main.o
                0x22000be1                g_u1_mode_system
 .bss.com_u1_mode_system1
                0x22000be2        0x1 ./src/application/main/mtr_main.o
                0x22000be2                com_u1_mode_system1
 .bss.com_u1_mode_system
                0x22000be3        0x1 ./src/application/main/mtr_main.o
                0x22000be3                com_u1_mode_system
 .bss.com_u1_both_mode_system
                0x22000be4        0x1 ./src/application/main/mtr_main.o
                0x22000be4                com_u1_both_mode_system
 .bss.g_u1_sw_userif
                0x22000be5        0x1 ./src/application/main/mtr_main.o
                0x22000be5                g_u1_sw_userif
 .bss.com_u1_sw_userif
                0x22000be6        0x1 ./src/application/main/mtr_main.o
                0x22000be6                com_u1_sw_userif
 .bss.g_u1_motor_status1
                0x22000be7        0x1 ./src/application/main/mtr_main.o
                0x22000be7                g_u1_motor_status1
 .bss.g_u1_motor_status
                0x22000be8        0x1 ./src/application/main/mtr_main.o
                0x22000be8                g_u1_motor_status
 *fill*         0x22000be9        0x3 
 .bss.g_ioport_ctrl
                0x22000bec        0x8 ./ra_gen/common_data.o
                0x22000bec                g_ioport_ctrl
 .bss.g_motor_adc_shared0_instance_ctrl
                0x22000bf4       0x10 ./ra_gen/common_data.o
                0x22000bf4                g_motor_adc_shared0_instance_ctrl
 .bss.g_adc0_ctrl
                0x22000c04       0x28 ./ra_gen/common_data.o
                0x22000c04                g_adc0_ctrl
 .bss.g_poeg0_ctrl
                0x22000c2c       0x18 ./ra_gen/hal_data.o
                0x22000c2c                g_poeg0_ctrl
 .bss.g_motor_sensorless0_ctrl
                0x22000c44       0xa0 ./ra_gen/hal_data.o
                0x22000c44                g_motor_sensorless0_ctrl
 .bss.g_motor_speed0_ctrl
                0x22000ce4      0x198 ./ra_gen/hal_data.o
                0x22000ce4                g_motor_speed0_ctrl
 .bss.g_timer6_ctrl
                0x22000e7c       0x20 ./ra_gen/hal_data.o
                0x22000e7c                g_timer6_ctrl
 *fill*         0x22000e9c        0x4 
 .bss.g_motor_current0_ctrl
                0x22000ea0      0x11c ./ra_gen/hal_data.o
                0x22000ea0                g_motor_current0_ctrl
 *fill*         0x22000fbc        0x4 
 .bss.g_motor_driver0_ctrl
                0x22000fc0       0xa8 ./ra_gen/hal_data.o
                0x22000fc0                g_motor_driver0_ctrl
 .bss.g_three_phase0_ctrl
                0x22001068       0x1c ./ra_gen/hal_data.o
                0x22001068                g_three_phase0_ctrl
 .bss.g_timer0_ctrl
                0x22001084       0x20 ./ra_gen/hal_data.o
                0x22001084                g_timer0_ctrl
 .bss.g_timer2_ctrl
                0x220010a4       0x20 ./ra_gen/hal_data.o
                0x220010a4                g_timer2_ctrl
 .bss.g_timer1_ctrl
                0x220010c4       0x20 ./ra_gen/hal_data.o
                0x220010c4                g_timer1_ctrl
 .bss.g_motor_angle0_ctrl
                0x220010e4       0x9c ./ra_gen/hal_data.o
                0x220010e4                g_motor_angle0_ctrl
 .bss.g_poeg1_ctrl
                0x22001180       0x18 ./ra_gen/hal_data.o
                0x22001180                g_poeg1_ctrl
 .bss.g_motor_sensorless1_ctrl
                0x22001198       0xa0 ./ra_gen/hal_data.o
                0x22001198                g_motor_sensorless1_ctrl
 .bss.g_motor_speed1_ctrl
                0x22001238      0x198 ./ra_gen/hal_data.o
                0x22001238                g_motor_speed1_ctrl
 .bss.g_timer7_ctrl
                0x220013d0       0x20 ./ra_gen/hal_data.o
                0x220013d0                g_timer7_ctrl
 .bss.g_motor_current1_ctrl
                0x220013f0      0x11c ./ra_gen/hal_data.o
                0x220013f0                g_motor_current1_ctrl
 *fill*         0x2200150c        0x4 
 .bss.g_motor_driver1_ctrl
                0x22001510       0xa8 ./ra_gen/hal_data.o
                0x22001510                g_motor_driver1_ctrl
 .bss.g_three_phase1_ctrl
                0x220015b8       0x1c ./ra_gen/hal_data.o
                0x220015b8                g_three_phase1_ctrl
 .bss.g_timer3_ctrl
                0x220015d4       0x20 ./ra_gen/hal_data.o
                0x220015d4                g_timer3_ctrl
 .bss.g_timer5_ctrl
                0x220015f4       0x20 ./ra_gen/hal_data.o
                0x220015f4                g_timer5_ctrl
 .bss.g_timer4_ctrl
                0x22001614       0x20 ./ra_gen/hal_data.o
                0x22001614                g_timer4_ctrl
 .bss.g_motor_angle1_ctrl
                0x22001634       0x9c ./ra_gen/hal_data.o
                0x22001634                g_motor_angle1_ctrl
 .bss.gp_prv_agt_periods
                0x220016d0        0x8 ./ra/fsp/src/r_agt/r_agt.o
 .bss.g_bsp_group_irq_sources
                0x220016d8       0x54 ./ra/fsp/src/bsp/mcu/all/bsp_group_irq.o
                0x220016d8                g_bsp_group_irq_sources
 .bss.g_protect_pfswe_counter
                0x2200172c        0x4 ./ra/fsp/src/bsp/mcu/all/bsp_io.o
                0x2200172c                g_protect_pfswe_counter
 .bss.gp_renesas_isr_context
                0x22001730       0x20 ./ra/fsp/src/bsp/mcu/all/bsp_irq.o
                0x22001730                gp_renesas_isr_context
 .bss.g_protect_counters
                0x22001750        0xa ./ra/fsp/src/bsp/mcu/all/bsp_register_protection.o
                0x22001750                g_protect_counters
 *fill*         0x2200175a        0x2 
 .bss.SystemCoreClock
                0x2200175c        0x4 ./ra/fsp/src/bsp/cmsis/Device/RENESAS/Source/system.o
                0x2200175c                SystemCoreClock
 .bss.ics_tmode
                0x22001760        0x1 C:/test_workspace/micro_dyno projects/r01an6421xx0131-ra-sensorless-foc-2motor/r01an6421xx0131-ra-sensorless-foc-2motor/workspace/RA8T2_MCILV1_2SPM_LESS_FOC_E2S_V101/src/application/rmw/ICS2_RA8T2.o
 .bss.ics_port_h4
                0x22001761        0x1 C:/test_workspace/micro_dyno projects/r01an6421xx0131-ra-sensorless-foc-2motor/r01an6421xx0131-ra-sensorless-foc-2motor/workspace/RA8T2_MCILV1_2SPM_LESS_FOC_E2S_V101/src/application/rmw/ICS2_RA8T2.o
 .bss.ics_even  0x22001762        0x1 C:/test_workspace/micro_dyno projects/r01an6421xx0131-ra-sensorless-foc-2motor/r01an6421xx0131-ra-sensorless-foc-2motor/workspace/RA8T2_MCILV1_2SPM_LESS_FOC_E2S_V101/src/application/rmw/ICS2_RA8T2.o
 .bss.ics_rcom  0x22001763        0x1 C:/test_workspace/micro_dyno projects/r01an6421xx0131-ra-sensorless-foc-2motor/r01an6421xx0131-ra-sensorless-foc-2motor/workspace/RA8T2_MCILV1_2SPM_LESS_FOC_E2S_V101/src/application/rmw/ICS2_RA8T2.o
 .bss.ics_rsum  0x22001764        0x1 C:/test_workspace/micro_dyno projects/r01an6421xx0131-ra-sensorless-foc-2motor/r01an6421xx0131-ra-sensorless-foc-2motor/workspace/RA8T2_MCILV1_2SPM_LESS_FOC_E2S_V101/src/application/rmw/ICS2_RA8T2.o
 .bss.ics_rx_cnt
                0x22001765        0x1 C:/test_workspace/micro_dyno projects/r01an6421xx0131-ra-sensorless-foc-2motor/r01an6421xx0131-ra-sensorless-foc-2motor/workspace/RA8T2_MCILV1_2SPM_LESS_FOC_E2S_V101/src/application/rmw/ICS2_RA8T2.o
 .bss.ics_wready
                0x22001766        0x2 C:/test_workspace/micro_dyno projects/r01an6421xx0131-ra-sensorless-foc-2motor/r01an6421xx0131-ra-sensorless-foc-2motor/workspace/RA8T2_MCILV1_2SPM_LESS_FOC_E2S_V101/src/application/rmw/ICS2_RA8T2.o
 .bss.wbuf      0x22001768       0x14 C:/test_workspace/micro_dyno projects/r01an6421xx0131-ra-sensorless-foc-2motor/r01an6421xx0131-ra-sensorless-foc-2motor/workspace/RA8T2_MCILV1_2SPM_LESS_FOC_E2S_V101/src/application/rmw/ICS2_RA8T2.o
 *fill*         0x2200177c        0x4 
 .bss.ics_tx    0x22001780       0x14 C:/test_workspace/micro_dyno projects/r01an6421xx0131-ra-sensorless-foc-2motor/r01an6421xx0131-ra-sensorless-foc-2motor/workspace/RA8T2_MCILV1_2SPM_LESS_FOC_E2S_V101/src/application/rmw/ICS2_RA8T2.o
 .bss.ics_data2
                0x22001794        0x4 C:/test_workspace/micro_dyno projects/r01an6421xx0131-ra-sensorless-foc-2motor/r01an6421xx0131-ra-sensorless-foc-2motor/workspace/RA8T2_MCILV1_2SPM_LESS_FOC_E2S_V101/src/application/rmw/ICS2_RA8T2.o
 .bss.ics_data1
                0x22001798        0x4 C:/test_workspace/micro_dyno projects/r01an6421xx0131-ra-sensorless-foc-2motor/r01an6421xx0131-ra-sensorless-foc-2motor/workspace/RA8T2_MCILV1_2SPM_LESS_FOC_E2S_V101/src/application/rmw/ICS2_RA8T2.o
 *fill*         0x2200179c        0x4 
 .bss.ics_buf2nd
                0x220017a0       0x20 C:/test_workspace/micro_dyno projects/r01an6421xx0131-ra-sensorless-foc-2motor/r01an6421xx0131-ra-sensorless-foc-2motor/workspace/RA8T2_MCILV1_2SPM_LESS_FOC_E2S_V101/src/application/rmw/ICS2_RA8T2.o
 .bss.ics_waddr
                0x220017c0       0x30 C:/test_workspace/micro_dyno projects/r01an6421xx0131-ra-sensorless-foc-2motor/r01an6421xx0131-ra-sensorless-foc-2motor/workspace/RA8T2_MCILV1_2SPM_LESS_FOC_E2S_V101/src/application/rmw/ICS2_RA8T2.o
 .bss.ICS_UARTx
                0x220017f0        0x4 C:/test_workspace/micro_dyno projects/r01an6421xx0131-ra-sensorless-foc-2motor/r01an6421xx0131-ra-sensorless-foc-2motor/workspace/RA8T2_MCILV1_2SPM_LESS_FOC_E2S_V101/src/application/rmw/ICS2_RA8T2.o
                0x220017f0                ICS_UARTx
 .bss.__sf      0x220017f4      0x138 C:/Program Files (x86)/Arm GNU Toolchain arm-none-eabi/13.2 Rel1/bin/../lib/gcc/arm-none-eabi/13.2.1/thumb/v8-m.main+dp/hard\libg_nano.a(libc_a-findfp.o)
                0x220017f4                __sf
                0x2200192c                        __ram_zero$$Limit = .

__ram_thread_stack$$
                0x22001930        0x0 load address 0x020000f8
                0x22001930                        __ram_thread_stack$$Base = .
 *(.stack?*)
                0x22001930                        __ram_thread_stack$$Limit = .

.ram.endof      0x22002000        0x0
                0x22002000                        __ddsc_RAM_END = .

.ram.flat_nsc   0x22002000        0x0
                0x22002000                        __sau_ddsc_RAM_NSC = .

__flash_readonly$$
                0x020000f8     0xa688
                0x020000f8                        __flash_readonly$$Base = .
 *(.flash)
 *(.flash_code)
 *(.text*)
 .text.deregister_tm_clones
                0x020000f8       0x1c C:/Program Files (x86)/Arm GNU Toolchain arm-none-eabi/13.2 Rel1/bin/../lib/gcc/arm-none-eabi/13.2.1/thumb/v8-m.main+dp/hard/crtbegin.o
 .text.register_tm_clones
                0x02000114       0x28 C:/Program Files (x86)/Arm GNU Toolchain arm-none-eabi/13.2 Rel1/bin/../lib/gcc/arm-none-eabi/13.2.1/thumb/v8-m.main+dp/hard/crtbegin.o
 .text.__do_global_dtors_aux
                0x0200013c       0x28 C:/Program Files (x86)/Arm GNU Toolchain arm-none-eabi/13.2 Rel1/bin/../lib/gcc/arm-none-eabi/13.2.1/thumb/v8-m.main+dp/hard/crtbegin.o
 .text.frame_dummy
                0x02000164       0x24 C:/Program Files (x86)/Arm GNU Toolchain arm-none-eabi/13.2 Rel1/bin/../lib/gcc/arm-none-eabi/13.2.1/thumb/v8-m.main+dp/hard/crtbegin.o
 .text.mtr_set_com_variables
                0x02000188      0x6f4 ./src/application/rmw/r_mtr_rmw.o
                0x02000188                mtr_set_com_variables
 .text.mtr_ics_variables_init
                0x0200087c      0x380 ./src/application/rmw/r_mtr_rmw.o
                0x0200087c                mtr_ics_variables_init
 .text.mtr_ics_interrupt_process
                0x02000bfc      0x464 ./src/application/rmw/r_mtr_rmw.o
                0x02000bfc                mtr_ics_interrupt_process
 .text.mtr_remove_sw_chattering
                0x02001060       0x4c ./src/application/main/mtr_main.o
 .text.mtr_ics_mode_control
                0x020010ac      0x104 ./src/application/main/mtr_main.o
 .text.mtr_set_reference.part.0
                0x020011b0       0xc8 ./src/application/main/mtr_main.o
 .text.mtr_board_led_control
                0x02001278      0x11c ./src/application/main/mtr_main.o
 .text.mtr_board_mode_control
                0x02001394      0x18c ./src/application/main/mtr_main.o
 .text.mtr_init
                0x02001520      0x504 ./src/application/main/mtr_main.o
                0x02001520                mtr_init
 .text.mtr_main
                0x02001a24       0x94 ./src/application/main/mtr_main.o
                0x02001a24                mtr_main
 .text.g_poe_overcurrent0
                0x02001ab8       0x34 ./src/application/main/mtr_main.o
                0x02001ab8                g_poe_overcurrent0
 .text.g_poe_overcurrent1
                0x02001aec       0x34 ./src/application/main/mtr_main.o
                0x02001aec                g_poe_overcurrent1
 .text.mtr_callback_event0
                0x02001b20       0x80 ./src/application/main/mtr_main.o
                0x02001b20                mtr_callback_event0
 .text.mtr_callback_event1
                0x02001ba0       0x78 ./src/application/main/mtr_main.o
                0x02001ba0                mtr_callback_event1
 .text.hal_entry
                0x02001c18       0x18 ./src/hal_entry.o
                0x02001c18                hal_entry
 .text.R_BSP_WarmStart
                0x02001c30       0x18 ./src/hal_entry.o
                0x02001c30                R_BSP_WarmStart
 .text.startup.main
                0x02001c48        0xc ./ra_gen/main.o
                0x02001c48                main
 .text.RM_MOTOR_SPEED_Run
                0x02001c54        0xc ./ra/fsp/src/rm_motor_speed/rm_motor_speed.o
                0x02001c54                RM_MOTOR_SPEED_Run
 .text.RM_MOTOR_SPEED_SpeedReferenceSet
                0x02001c60       0x14 ./ra/fsp/src/rm_motor_speed/rm_motor_speed.o
                0x02001c60                RM_MOTOR_SPEED_SpeedReferenceSet
 .text.RM_MOTOR_SPEED_TorqueReferenceSet
                0x02001c74       0x40 ./ra/fsp/src/rm_motor_speed/rm_motor_speed.o
                0x02001c74                RM_MOTOR_SPEED_TorqueReferenceSet
 .text.RM_MOTOR_SPEED_PositionReferenceSet
                0x02001cb4        0xc ./ra/fsp/src/rm_motor_speed/rm_motor_speed.o
                0x02001cb4                RM_MOTOR_SPEED_PositionReferenceSet
 .text.RM_MOTOR_SPEED_ParameterSet
                0x02001cc0       0x28 ./ra/fsp/src/rm_motor_speed/rm_motor_speed.o
                0x02001cc0                RM_MOTOR_SPEED_ParameterSet
 .text.RM_MOTOR_SPEED_ParameterGet
                0x02001ce8       0x38 ./ra/fsp/src/rm_motor_speed/rm_motor_speed.o
                0x02001ce8                RM_MOTOR_SPEED_ParameterGet
 .text.RM_MOTOR_SPEED_Open
                0x02001d20      0x1d0 ./ra/fsp/src/rm_motor_speed/rm_motor_speed.o
                0x02001d20                RM_MOTOR_SPEED_Open
 .text.RM_MOTOR_SPEED_ParameterUpdate
                0x02001ef0      0x154 ./ra/fsp/src/rm_motor_speed/rm_motor_speed.o
                0x02001ef0                RM_MOTOR_SPEED_ParameterUpdate
 .text.RM_MOTOR_SPEED_Close
                0x02002044       0x44 ./ra/fsp/src/rm_motor_speed/rm_motor_speed.o
                0x02002044                RM_MOTOR_SPEED_Close
 .text.RM_MOTOR_SPEED_Reset
                0x02002088       0x88 ./ra/fsp/src/rm_motor_speed/rm_motor_speed.o
                0x02002088                RM_MOTOR_SPEED_Reset
 .text.rm_motor_speed_speed_rate_limit
                0x02002110       0x60 ./ra/fsp/src/rm_motor_speed/rm_motor_speed.o
 .text.RM_MOTOR_SPEED_ControlModeSet
                0x02002170       0x24 ./ra/fsp/src/rm_motor_speed/rm_motor_speed.o
                0x02002170                RM_MOTOR_SPEED_ControlModeSet
 .text.rm_motor_speed_get_startup_current
                0x02002194       0x78 ./ra/fsp/src/rm_motor_speed/rm_motor_speed.o
 .text.RM_MOTOR_SPEED_SpeedControl
                0x0200220c      0x7ec ./ra/fsp/src/rm_motor_speed/rm_motor_speed.o
                0x0200220c                RM_MOTOR_SPEED_SpeedControl
 .text.rm_motor_speed_cyclic
                0x020029f8       0x68 ./ra/fsp/src/rm_motor_speed/rm_motor_speed.o
                0x020029f8                rm_motor_speed_cyclic
 .text.RM_MOTOR_SENSORLESS_Open
                0x02002a60       0x54 ./ra/fsp/src/rm_motor_sensorless/rm_motor_sensorless.o
                0x02002a60                RM_MOTOR_SENSORLESS_Open
 .text.RM_MOTOR_SENSORLESS_Close
                0x02002ab4       0x48 ./ra/fsp/src/rm_motor_sensorless/rm_motor_sensorless.o
                0x02002ab4                RM_MOTOR_SENSORLESS_Close
 .text.RM_MOTOR_SENSORLESS_SpeedSet
                0x02002afc       0x14 ./ra/fsp/src/rm_motor_sensorless/rm_motor_sensorless.o
                0x02002afc                RM_MOTOR_SENSORLESS_SpeedSet
 .text.RM_MOTOR_SENSORLESS_StatusGet
                0x02002b10        0xc ./ra/fsp/src/rm_motor_sensorless/rm_motor_sensorless.o
                0x02002b10                RM_MOTOR_SENSORLESS_StatusGet
 .text.RM_MOTOR_SENSORLESS_AngleGet
                0x02002b1c       0x24 ./ra/fsp/src/rm_motor_sensorless/rm_motor_sensorless.o
                0x02002b1c                RM_MOTOR_SENSORLESS_AngleGet
 .text.RM_MOTOR_SENSORLESS_SpeedGet
                0x02002b40       0x24 ./ra/fsp/src/rm_motor_sensorless/rm_motor_sensorless.o
                0x02002b40                RM_MOTOR_SENSORLESS_SpeedGet
 .text.RM_MOTOR_SENSORLESS_PositionSet
                0x02002b64        0x4 ./ra/fsp/src/rm_motor_sensorless/rm_motor_sensorless.o
                0x02002b64                RM_MOTOR_SENSORLESS_PositionSet
 .text.RM_MOTOR_SENSORLESS_FunctionSelect
                0x02002b68        0x4 ./ra/fsp/src/rm_motor_sensorless/rm_motor_sensorless.o
                0x02002b68                RM_MOTOR_SENSORLESS_FunctionSelect
 .text.rm_motor_sensorless_active
                0x02002b6c       0x28 ./ra/fsp/src/rm_motor_sensorless/rm_motor_sensorless.o
 .text.rm_motor_sensorless_inactive
                0x02002b94       0x28 ./ra/fsp/src/rm_motor_sensorless/rm_motor_sensorless.o
 .text.rm_motor_sensorless_nowork
                0x02002bbc        0x4 ./ra/fsp/src/rm_motor_sensorless/rm_motor_sensorless.o
 .text.rm_motor_sensorless_reset
                0x02002bc0       0x28 ./ra/fsp/src/rm_motor_sensorless/rm_motor_sensorless.o
 .text.rm_motor_sensorless_error
                0x02002be8        0x4 ./ra/fsp/src/rm_motor_sensorless/rm_motor_sensorless.o
 .text.rm_motor_sensorless_statemachine_event.isra.0
                0x02002bec       0x50 ./ra/fsp/src/rm_motor_sensorless/rm_motor_sensorless.o
 .text.RM_MOTOR_SENSORLESS_Reset
                0x02002c3c       0x38 ./ra/fsp/src/rm_motor_sensorless/rm_motor_sensorless.o
                0x02002c3c                RM_MOTOR_SENSORLESS_Reset
 .text.RM_MOTOR_SENSORLESS_ErrorCheck
                0x02002c74      0x12c ./ra/fsp/src/rm_motor_sensorless/rm_motor_sensorless.o
                0x02002c74                RM_MOTOR_SENSORLESS_ErrorCheck
 .text.RM_MOTOR_SENSORLESS_WaitStopFlagGet
                0x02002da0        0x4 ./ra/fsp/src/rm_motor_sensorless/rm_motor_sensorless.o
                0x02002da0                RM_MOTOR_SENSORLESS_WaitStopFlagGet
 .text.RM_MOTOR_SENSORLESS_Run
                0x02002da4       0x50 ./ra/fsp/src/rm_motor_sensorless/rm_motor_sensorless.o
                0x02002da4                RM_MOTOR_SENSORLESS_Run
 .text.RM_MOTOR_SENSORLESS_Stop
                0x02002df4       0x4c ./ra/fsp/src/rm_motor_sensorless/rm_motor_sensorless.o
                0x02002df4                RM_MOTOR_SENSORLESS_Stop
 .text.RM_MOTOR_SENSORLESS_ErrorSet
                0x02002e40       0x58 ./ra/fsp/src/rm_motor_sensorless/rm_motor_sensorless.o
                0x02002e40                RM_MOTOR_SENSORLESS_ErrorSet
 .text.rm_motor_sensorless_current_callback
                0x02002e98       0x64 ./ra/fsp/src/rm_motor_sensorless/rm_motor_sensorless.o
                0x02002e98                rm_motor_sensorless_current_callback
 .text.rm_motor_sensorless_speed_callback
                0x02002efc       0x84 ./ra/fsp/src/rm_motor_sensorless/rm_motor_sensorless.o
                0x02002efc                rm_motor_sensorless_speed_callback
 .text.RM_MOTOR_ESTIMATE_CurrentSet
                0x02002f80       0x20 ./ra/fsp/src/rm_motor_estimate/rm_motor_estimate.o
                0x02002f80                RM_MOTOR_ESTIMATE_CurrentSet
 .text.RM_MOTOR_ESTIMATE_SpeedSet
                0x02002fa0       0x10 ./ra/fsp/src/rm_motor_estimate/rm_motor_estimate.o
                0x02002fa0                RM_MOTOR_ESTIMATE_SpeedSet
 .text.RM_MOTOR_ESTIMATE_FlagPiCtrlSet
                0x02002fb0        0x8 ./ra/fsp/src/rm_motor_estimate/rm_motor_estimate.o
                0x02002fb0                RM_MOTOR_ESTIMATE_FlagPiCtrlSet
 .text.RM_MOTOR_ESTIMATE_EstimatedComponentGet
                0x02002fb8       0x14 ./ra/fsp/src/rm_motor_estimate/rm_motor_estimate.o
                0x02002fb8                RM_MOTOR_ESTIMATE_EstimatedComponentGet
 .text.RM_MOTOR_ESTIMATE_InternalCalculate
                0x02002fcc        0x4 ./ra/fsp/src/rm_motor_estimate/rm_motor_estimate.o
                0x02002fcc                RM_MOTOR_ESTIMATE_InternalCalculate
 .text.RM_MOTOR_ESTIMATE_InfoGet
                0x02002fd0        0x4 ./ra/fsp/src/rm_motor_estimate/rm_motor_estimate.o
                0x02002fd0                RM_MOTOR_ESTIMATE_InfoGet
 .text.RM_MOTOR_ESTIMATE_ParameterUpdate
                0x02002fd4       0x30 ./ra/fsp/src/rm_motor_estimate/rm_motor_estimate.o
                0x02002fd4                RM_MOTOR_ESTIMATE_ParameterUpdate
 .text.RM_MOTOR_ESTIMATE_Open
                0x02003004       0x64 ./ra/fsp/src/rm_motor_estimate/rm_motor_estimate.o
                0x02003004                RM_MOTOR_ESTIMATE_Open
 .text.RM_MOTOR_ESTIMATE_Close
                0x02003068       0x1c ./ra/fsp/src/rm_motor_estimate/rm_motor_estimate.o
                0x02003068                RM_MOTOR_ESTIMATE_Close
 .text.RM_MOTOR_ESTIMATE_Reset
                0x02003084       0x20 ./ra/fsp/src/rm_motor_estimate/rm_motor_estimate.o
                0x02003084                RM_MOTOR_ESTIMATE_Reset
 .text.RM_MOTOR_ESTIMATE_AngleSpeedGet
                0x020030a4      0x110 ./ra/fsp/src/rm_motor_estimate/rm_motor_estimate.o
                0x020030a4                RM_MOTOR_ESTIMATE_AngleSpeedGet
 .text.RM_MOTOR_ESTIMATE_CyclicProcess
                0x020031b4        0x4 ./ra/fsp/src/rm_motor_estimate/rm_motor_estimate.o
                0x020031b4                RM_MOTOR_ESTIMATE_CyclicProcess
 .text.RM_MOTOR_ESTIMATE_SensorDataSet
                0x020031b8        0x4 ./ra/fsp/src/rm_motor_estimate/rm_motor_estimate.o
                0x020031b8                RM_MOTOR_ESTIMATE_SensorDataSet
 .text.RM_MOTOR_ESTIMATE_AngleAdjust
                0x020031bc        0x4 ./ra/fsp/src/rm_motor_estimate/rm_motor_estimate.o
                0x020031bc                RM_MOTOR_ESTIMATE_AngleAdjust
 .text.RM_MOTOR_ESTIMATE_EncoderCyclic
                0x020031c0        0x4 ./ra/fsp/src/rm_motor_estimate/rm_motor_estimate.o
                0x020031c0                RM_MOTOR_ESTIMATE_EncoderCyclic
 .text.RM_MOTOR_DRIVER_PhaseVoltageSet
                0x020031c4       0x14 ./ra/fsp/src/rm_motor_driver/rm_motor_driver.o
                0x020031c4                RM_MOTOR_DRIVER_PhaseVoltageSet
 .text.RM_MOTOR_DRIVER_CurrentGet
                0x020031d8       0xa0 ./ra/fsp/src/rm_motor_driver/rm_motor_driver.o
                0x020031d8                RM_MOTOR_DRIVER_CurrentGet
 .text.RM_MOTOR_DRIVER_CurrentOffsetRestart
                0x02003278       0x18 ./ra/fsp/src/rm_motor_driver/rm_motor_driver.o
                0x02003278                RM_MOTOR_DRIVER_CurrentOffsetRestart
 .text.rm_motor_driver_pin_cfg
                0x02003290       0x68 ./ra/fsp/src/rm_motor_driver/rm_motor_driver.o
 .text.rm_motor_driver_output_disable
                0x020032f8       0x74 ./ra/fsp/src/rm_motor_driver/rm_motor_driver.o
 .text.rm_motor_driver_mod_run
                0x0200336c      0x124 ./ra/fsp/src/rm_motor_driver/rm_motor_driver.o
 .text.rm_motor_driver_1shunt_modulation
                0x02003490      0x228 ./ra/fsp/src/rm_motor_driver/rm_motor_driver.o
 .text.rm_motor_driver_1shunt_cyclic
                0x020036b8      0x234 ./ra/fsp/src/rm_motor_driver/rm_motor_driver.o
                0x020036b8                rm_motor_driver_1shunt_cyclic
 .text.rm_motor_driver_set_uvw_duty.isra.0
                0x020038ec       0x88 ./ra/fsp/src/rm_motor_driver/rm_motor_driver.o
 .text.RM_MOTOR_DRIVER_FlagCurrentOffsetGet
                0x02003974      0x180 ./ra/fsp/src/rm_motor_driver/rm_motor_driver.o
                0x02003974                RM_MOTOR_DRIVER_FlagCurrentOffsetGet
 .text.RM_MOTOR_DRIVER_Open
                0x02003af4      0x240 ./ra/fsp/src/rm_motor_driver/rm_motor_driver.o
                0x02003af4                RM_MOTOR_DRIVER_Open
 .text.RM_MOTOR_DRIVER_ParameterUpdate
                0x02003d34       0xb0 ./ra/fsp/src/rm_motor_driver/rm_motor_driver.o
                0x02003d34                RM_MOTOR_DRIVER_ParameterUpdate
 .text.RM_MOTOR_DRIVER_Reset
                0x02003de4       0x60 ./ra/fsp/src/rm_motor_driver/rm_motor_driver.o
                0x02003de4                RM_MOTOR_DRIVER_Reset
 .text.RM_MOTOR_DRIVER_Close
                0x02003e44       0x9c ./ra/fsp/src/rm_motor_driver/rm_motor_driver.o
                0x02003e44                RM_MOTOR_DRIVER_Close
 .text.rm_motor_driver_cyclic
                0x02003ee0      0x1ec ./ra/fsp/src/rm_motor_driver/rm_motor_driver.o
                0x02003ee0                rm_motor_driver_cyclic
 .text.rm_motor_driver_shared_cyclic
                0x020040cc       0x5c ./ra/fsp/src/rm_motor_driver/rm_motor_driver.o
                0x020040cc                rm_motor_driver_shared_cyclic
 .text.RM_MOTOR_CURRENT_Run
                0x02004128        0xc ./ra/fsp/src/rm_motor_current/rm_motor_current.o
                0x02004128                RM_MOTOR_CURRENT_Run
 .text.RM_MOTOR_CURRENT_ParameterSet
                0x02004134       0x20 ./ra/fsp/src/rm_motor_current/rm_motor_current.o
                0x02004134                RM_MOTOR_CURRENT_ParameterSet
 .text.RM_MOTOR_CURRENT_CurrentReferenceSet
                0x02004154       0x10 ./ra/fsp/src/rm_motor_current/rm_motor_current.o
                0x02004154                RM_MOTOR_CURRENT_CurrentReferenceSet
 .text.RM_MOTOR_CURRENT_SpeedPhaseSet
                0x02004164       0x10 ./ra/fsp/src/rm_motor_current/rm_motor_current.o
                0x02004164                RM_MOTOR_CURRENT_SpeedPhaseSet
 .text.RM_MOTOR_CURRENT_CurrentSet
                0x02004174       0x24 ./ra/fsp/src/rm_motor_current/rm_motor_current.o
                0x02004174                RM_MOTOR_CURRENT_CurrentSet
 .text.RM_MOTOR_CURRENT_ParameterGet