T1E60 000:001.504   SEGGER J-Link V8.74 Log File
T1E60 000:001.697   DLL Compiled: Sep 30 2025 12:11:23
T1E60 000:001.715   Logging started @ 2026-08-25 09:41
T1E60 000:001.733   Process: C:\Users\a5155223\.eclipse\com.renesas.platform_1546008143\DebugComp\RA\e2-server-gdb.exe
T1E60 000:001.754 - 1.750ms 
T1E60 000:001.779 JLINK_GetDLLVersion()
T1E60 000:001.797 - 0.018ms returns 87400
T1E60 000:078.900 JLINK_OpenEx(...)
T1E60 000:095.228   Firmware: J-Link OB-RA4M2 compiled Jul  8 2025 10:15:56
T1E60 000:097.666   Firmware: J-Link OB-RA4M2 compiled Jul  8 2025 10:15:56
T1E60 000:120.314   Hardware: V1.00
T1E60 000:120.385   S/N: 1082153270
T1E60 000:120.412   OEM: SEGGER
T1E60 000:120.438   Feature(s): None
T1E60 000:121.457   Bootloader: 2021 May 14
T1E60 000:122.047   USB speed mode: Full speed (12 MBit/s)
T1E60 000:122.782   TELNET listener socket opened on port 19021
T1E60 000:123.161   WEBSRV WEBSRV_Init(): Starting webserver thread(s)
T1E60 000:123.457   WEBSRV Webserver running on local port 19080
T1E60 000:123.769   Looking for J-Link GUI Server exe at: C:\Users\a5155223\.eclipse\com.renesas.platform_1546008143\DebugComp\RA\ARM\Segger_v8.74.0\JLinkGUIServer.exe
T1E60 000:124.267   Looking for J-Link GUI Server exe at: \JLinkGUIServer.exe
T1E60 000:433.556   Failed to connect to J-Link GUI Server.
T1E60 000:433.754 - 354.828ms returns "O.K."
T1E60 000:434.322 JLINK_TIF_Select(JLINKARM_TIF_SWD)
T1E60 000:437.431 - 3.117ms returns 0x00
T1E60 000:437.619 JLINK_ClrRESET()
T1E60 000:437.999 - 0.379ms 
T1E60 000:488.192 JLINK_SetSpeed(1500)
T1E60 000:488.452 - 0.273ms 
T1E60 000:488.489 JLINK_CORESIGHT_Configure(PerformTIFInit=0)
T1E60 000:489.041 - 0.554ms returns 0
T1E60 000:489.128 JLINK_CORESIGHT_ReadAPDPReg(DP reg 0x00)
T1E60 000:489.631   Value=0x6BA02477
T1E60 000:489.699 - 0.574ms returns 0
T1E60 000:489.752 JLINK_CORESIGHT_WriteAPDPReg(DP reg 0x00, 0x0000001F)
T1E60 000:490.104 - 0.352ms returns 0
T1E60 000:490.140 JLINK_CORESIGHT_ReadAPDPReg(DP reg 0x00)
T1E60 000:490.550   Value=0x6BA02477
T1E60 000:490.599 - 0.458ms returns 0
T1E60 000:490.621 JLINK_CORESIGHT_WriteAPDPReg(DP reg 0x02, 0x00000000)
T1E60 000:490.949 - 0.327ms returns 0
T1E60 000:490.996 JLINK_CORESIGHT_WriteAPDPReg(DP reg 0x01, 0x50000000)
T1E60 000:491.362 - 0.363ms returns 0
T1E60 000:491.482 JLINK_CORESIGHT_ReadAPDPReg(DP reg 0x01)
T1E60 000:491.870   Value=0xF0000000
T1E60 000:491.955 - 0.473ms returns 0
T1E60 000:492.007 JLINK_CORESIGHT_WriteAPDPReg(DP reg 0x00, 0x0000001F)
T1E60 000:492.400 - 0.392ms returns 0
T1E60 000:492.456 JLINK_CORESIGHT_ReadAPDPReg(DP reg 0x00)
T1E60 000:492.834   Value=0x6BA02477
T1E60 000:492.876 - 0.420ms returns 0
T1E60 000:492.905 JLINK_CORESIGHT_WriteAPDPReg(DP reg 0x01, 0x54000000)
T1E60 000:493.192 - 0.287ms returns 0
T1E60 000:493.215 JLINK_CORESIGHT_WriteAPDPReg(DP reg 0x01, 0x50000F00)
T1E60 000:493.484 - 0.269ms returns 0
T1E60 000:493.509 JLINK_CORESIGHT_WriteAPDPReg(DP reg 0x02, 0x01000000)
T1E60 000:493.885 - 0.375ms returns 0
T1E60 000:493.932 JLINK_CORESIGHT_WriteAPDPReg(AP reg 0x00, 0x80000002)
T1E60 000:494.285 - 0.353ms returns 0
T1E60 000:494.316 JLINK_CORESIGHT_WriteAPDPReg(AP reg 0x01, 0x80011100)
T1E60 000:494.605 - 0.288ms returns 0
T1E60 000:494.628 JLINK_CORESIGHT_WriteAPDPReg(AP reg 0x03, 0x000000A5)
T1E60 000:494.844 - 0.216ms returns 0
T1E60 000:494.866 JLINK_CORESIGHT_WriteAPDPReg(AP reg 0x00, 0x80000002)
T1E60 000:495.069 - 0.202ms returns 0
T1E60 000:495.091 JLINK_CORESIGHT_WriteAPDPReg(AP reg 0x01, 0x80011100)
T1E60 000:495.334 - 0.243ms returns 0
T1E60 000:495.356 JLINK_CORESIGHT_ReadAPDPReg(AP reg 0x03)
T1E60 000:495.622   Value=0x000000A5
T1E60 000:495.649 - 0.293ms returns 0
T1E60 000:495.671 JLINK_ClrTMS()
T1E60 000:495.765 - 0.094ms 
T1E60 000:501.165 JLINK_SetTCK()
T1E60 000:501.307 - 0.141ms returns 0
T1E60 000:506.664 JLINK_SetRESET()
T1E60 000:506.931 - 0.266ms 
T1E60 000:707.567 JLINK_CORESIGHT_WriteAPDPReg(AP reg 0x00, 0x80000002)
T1E60 000:708.027 - 0.460ms returns 0
T1E60 000:708.072 JLINK_CORESIGHT_WriteAPDPReg(AP reg 0x01, 0x80011100)
T1E60 000:708.406 - 0.333ms returns 0
T1E60 000:708.442 JLINK_CORESIGHT_ReadAPDPReg(AP reg 0x03)
T1E60 000:708.868   Value=0x00000000
T1E60 000:708.897 - 0.454ms returns 0
T1E60 000:708.925 JLINK_CORESIGHT_WriteAPDPReg(AP reg 0x00, 0x80000002)
T1E60 000:709.325 - 0.399ms returns 0
T1E60 000:709.348 JLINK_CORESIGHT_WriteAPDPReg(AP reg 0x01, 0x80011140)
T1E60 000:709.633 - 0.284ms returns 0
T1E60 000:709.655 JLINK_CORESIGHT_ReadAPDPReg(AP reg 0x03)
T1E60 000:709.905   Value=0x00000002
T1E60 000:709.940 - 0.285ms returns 0
T1E60 000:709.961 JLINK_CORESIGHT_WriteAPDPReg(AP reg 0x00, 0x80000002)
T1E60 000:710.175 - 0.214ms returns 0
T1E60 000:710.196 JLINK_CORESIGHT_WriteAPDPReg(AP reg 0x01, 0x80011120)
T1E60 000:710.422 - 0.226ms returns 0
T1E60 000:710.444 JLINK_CORESIGHT_WriteAPDPReg(AP reg 0x03, 0x00000055)
T1E60 000:710.716 - 0.271ms returns 0
T1E60 000:710.740 JLINK_CORESIGHT_WriteAPDPReg(AP reg 0x00, 0x80000002)
T1E60 000:710.956 - 0.216ms returns 0
T1E60 000:710.976 JLINK_CORESIGHT_WriteAPDPReg(AP reg 0x01, 0x80011140)
T1E60 000:711.216 - 0.239ms returns 0
T1E60 000:711.255 JLINK_CORESIGHT_ReadAPDPReg(AP reg 0x03)
T1E60 000:711.595   Value=0x00000002
T1E60 000:711.648 - 0.392ms returns 0
T1E60 000:711.685 JLINK_CORESIGHT_ReadAPDPReg(AP reg 0x03)
T1E60 000:711.967   Value=0x00000002
T1E60 000:712.019 - 0.334ms returns 0
T1E60 000:712.057 JLINK_CORESIGHT_ReadAPDPReg(AP reg 0x03)
T1E60 000:712.336   Value=0x00000002
T1E60 000:712.388 - 0.331ms returns 0
T1E60 000:712.439 JLINK_CORESIGHT_ReadAPDPReg(AP reg 0x03)
T1E60 000:712.741   Value=0x00000002
T1E60 000:712.793 - 0.354ms returns 0
T1E60 000:712.830 JLINK_CORESIGHT_ReadAPDPReg(AP reg 0x03)
T1E60 000:713.111   Value=0x00000002
T1E60 000:713.164 - 0.333ms returns 0
T1E60 000:713.201 JLINK_CORESIGHT_ReadAPDPReg(AP reg 0x03)
T1E60 000:713.482   Value=0x00000002
T1E60 000:713.536 - 0.334ms returns 0
T1E60 000:713.573 JLINK_CORESIGHT_ReadAPDPReg(AP reg 0x03)
T1E60 000:713.875   Value=0x00000002
T1E60 000:713.942 - 0.369ms returns 0
T1E60 000:713.980 JLINK_CORESIGHT_ReadAPDPReg(AP reg 0x03)
T1E60 000:714.267   Value=0x00000002
T1E60 000:714.320 - 0.340ms returns 0
T1E60 000:714.357 JLINK_CORESIGHT_ReadAPDPReg(AP reg 0x03)
T1E60 000:714.608   Value=0x00000002
T1E60 000:714.637 - 0.280ms returns 0
T1E60 000:714.656 JLINK_CORESIGHT_ReadAPDPReg(AP reg 0x03)
T1E60 000:714.905   Value=0x00000002
T1E60 000:714.939 - 0.283ms returns 0
T1E60 000:714.958 JLINK_CORESIGHT_ReadAPDPReg(AP reg 0x03)
T1E60 000:715.205   Value=0x00000002
T1E60 000:715.232 - 0.273ms returns 0
T1E60 000:715.251 JLINK_CORESIGHT_ReadAPDPReg(AP reg 0x03)
T1E60 000:715.506   Value=0x00000002
T1E60 000:715.533 - 0.282ms returns 0
T1E60 000:715.552 JLINK_CORESIGHT_ReadAPDPReg(AP reg 0x03)
T1E60 000:715.896   Value=0x00000002
T1E60 000:715.932 - 0.379ms returns 0
T1E60 000:715.951 JLINK_CORESIGHT_ReadAPDPReg(AP reg 0x03)
T1E60 000:716.194   Value=0x00000002
T1E60 000:716.221 - 0.270ms returns 0
T1E60 000:716.240 JLINK_CORESIGHT_ReadAPDPReg(AP reg 0x03)
T1E60 000:716.507   Value=0x00000002
T1E60 000:716.534 - 0.293ms returns 0
T1E60 000:716.554 JLINK_CORESIGHT_ReadAPDPReg(AP reg 0x03)
T1E60 000:716.805   Value=0x00000002
T1E60 000:716.832 - 0.278ms returns 0
T1E60 000:716.851 JLINK_CORESIGHT_ReadAPDPReg(AP reg 0x03)
T1E60 000:717.089   Value=0x00000002
T1E60 000:717.117 - 0.265ms returns 0
T1E60 000:717.136 JLINK_CORESIGHT_ReadAPDPReg(AP reg 0x03)
T1E60 000:717.380   Value=0x00000002
T1E60 000:717.407 - 0.271ms returns 0
T1E60 000:717.433 JLINK_CORESIGHT_ReadAPDPReg(AP reg 0x03)
T1E60 000:717.730   Value=0x00000002
T1E60 000:717.787 - 0.353ms returns 0
T1E60 000:717.808 JLINK_CORESIGHT_ReadAPDPReg(AP reg 0x03)
T1E60 000:718.110   Value=0x00000002
T1E60 000:718.165 - 0.356ms returns 0
T1E60 000:718.199 JLINK_CORESIGHT_ReadAPDPReg(AP reg 0x03)
T1E60 000:718.493   Value=0x00000002
T1E60 000:718.520 - 0.321ms returns 0
T1E60 000:718.540 JLINK_CORESIGHT_ReadAPDPReg(AP reg 0x03)
T1E60 000:718.808   Value=0x00000002
T1E60 000:718.841 - 0.301ms returns 0
T1E60 000:718.860 JLINK_CORESIGHT_ReadAPDPReg(AP reg 0x03)
T1E60 000:719.124   Value=0x00000002
T1E60 000:719.151 - 0.291ms returns 0
T1E60 000:719.170 JLINK_CORESIGHT_ReadAPDPReg(AP reg 0x03)
T1E60 000:719.433   Value=0x00000002
T1E60 000:719.460 - 0.290ms returns 0
T1E60 000:719.479 JLINK_CORESIGHT_ReadAPDPReg(AP reg 0x03)
T1E60 000:719.730   Value=0x00000002
T1E60 000:719.757 - 0.278ms returns 0
T1E60 000:719.776 JLINK_CORESIGHT_ReadAPDPReg(AP reg 0x03)
T1E60 000:720.030   Value=0x00000002
T1E60 000:720.058 - 0.281ms returns 0
T1E60 000:720.077 JLINK_CORESIGHT_ReadAPDPReg(AP reg 0x03)
T1E60 000:720.353   Value=0x00000002
T1E60 000:720.399 - 0.322ms returns 0
T1E60 000:720.446 JLINK_CORESIGHT_ReadAPDPReg(AP reg 0x03)
T1E60 000:720.739   Value=0x00000002
T1E60 000:720.785 - 0.339ms returns 0
T1E60 000:720.818 JLINK_CORESIGHT_ReadAPDPReg(AP reg 0x03)
T1E60 000:721.082   Value=0x00000002
T1E60 000:721.128 - 0.311ms returns 0
T1E60 000:721.161 JLINK_CORESIGHT_ReadAPDPReg(AP reg 0x03)
T1E60 000:721.447   Value=0x00000002
T1E60 000:721.507 - 0.345ms returns 0
T1E60 000:721.540 JLINK_CORESIGHT_ReadAPDPReg(AP reg 0x03)
T1E60 000:721.820   Value=0x00000002
T1E60 000:721.870 - 0.331ms returns 0
T1E60 000:721.902 JLINK_CORESIGHT_ReadAPDPReg(AP reg 0x03)
T1E60 000:722.172   Value=0x00000000
T1E60 000:722.217 - 0.315ms returns 0
T1E60 000:722.249 JLINK_CORESIGHT_WriteAPDPReg(AP reg 0x00, 0x80000002)
T1E60 000:722.591 - 0.343ms returns 0
T1E60 000:722.625 JLINK_CORESIGHT_WriteAPDPReg(AP reg 0x01, 0x80011130)
T1E60 000:722.863 - 0.238ms returns 0
T1E60 000:722.896 JLINK_CORESIGHT_ReadAPDPReg(AP reg 0x03)
T1E60 000:723.191   Value=0x000000C6
T1E60 000:723.235 - 0.339ms returns 0
T1E60 000:723.272 JLINK_CORESIGHT_WriteAPDPReg(AP reg 0x00, 0x80000002)
T1E60 000:723.550 - 0.277ms returns 0
T1E60 000:723.633 JLINK_CORESIGHT_WriteAPDPReg(AP reg 0x01, 0x80011140)
T1E60 000:723.975 - 0.342ms returns 0
T1E60 000:724.031 JLINK_CORESIGHT_ReadAPDPReg(AP reg 0x03)
T1E60 000:724.320   Value=0x00000002
T1E60 000:724.348 - 0.317ms returns 0
T1E60 000:724.367 JLINK_CORESIGHT_WriteAPDPReg(AP reg 0x00, 0x80000002)
T1E60 000:724.584 - 0.216ms returns 0
T1E60 000:724.604 JLINK_CORESIGHT_WriteAPDPReg(AP reg 0x01, 0x80011120)
T1E60 000:724.822 - 0.217ms returns 0
T1E60 000:724.842 JLINK_CORESIGHT_WriteAPDPReg(AP reg 0x03, 0x3A010001)
T1E60 000:725.055 - 0.212ms returns 0
T1E60 000:725.075 JLINK_CORESIGHT_WriteAPDPReg(AP reg 0x00, 0x80000002)
T1E60 000:725.291 - 0.216ms returns 0
T1E60 000:725.311 JLINK_CORESIGHT_WriteAPDPReg(AP reg 0x01, 0x80011140)
T1E60 000:725.585 - 0.273ms returns 0
T1E60 000:725.608 JLINK_CORESIGHT_ReadAPDPReg(AP reg 0x03)
T1E60 000:725.881   Value=0x00000002
T1E60 000:725.909 - 0.301ms returns 0
T1E60 000:725.932 JLINK_CORESIGHT_WriteAPDPReg(AP reg 0x00, 0x80000002)
T1E60 000:726.145 - 0.213ms returns 0
T1E60 000:726.165 JLINK_CORESIGHT_WriteAPDPReg(AP reg 0x01, 0x80011120)
T1E60 000:726.381 - 0.215ms returns 0
T1E60 000:726.401 JLINK_CORESIGHT_WriteAPDPReg(AP reg 0x03, 0x000003C5)
T1E60 000:726.609 - 0.208ms returns 0
T1E60 000:726.629 JLINK_CORESIGHT_WriteAPDPReg(AP reg 0x00, 0x80000002)
T1E60 000:726.830 - 0.200ms returns 0
T1E60 000:726.850 JLINK_CORESIGHT_WriteAPDPReg(AP reg 0x01, 0x80011140)
T1E60 000:727.068 - 0.218ms returns 0
T1E60 000:727.088 JLINK_CORESIGHT_ReadAPDPReg(AP reg 0x03)
T1E60 000:727.358   Value=0x00000002
T1E60 000:727.388 - 0.299ms returns 0
T1E60 000:727.407 JLINK_CORESIGHT_ReadAPDPReg(AP reg 0x03)
T1E60 000:727.730   Value=0x00000002
T1E60 000:727.775 - 0.368ms returns 0
T1E60 000:727.794 JLINK_CORESIGHT_ReadAPDPReg(AP reg 0x03)
T1E60 000:728.057   Value=0x00000002
T1E60 000:728.084 - 0.290ms returns 0
T1E60 000:728.108 JLINK_CORESIGHT_ReadAPDPReg(AP reg 0x03)
T1E60 000:728.373   Value=0x00000002
T1E60 000:728.417 - 0.309ms returns 0
T1E60 000:728.451 JLINK_CORESIGHT_ReadAPDPReg(AP reg 0x03)
T1E60 000:728.732   Value=0x00000002
T1E60 000:728.777 - 0.325ms returns 0
T1E60 000:728.811 JLINK_CORESIGHT_ReadAPDPReg(AP reg 0x03)
T1E60 000:729.110   Value=0x00000002
T1E60 000:729.154 - 0.343ms returns 0
T1E60 000:729.189 JLINK_CORESIGHT_ReadAPDPReg(AP reg 0x03)
T1E60 000:729.449   Value=0x00000002
T1E60 000:729.495 - 0.306ms returns 0
T1E60 000:729.529 JLINK_CORESIGHT_ReadAPDPReg(AP reg 0x03)
T1E60 000:729.825   Value=0x00000002
T1E60 000:729.870 - 0.340ms returns 0
T1E60 000:729.904 JLINK_CORESIGHT_ReadAPDPReg(AP reg 0x03)
T1E60 000:730.300   Value=0x00000002
T1E60 000:730.364 - 0.460ms returns 0
T1E60 000:730.398 JLINK_CORESIGHT_ReadAPDPReg(AP reg 0x03)
T1E60 000:730.767   Value=0x00000002
T1E60 000:730.795 - 0.396ms returns 0
T1E60 000:730.816 JLINK_CORESIGHT_ReadAPDPReg(AP reg 0x03)
T1E60 000:731.053   Value=0x00000000
T1E60 000:731.081 - 0.265ms returns 0
T1E60 000:731.103 JLINK_CORESIGHT_WriteAPDPReg(AP reg 0x00, 0x80000002)
T1E60 000:731.328 - 0.225ms returns 0
T1E60 000:731.438 JLINK_CORESIGHT_WriteAPDPReg(AP reg 0x01, 0x80011130)
T1E60 000:731.733 - 0.293ms returns 0
T1E60 000:731.821 JLINK_CORESIGHT_ReadAPDPReg(AP reg 0x03)
T1E60 000:732.139   Value=0x3A2A0081
T1E60 000:732.191 - 0.370ms returns 0
T1E60 000:732.215 JLINK_CORESIGHT_WriteAPDPReg(AP reg 0x00, 0x80000002)
T1E60 000:732.449 - 0.233ms returns 0
T1E60 000:732.472 JLINK_CORESIGHT_WriteAPDPReg(AP reg 0x01, 0x80011140)
T1E60 000:732.701 - 0.228ms returns 0
T1E60 000:732.724 JLINK_CORESIGHT_ReadAPDPReg(AP reg 0x03)
T1E60 000:732.992   Value=0x00000000
T1E60 000:733.020 - 0.296ms returns 0
T1E60 000:733.042 JLINK_CORESIGHT_WriteAPDPReg(AP reg 0x00, 0x80000002)
T1E60 000:733.256 - 0.214ms returns 0
T1E60 000:733.279 JLINK_CORESIGHT_WriteAPDPReg(AP reg 0x01, 0x80011130)
T1E60 000:733.506 - 0.227ms returns 0
T1E60 000:733.529 JLINK_CORESIGHT_ReadAPDPReg(AP reg 0x03)
T1E60 000:733.781   Value=0x808D5B00
T1E60 000:733.809 - 0.279ms returns 0
T1E60 000:733.830 JLINK_CORESIGHT_WriteAPDPReg(AP reg 0x00, 0x80000002)
T1E60 000:734.043 - 0.213ms returns 0
T1E60 000:734.066 JLINK_CORESIGHT_WriteAPDPReg(AP reg 0x01, 0x80011140)
T1E60 000:734.340 - 0.274ms returns 0
T1E60 000:734.362 JLINK_CORESIGHT_ReadAPDPReg(AP reg 0x03)
T1E60 000:734.801   Value=0x00000000
T1E60 000:734.833 - 0.470ms returns 0
T1E60 000:734.859 JLINK_CORESIGHT_WriteAPDPReg(AP reg 0x00, 0x80000002)
T1E60 000:735.085 - 0.226ms returns 0
T1E60 000:735.111 JLINK_CORESIGHT_WriteAPDPReg(AP reg 0x01, 0x80011130)
T1E60 000:735.331 - 0.220ms returns 0
T1E60 000:735.353 JLINK_CORESIGHT_ReadAPDPReg(AP reg 0x03)
T1E60 000:735.610   Value=0x0406070A
T1E60 000:735.639 - 0.285ms returns 0
T1E60 000:735.660 JLINK_CORESIGHT_WriteAPDPReg(AP reg 0x00, 0x80000002)
T1E60 000:735.882 - 0.222ms returns 0
T1E60 000:735.904 JLINK_CORESIGHT_WriteAPDPReg(AP reg 0x01, 0x80011140)
T1E60 000:736.131 - 0.227ms returns 0
T1E60 000:736.154 JLINK_CORESIGHT_ReadAPDPReg(AP reg 0x03)
T1E60 000:736.406   Value=0x00000000
T1E60 000:736.440 - 0.286ms returns 0
T1E60 000:736.462 JLINK_CORESIGHT_WriteAPDPReg(AP reg 0x00, 0x80000002)
T1E60 000:736.727 - 0.264ms returns 0
T1E60 000:736.769 JLINK_CORESIGHT_WriteAPDPReg(AP reg 0x01, 0x80011130)
T1E60 000:737.072 - 0.302ms returns 0
T1E60 000:737.154 JLINK_CORESIGHT_ReadAPDPReg(AP reg 0x03)
T1E60 000:737.485   Value=0x3254540B
T1E60 000:737.530 - 0.376ms returns 0
T1E60 000:737.553 JLINK_CORESIGHT_WriteAPDPReg(AP reg 0x00, 0x80000002)
T1E60 000:737.777 - 0.223ms returns 0
T1E60 000:737.800 JLINK_CORESIGHT_WriteAPDPReg(AP reg 0x01, 0x80011140)
T1E60 000:738.017 - 0.217ms returns 0
T1E60 000:738.042 JLINK_CORESIGHT_ReadAPDPReg(AP reg 0x03)
T1E60 000:738.306   Value=0x00000000
T1E60 000:738.334 - 0.291ms returns 0
T1E60 000:738.355 JLINK_CORESIGHT_WriteAPDPReg(AP reg 0x00, 0x80000002)
T1E60 000:738.586 - 0.231ms returns 0
T1E60 000:738.611 JLINK_CORESIGHT_WriteAPDPReg(AP reg 0x01, 0x80011130)
T1E60 000:738.826 - 0.215ms returns 0
T1E60 000:738.848 JLINK_CORESIGHT_ReadAPDPReg(AP reg 0x03)
T1E60 000:739.117   Value=0x5441E658
T1E60 000:739.145 - 0.296ms returns 0
T1E60 000:739.166 JLINK_CORESIGHT_WriteAPDPReg(AP reg 0x00, 0x80000002)
T1E60 000:739.441 - 0.275ms returns 0
T1E60 000:739.472 JLINK_CORESIGHT_WriteAPDPReg(AP reg 0x01, 0x80011140)
T1E60 000:739.708 - 0.236ms returns 0
T1E60 000:739.735 JLINK_CORESIGHT_ReadAPDPReg(AP reg 0x03)
T1E60 000:740.008   Value=0x00000000
T1E60 000:740.042 - 0.306ms returns 0
T1E60 000:740.068 JLINK_CORESIGHT_WriteAPDPReg(AP reg 0x00, 0x80000002)
T1E60 000:740.295 - 0.227ms returns 0
T1E60 000:740.324 JLINK_CORESIGHT_WriteAPDPReg(AP reg 0x01, 0x80011130)
T1E60 000:740.587 - 0.263ms returns 0
T1E60 000:740.614 JLINK_CORESIGHT_ReadAPDPReg(AP reg 0x03)
T1E60 000:740.884   Value=0x34325736
T1E60 000:740.917 - 0.303ms returns 0
T1E60 000:740.956 JLINK_CORESIGHT_WriteAPDPReg(AP reg 0x00, 0x80000002)
T1E60 000:741.183 - 0.227ms returns 0
T1E60 000:741.210 JLINK_CORESIGHT_WriteAPDPReg(AP reg 0x01, 0x80011140)
T1E60 000:741.442 - 0.231ms returns 0
T1E60 000:741.469 JLINK_CORESIGHT_ReadAPDPReg(AP reg 0x03)
T1E60 000:741.756   Value=0x00000000
T1E60 000:741.783 - 0.314ms returns 0
T1E60 000:741.805 JLINK_CORESIGHT_WriteAPDPReg(AP reg 0x00, 0x80000002)
T1E60 000:742.017 - 0.212ms returns 0
T1E60 000:742.055 JLINK_CORESIGHT_WriteAPDPReg(AP reg 0x01, 0x80011130)
T1E60 000:742.269 - 0.214ms returns 0
T1E60 000:742.296 JLINK_CORESIGHT_ReadAPDPReg(AP reg 0x03)
T1E60 000:742.585   Value=0x66022D30
T1E60 000:742.614 - 0.317ms returns 0
T1E60 000:742.636 JLINK_CORESIGHT_WriteAPDPReg(AP reg 0x00, 0x80000002)
T1E60 000:742.857 - 0.221ms returns 0
T1E60 000:742.879 JLINK_CORESIGHT_WriteAPDPReg(AP reg 0x01, 0x80011140)
T1E60 000:743.081 - 0.202ms returns 0
T1E60 000:743.104 JLINK_CORESIGHT_ReadAPDPReg(AP reg 0x03)
T1E60 000:743.372   Value=0x00000000
T1E60 000:743.399 - 0.295ms returns 0
T1E60 000:743.420 JLINK_CORESIGHT_WriteAPDPReg(AP reg 0x00, 0x80000002)
T1E60 000:743.706 - 0.286ms returns 0
T1E60 000:743.729 JLINK_CORESIGHT_WriteAPDPReg(AP reg 0x01, 0x80011130)
T1E60 000:743.943 - 0.214ms returns 0
T1E60 000:743.965 JLINK_CORESIGHT_ReadAPDPReg(AP reg 0x03)
T1E60 000:744.233   Value=0x4B375265
T1E60 000:744.262 - 0.297ms returns 0
T1E60 000:744.284 JLINK_CORESIGHT_WriteAPDPReg(AP reg 0x00, 0x80000002)
T1E60 000:744.590 - 0.306ms returns 0
T1E60 000:744.620 JLINK_CORESIGHT_WriteAPDPReg(AP reg 0x01, 0x80011140)
T1E60 000:744.833 - 0.212ms returns 0
T1E60 000:744.859 JLINK_CORESIGHT_ReadAPDPReg(AP reg 0x03)
T1E60 000:745.159   Value=0x00000000
T1E60 000:745.245 - 0.385ms returns 0
T1E60 000:745.315 JLINK_CORESIGHT_WriteAPDPReg(AP reg 0x00, 0x80000002)
T1E60 000:745.591 - 0.277ms returns 0
T1E60 000:745.631 JLINK_CORESIGHT_WriteAPDPReg(AP reg 0x01, 0x80011130)
T1E60 000:745.856 - 0.225ms returns 0
T1E60 000:745.922 JLINK_CORESIGHT_ReadAPDPReg(AP reg 0x03)
T1E60 000:746.227   Value=0x32543841
T1E60 000:746.259 - 0.337ms returns 0
T1E60 000:746.281 JLINK_CORESIGHT_WriteAPDPReg(AP reg 0x00, 0x80000002)
T1E60 000:746.516 - 0.234ms returns 0
T1E60 000:746.595 JLINK_CORESIGHT_WriteAPDPReg(AP reg 0x01, 0x80011140)
T1E60 000:746.835 - 0.240ms returns 0
T1E60 000:746.871 JLINK_CORESIGHT_ReadAPDPReg(AP reg 0x03)
T1E60 000:747.185   Value=0x00000000
T1E60 000:747.216 - 0.345ms returns 0
T1E60 000:747.238 JLINK_CORESIGHT_WriteAPDPReg(AP reg 0x00, 0x80000002)
T1E60 000:747.457 - 0.218ms returns 0
T1E60 000:747.482 JLINK_CORESIGHT_WriteAPDPReg(AP reg 0x01, 0x80011130)
T1E60 000:747.783 - 0.300ms returns 0
T1E60 000:747.810 JLINK_CORESIGHT_ReadAPDPReg(AP reg 0x03)
T1E60 000:748.123   Value=0x434C464C
T1E60 000:748.216 - 0.405ms returns 0
T1E60 000:748.265 JLINK_CORESIGHT_WriteAPDPReg(AP reg 0x00, 0x80000002)
T1E60 000:748.588 - 0.322ms returns 0
T1E60 000:748.668 JLINK_CORESIGHT_WriteAPDPReg(AP reg 0x01, 0x80011140)
T1E60 000:748.891 - 0.223ms returns 0
T1E60 000:748.919 JLINK_CORESIGHT_ReadAPDPReg(AP reg 0x03)
T1E60 000:749.184   Value=0x00000000
T1E60 000:749.213 - 0.294ms returns 0
T1E60 000:749.235 JLINK_CORESIGHT_WriteAPDPReg(AP reg 0x00, 0x80000002)
T1E60 000:749.457 - 0.222ms returns 0
T1E60 000:749.482 JLINK_CORESIGHT_WriteAPDPReg(AP reg 0x01, 0x80011130)
T1E60 000:749.706 - 0.224ms returns 0
T1E60 000:749.731 JLINK_CORESIGHT_ReadAPDPReg(AP reg 0x03)
T1E60 000:750.000   Value=0x20204341
T1E60 000:750.030 - 0.298ms returns 0
T1E60 000:750.052 JLINK_CORESIGHT_WriteAPDPReg(AP reg 0x00, 0x80000002)
T1E60 000:750.266 - 0.214ms returns 0
T1E60 000:750.290 JLINK_CORESIGHT_WriteAPDPReg(AP reg 0x01, 0x80011140)
T1E60 000:750.584 - 0.294ms returns 0
T1E60 000:750.609 JLINK_CORESIGHT_ReadAPDPReg(AP reg 0x03)
T1E60 000:750.883   Value=0x00000000
T1E60 000:750.913 - 0.303ms returns 0
T1E60 000:750.937 JLINK_CORESIGHT_WriteAPDPReg(AP reg 0x00, 0x80000002)
T1E60 000:751.155 - 0.218ms returns 0
T1E60 000:751.179 JLINK_CORESIGHT_WriteAPDPReg(AP reg 0x01, 0x80011130)
T1E60 000:751.382 - 0.203ms returns 0
T1E60 000:751.406 JLINK_CORESIGHT_ReadAPDPReg(AP reg 0x03)
T1E60 000:751.760   Value=0x00036C20
T1E60 000:751.791 - 0.384ms returns 0
T1E60 000:752.521 JLINK_CORESIGHT_WriteAPDPReg(AP reg 0x00, 0x80000002)
T1E60 000:752.888 - 0.369ms returns 0
T1E60 000:752.941 JLINK_CORESIGHT_WriteAPDPReg(AP reg 0x01, 0x80011140)
T1E60 000:753.212 - 0.271ms returns 0
T1E60 000:753.258 JLINK_CORESIGHT_ReadAPDPReg(AP reg 0x03)
T1E60 000:753.642   Value=0x00000002
T1E60 000:753.741 - 0.483ms returns 0
T1E60 000:753.763 JLINK_CORESIGHT_WriteAPDPReg(AP reg 0x00, 0x80000002)
T1E60 000:754.091 - 0.328ms returns 0
T1E60 000:754.114 JLINK_CORESIGHT_WriteAPDPReg(AP reg 0x01, 0x80011120)
T1E60 000:754.331 - 0.217ms returns 0
T1E60 000:754.353 JLINK_CORESIGHT_WriteAPDPReg(AP reg 0x03, 0x39020001)
T1E60 000:754.584 - 0.230ms returns 0
T1E60 000:754.607 JLINK_CORESIGHT_WriteAPDPReg(AP reg 0x00, 0x80000002)
T1E60 000:754.925 - 0.317ms returns 0
T1E60 000:754.951 JLINK_CORESIGHT_WriteAPDPReg(AP reg 0x01, 0x80011140)
T1E60 000:755.212 - 0.259ms returns 0
T1E60 000:755.289 JLINK_CORESIGHT_ReadAPDPReg(AP reg 0x03)
T1E60 000:755.593   Value=0x00000002
T1E60 000:755.646 - 0.357ms returns 0
T1E60 000:755.668 JLINK_CORESIGHT_WriteAPDPReg(AP reg 0x00, 0x80000002)
T1E60 000:755.889 - 0.221ms returns 0
T1E60 000:755.911 JLINK_CORESIGHT_WriteAPDPReg(AP reg 0x01, 0x80011120)
T1E60 000:756.134 - 0.223ms returns 0
T1E60 000:756.155 JLINK_CORESIGHT_WriteAPDPReg(AP reg 0x03, 0x0003B312)
T1E60 000:756.357 - 0.202ms returns 0
T1E60 000:756.379 JLINK_CORESIGHT_WriteAPDPReg(AP reg 0x00, 0x80000002)
T1E60 000:756.571 - 0.192ms returns 0
T1E60 000:756.594 JLINK_CORESIGHT_WriteAPDPReg(AP reg 0x01, 0x80011140)
T1E60 000:756.812 - 0.217ms returns 0
T1E60 000:756.833 JLINK_CORESIGHT_ReadAPDPReg(AP reg 0x03)
T1E60 000:757.100   Value=0x00000000
T1E60 000:757.129 - 0.296ms returns 0
T1E60 000:757.149 JLINK_CORESIGHT_WriteAPDPReg(AP reg 0x00, 0x80000002)
T1E60 000:757.357 - 0.208ms returns 0
T1E60 000:757.379 JLINK_CORESIGHT_WriteAPDPReg(AP reg 0x01, 0x80011130)
T1E60 000:757.585 - 0.206ms returns 0
T1E60 000:757.606 JLINK_CORESIGHT_ReadAPDPReg(AP reg 0x03)
T1E60 000:757.875   Value=0xB90A0081
T1E60 000:757.904 - 0.298ms returns 0
T1E60 000:757.924 JLINK_CORESIGHT_WriteAPDPReg(AP reg 0x00, 0x80000002)
T1E60 000:758.132 - 0.208ms returns 0
T1E60 000:758.154 JLINK_CORESIGHT_WriteAPDPReg(AP reg 0x01, 0x80011140)
T1E60 000:758.357 - 0.203ms returns 0
T1E60 000:758.379 JLINK_CORESIGHT_ReadAPDPReg(AP reg 0x03)
T1E60 000:758.635   Value=0x00000000
T1E60 000:758.663 - 0.284ms returns 0
T1E60 000:758.683 JLINK_CORESIGHT_WriteAPDPReg(AP reg 0x00, 0x80000002)
T1E60 000:758.907 - 0.224ms returns 0
T1E60 000:758.928 JLINK_CORESIGHT_WriteAPDPReg(AP reg 0x01, 0x80011130)
T1E60 000:759.158 - 0.229ms returns 0
T1E60 000:759.180 JLINK_CORESIGHT_ReadAPDPReg(AP reg 0x03)
T1E60 000:759.438   Value=0xFFFFFFC0
T1E60 000:759.467 - 0.287ms returns 0
T1E60 000:759.486 JLINK_CORESIGHT_WriteAPDPReg(AP reg 0x00, 0x80000002)
T1E60 000:759.707 - 0.221ms returns 0
T1E60 000:759.728 JLINK_CORESIGHT_WriteAPDPReg(AP reg 0x01, 0x80011140)
T1E60 000:759.942 - 0.214ms returns 0
T1E60 000:759.963 JLINK_CORESIGHT_ReadAPDPReg(AP reg 0x03)
T1E60 000:760.232   Value=0x00000000
T1E60 000:760.260 - 0.297ms returns 0
T1E60 000:760.285 JLINK_CORESIGHT_WriteAPDPReg(AP reg 0x00, 0x80000002)
T1E60 000:760.508 - 0.222ms returns 0
T1E60 000:760.529 JLINK_CORESIGHT_WriteAPDPReg(AP reg 0x01, 0x80011130)
T1E60 000:760.733 - 0.204ms returns 0
T1E60 000:760.754 JLINK_CORESIGHT_ReadAPDPReg(AP reg 0x03)
T1E60 000:761.008   Value=0xFFFFFFFF
T1E60 000:761.036 - 0.282ms returns 0
T1E60 000:761.055 JLINK_CORESIGHT_WriteAPDPReg(AP reg 0x00, 0x80000002)
T1E60 000:761.258 - 0.202ms returns 0
T1E60 000:761.279 JLINK_CORESIGHT_WriteAPDPReg(AP reg 0x01, 0x80011140)
T1E60 000:761.483 - 0.203ms returns 0
T1E60 000:761.504 JLINK_CORESIGHT_ReadAPDPReg(AP reg 0x03)
T1E60 000:761.757   Value=0x00000000
T1E60 000:761.786 - 0.282ms returns 0
T1E60 000:761.805 JLINK_CORESIGHT_WriteAPDPReg(AP reg 0x00, 0x80000002)
T1E60 000:762.019 - 0.213ms returns 0
T1E60 000:762.040 JLINK_CORESIGHT_WriteAPDPReg(AP reg 0x01, 0x80011130)
T1E60 000:762.258 - 0.217ms returns 0
T1E60 000:762.279 JLINK_CORESIGHT_ReadAPDPReg(AP reg 0x03)
T1E60 000:762.586   Value=0x000385FF
T1E60 000:762.615 - 0.335ms returns 0
T1E60 000:762.684 JLINK_CORESIGHT_WriteAPDPReg(AP reg 0x00, 0x80000002)
T1E60 000:762.911 - 0.226ms returns 0
T1E60 000:762.940 JLINK_CORESIGHT_WriteAPDPReg(AP reg 0x01, 0x80011140)
T1E60 000:763.157 - 0.217ms returns 0
T1E60 000:763.179 JLINK_CORESIGHT_ReadAPDPReg(AP reg 0x03)
T1E60 000:763.446   Value=0x00000002
T1E60 000:763.476 - 0.297ms returns 0
T1E60 000:763.496 JLINK_CORESIGHT_WriteAPDPReg(AP reg 0x00, 0x80000002)
T1E60 000:763.708 - 0.211ms returns 0
T1E60 000:763.732 JLINK_CORESIGHT_WriteAPDPReg(AP reg 0x01, 0x80011120)
T1E60 000:763.947 - 0.215ms returns 0
T1E60 000:763.971 JLINK_CORESIGHT_WriteAPDPReg(AP reg 0x03, 0x2C010001)
T1E60 000:764.193 - 0.222ms returns 0
T1E60 000:764.238 JLINK_CORESIGHT_WriteAPDPReg(AP reg 0x00, 0x80000002)
T1E60 000:764.590 - 0.352ms returns 0
T1E60 000:764.623 JLINK_CORESIGHT_WriteAPDPReg(AP reg 0x01, 0x80011140)
T1E60 000:765.000 - 0.377ms returns 0
T1E60 000:765.025 JLINK_CORESIGHT_ReadAPDPReg(AP reg 0x03)
T1E60 000:765.283   Value=0x00000002
T1E60 000:765.311 - 0.286ms returns 0
T1E60 000:765.331 JLINK_CORESIGHT_WriteAPDPReg(AP reg 0x00, 0x80000002)
T1E60 000:765.586 - 0.255ms returns 0
T1E60 000:765.615 JLINK_CORESIGHT_WriteAPDPReg(AP reg 0x01, 0x80011120)
T1E60 000:765.833 - 0.218ms returns 0
T1E60 000:765.858 JLINK_CORESIGHT_WriteAPDPReg(AP reg 0x03, 0x000003D3)
T1E60 000:766.072 - 0.213ms returns 0
T1E60 000:766.093 JLINK_CORESIGHT_WriteAPDPReg(AP reg 0x00, 0x80000002)
T1E60 000:766.307 - 0.213ms returns 0
T1E60 000:766.327 JLINK_CORESIGHT_WriteAPDPReg(AP reg 0x01, 0x80011140)
T1E60 000:766.586 - 0.258ms returns 0
T1E60 000:766.608 JLINK_CORESIGHT_ReadAPDPReg(AP reg 0x03)
T1E60 000:766.876   Value=0x00000002
T1E60 000:766.904 - 0.296ms returns 0
T1E60 000:766.923 JLINK_CORESIGHT_ReadAPDPReg(AP reg 0x03)
T1E60 000:767.194   Value=0x00000002
T1E60 000:767.221 - 0.298ms returns 0
T1E60 000:767.241 JLINK_CORESIGHT_ReadAPDPReg(AP reg 0x03)
T1E60 000:767.487   Value=0x00000002
T1E60 000:767.518 - 0.278ms returns 0
T1E60 000:767.540 JLINK_CORESIGHT_ReadAPDPReg(AP reg 0x03)
T1E60 000:767.859   Value=0x00000002
T1E60 000:767.891 - 0.350ms returns 0
T1E60 000:767.913 JLINK_CORESIGHT_ReadAPDPReg(AP reg 0x03)
T1E60 000:768.191   Value=0x00000002
T1E60 000:768.223 - 0.310ms returns 0
T1E60 000:768.259 JLINK_CORESIGHT_ReadAPDPReg(AP reg 0x03)
T1E60 000:768.586   Value=0x00000002
T1E60 000:768.615 - 0.356ms returns 0
T1E60 000:768.634 JLINK_CORESIGHT_ReadAPDPReg(AP reg 0x03)
T1E60 000:768.883   Value=0x00000002
T1E60 000:768.911 - 0.276ms returns 0
T1E60 000:768.930 JLINK_CORESIGHT_ReadAPDPReg(AP reg 0x03)
T1E60 000:769.196   Value=0x00000002
T1E60 000:769.224 - 0.294ms returns 0
T1E60 000:769.243 JLINK_CORESIGHT_ReadAPDPReg(AP reg 0x03)
T1E60 000:769.487   Value=0x00000002
T1E60 000:769.515 - 0.271ms returns 0
T1E60 000:769.534 JLINK_CORESIGHT_ReadAPDPReg(AP reg 0x03)
T1E60 000:769.783   Value=0x00000000
T1E60 000:769.811 - 0.276ms returns 0
T1E60 000:769.833 JLINK_CORESIGHT_WriteAPDPReg(AP reg 0x00, 0x80000002)
T1E60 000:770.052 - 0.219ms returns 0
T1E60 000:770.085 JLINK_CORESIGHT_WriteAPDPReg(AP reg 0x01, 0x80011130)
T1E60 000:770.307 - 0.221ms returns 0
T1E60 000:770.342 JLINK_CORESIGHT_ReadAPDPReg(AP reg 0x03)
T1E60 000:770.612   Value=0x2C020081
T1E60 000:770.645 - 0.303ms returns 0
T1E60 000:770.665 JLINK_CORESIGHT_WriteAPDPReg(AP reg 0x00, 0x80000002)
T1E60 000:770.884 - 0.219ms returns 0
T1E60 000:770.905 JLINK_CORESIGHT_WriteAPDPReg(AP reg 0x01, 0x80011140)
T1E60 000:771.108 - 0.203ms returns 0
T1E60 000:771.129 JLINK_CORESIGHT_ReadAPDPReg(AP reg 0x03)
T1E60 000:771.383   Value=0x00000000
T1E60 000:771.411 - 0.281ms returns 0
T1E60 000:771.430 JLINK_CORESIGHT_WriteAPDPReg(AP reg 0x00, 0x80000002)
T1E60 000:771.667 - 0.236ms returns 0
T1E60 000:771.687 JLINK_CORESIGHT_WriteAPDPReg(AP reg 0x01, 0x80011130)
T1E60 000:771.967 - 0.279ms returns 0
T1E60 000:771.987 JLINK_CORESIGHT_ReadAPDPReg(AP reg 0x03)
T1E60 000:772.250   Value=0x0003CE04
T1E60 000:772.277 - 0.290ms returns 0
T1E60 000:772.301 JLINK_CORESIGHT_WriteAPDPReg(AP reg 0x00, 0x80000002)
T1E60 000:772.509 - 0.207ms returns 0
T1E60 000:772.529 JLINK_CORESIGHT_WriteAPDPReg(AP reg 0x01, 0x80011140)
T1E60 000:772.733 - 0.204ms returns 0
T1E60 000:772.754 JLINK_CORESIGHT_ReadAPDPReg(AP reg 0x03)
T1E60 000:773.008   Value=0x00000002
T1E60 000:773.035 - 0.281ms returns 0
T1E60 000:773.054 JLINK_CORESIGHT_WriteAPDPReg(AP reg 0x00, 0x80000002)
T1E60 000:773.267 - 0.212ms returns 0
T1E60 000:773.287 JLINK_CORESIGHT_WriteAPDPReg(AP reg 0x01, 0x80011120)
T1E60 000:773.509 - 0.222ms returns 0
T1E60 000:773.530 JLINK_CORESIGHT_WriteAPDPReg(AP reg 0x03, 0x73010001)
T1E60 000:773.764 - 0.234ms returns 0
T1E60 000:773.786 JLINK_CORESIGHT_WriteAPDPReg(AP reg 0x00, 0x80000002)
T1E60 000:774.005 - 0.219ms returns 0
T1E60 000:774.026 JLINK_CORESIGHT_WriteAPDPReg(AP reg 0x01, 0x80011140)
T1E60 000:774.231 - 0.205ms returns 0
T1E60 000:774.253 JLINK_CORESIGHT_ReadAPDPReg(AP reg 0x03)
T1E60 000:774.506   Value=0x00000002
T1E60 000:774.534 - 0.281ms returns 0
T1E60 000:774.554 JLINK_CORESIGHT_WriteAPDPReg(AP reg 0x00, 0x80000002)
T1E60 000:774.755 - 0.201ms returns 0
T1E60 000:774.775 JLINK_CORESIGHT_WriteAPDPReg(AP reg 0x01, 0x80011120)
T1E60 000:774.980 - 0.204ms returns 0
T1E60 000:775.000 JLINK_CORESIGHT_WriteAPDPReg(AP reg 0x03, 0x0000038C)
T1E60 000:775.204 - 0.204ms returns 0
T1E60 000:775.225 JLINK_CORESIGHT_WriteAPDPReg(AP reg 0x00, 0x80000002)
T1E60 000:775.443 - 0.218ms returns 0
T1E60 000:775.464 JLINK_CORESIGHT_WriteAPDPReg(AP reg 0x01, 0x80011140)
T1E60 000:775.698 - 0.233ms returns 0
T1E60 000:775.719 JLINK_CORESIGHT_ReadAPDPReg(AP reg 0x03)
T1E60 000:775.981   Value=0x00000002
T1E60 000:776.009 - 0.290ms returns 0
T1E60 000:776.029 JLINK_CORESIGHT_ReadAPDPReg(AP reg 0x03)
T1E60 000:776.280   Value=0x00000002
T1E60 000:776.308 - 0.279ms returns 0
T1E60 000:776.328 JLINK_CORESIGHT_ReadAPDPReg(AP reg 0x03)
T1E60 000:776.583   Value=0x00000002
T1E60 000:776.612 - 0.284ms returns 0
T1E60 000:776.631 JLINK_CORESIGHT_ReadAPDPReg(AP reg 0x03)
T1E60 000:777.016   Value=0x00000002
T1E60 000:777.044 - 0.413ms returns 0
T1E60 000:777.064 JLINK_CORESIGHT_ReadAPDPReg(AP reg 0x03)
T1E60 000:777.299   Value=0x00000002
T1E60 000:777.327 - 0.263ms returns 0
T1E60 000:777.346 JLINK_CORESIGHT_ReadAPDPReg(AP reg 0x03)
T1E60 000:777.609   Value=0x00000002
T1E60 000:777.637 - 0.291ms returns 0
T1E60 000:777.660 JLINK_CORESIGHT_ReadAPDPReg(AP reg 0x03)
T1E60 000:777.905   Value=0x00000002
T1E60 000:777.933 - 0.273ms returns 0
T1E60 000:777.957 JLINK_CORESIGHT_ReadAPDPReg(AP reg 0x03)
T1E60 000:778.221   Value=0x00000002
T1E60 000:778.250 - 0.293ms returns 0
T1E60 000:778.273 JLINK_CORESIGHT_ReadAPDPReg(AP reg 0x03)
T1E60 000:778.584   Value=0x00000002
T1E60 000:778.616 - 0.343ms returns 0
T1E60 000:778.639 JLINK_CORESIGHT_ReadAPDPReg(AP reg 0x03)
T1E60 000:778.938   Value=0x00000000
T1E60 000:778.969 - 0.330ms returns 0
T1E60 000:778.993 JLINK_CORESIGHT_WriteAPDPReg(AP reg 0x00, 0x80000002)
T1E60 000:779.270 - 0.277ms returns 0
T1E60 000:779.303 JLINK_CORESIGHT_WriteAPDPReg(AP reg 0x01, 0x80011130)
T1E60 000:779.586 - 0.283ms returns 0
T1E60 000:779.615 JLINK_CORESIGHT_ReadAPDPReg(AP reg 0x03)
T1E60 000:779.883   Value=0x73020081
T1E60 000:779.917 - 0.302ms returns 0
T1E60 000:779.954 JLINK_CORESIGHT_WriteAPDPReg(AP reg 0x00, 0x80000002)
T1E60 000:780.177 - 0.223ms returns 0
T1E60 000:780.206 JLINK_CORESIGHT_WriteAPDPReg(AP reg 0x01, 0x80011140)
T1E60 000:780.426 - 0.220ms returns 0
T1E60 000:780.455 JLINK_CORESIGHT_ReadAPDPReg(AP reg 0x03)
T1E60 000:780.752   Value=0x00000000
T1E60 000:780.787 - 0.332ms returns 0
T1E60 000:780.814 JLINK_CORESIGHT_WriteAPDPReg(AP reg 0x00, 0x80000002)
T1E60 000:781.033 - 0.219ms returns 0
T1E60 000:781.064 JLINK_CORESIGHT_WriteAPDPReg(AP reg 0x01, 0x80011130)
T1E60 000:781.287 - 0.223ms returns 0
T1E60 000:781.316 JLINK_CORESIGHT_ReadAPDPReg(AP reg 0x03)
T1E60 000:781.636   Value=0x00038902
T1E60 000:781.672 - 0.356ms returns 0
T1E60 000:781.701 JLINK_CORESIGHT_WriteAPDPReg(AP reg 0x00, 0x80000002)
T1E60 000:781.921 - 0.221ms returns 0
T1E60 000:781.954 JLINK_CORESIGHT_WriteAPDPReg(AP reg 0x01, 0x80011140)
T1E60 000:782.225 - 0.271ms returns 0
T1E60 000:782.270 JLINK_CORESIGHT_ReadAPDPReg(AP reg 0x03)
T1E60 000:782.613   Value=0x00000002
T1E60 000:782.653 - 0.383ms returns 0
T1E60 000:782.680 JLINK_CORESIGHT_WriteAPDPReg(AP reg 0x00, 0x80000002)
T1E60 000:782.906 - 0.226ms returns 0
T1E60 000:782.935 JLINK_CORESIGHT_WriteAPDPReg(AP reg 0x01, 0x80011120)
T1E60 000:783.205 - 0.271ms returns 0
T1E60 000:783.228 JLINK_CORESIGHT_WriteAPDPReg(AP reg 0x03, 0x75010001)
T1E60 000:783.469 - 0.241ms returns 0
T1E60 000:783.492 JLINK_CORESIGHT_WriteAPDPReg(AP reg 0x00, 0x80000002)
T1E60 000:783.738 - 0.246ms returns 0
T1E60 000:783.760 JLINK_CORESIGHT_WriteAPDPReg(AP reg 0x01, 0x80011140)
T1E60 000:784.006 - 0.245ms returns 0
T1E60 000:784.090 JLINK_CORESIGHT_ReadAPDPReg(AP reg 0x03)
T1E60 000:784.383   Value=0x00000002
T1E60 000:784.415 - 0.325ms returns 0
T1E60 000:784.436 JLINK_CORESIGHT_WriteAPDPReg(AP reg 0x00, 0x80000002)
T1E60 000:784.705 - 0.269ms returns 0
T1E60 000:784.727 JLINK_CORESIGHT_WriteAPDPReg(AP reg 0x01, 0x80011120)
T1E60 000:784.937 - 0.210ms returns 0
T1E60 000:784.963 JLINK_CORESIGHT_WriteAPDPReg(AP reg 0x03, 0x0000038A)
T1E60 000:785.183 - 0.219ms returns 0
T1E60 000:785.205 JLINK_CORESIGHT_WriteAPDPReg(AP reg 0x00, 0x80000002)
T1E60 000:785.414 - 0.209ms returns 0
T1E60 000:785.436 JLINK_CORESIGHT_WriteAPDPReg(AP reg 0x01, 0x80011140)
T1E60 000:785.706 - 0.270ms returns 0
T1E60 000:785.730 JLINK_CORESIGHT_ReadAPDPReg(AP reg 0x03)
T1E60 000:785.996   Value=0x00000002
T1E60 000:786.024 - 0.294ms returns 0
T1E60 000:786.045 JLINK_CORESIGHT_ReadAPDPReg(AP reg 0x03)
T1E60 000:786.305   Value=0x00000002
T1E60 000:786.333 - 0.287ms returns 0
T1E60 000:786.354 JLINK_CORESIGHT_ReadAPDPReg(AP reg 0x03)
T1E60 000:786.611   Value=0x00000002
T1E60 000:786.640 - 0.286ms returns 0
T1E60 000:786.661 JLINK_CORESIGHT_ReadAPDPReg(AP reg 0x03)
T1E60 000:786.907   Value=0x00000002
T1E60 000:786.935 - 0.274ms returns 0
T1E60 000:786.960 JLINK_CORESIGHT_ReadAPDPReg(AP reg 0x03)
T1E60 000:787.228   Value=0x00000002
T1E60 000:787.263 - 0.302ms returns 0
T1E60 000:787.294 JLINK_CORESIGHT_ReadAPDPReg(AP reg 0x03)
T1E60 000:787.585   Value=0x00000002
T1E60 000:787.615 - 0.329ms returns 0
T1E60 000:787.636 JLINK_CORESIGHT_ReadAPDPReg(AP reg 0x03)
T1E60 000:787.881   Value=0x00000002
T1E60 000:787.909 - 0.273ms returns 0
T1E60 000:787.930 JLINK_CORESIGHT_ReadAPDPReg(AP reg 0x03)
T1E60 000:788.198   Value=0x00000002
T1E60 000:788.227 - 0.296ms returns 0
T1E60 000:788.248 JLINK_CORESIGHT_ReadAPDPReg(AP reg 0x03)
T1E60 000:788.510   Value=0x00000002
T1E60 000:788.546 - 0.298ms returns 0
T1E60 000:788.568 JLINK_CORESIGHT_ReadAPDPReg(AP reg 0x03)
T1E60 000:788.832   Value=0x00000002
T1E60 000:788.865 - 0.296ms returns 0
T1E60 000:788.886 JLINK_CORESIGHT_ReadAPDPReg(AP reg 0x03)
T1E60 000:789.132   Value=0x00000000
T1E60 000:789.161 - 0.274ms returns 0
T1E60 000:789.182 JLINK_CORESIGHT_WriteAPDPReg(AP reg 0x00, 0x80000002)
T1E60 000:789.392 - 0.210ms returns 0
T1E60 000:789.416 JLINK_CORESIGHT_WriteAPDPReg(AP reg 0x01, 0x80011130)
T1E60 000:789.706 - 0.289ms returns 0
T1E60 000:789.728 JLINK_CORESIGHT_ReadAPDPReg(AP reg 0x03)
T1E60 000:789.991   Value=0x75020081
T1E60 000:790.018 - 0.290ms returns 0
T1E60 000:790.039 JLINK_CORESIGHT_WriteAPDPReg(AP reg 0x00, 0x80000002)
T1E60 000:790.256 - 0.216ms returns 0
T1E60 000:790.278 JLINK_CORESIGHT_WriteAPDPReg(AP reg 0x01, 0x80011140)
T1E60 000:790.481 - 0.203ms returns 0
T1E60 000:790.504 JLINK_CORESIGHT_ReadAPDPReg(AP reg 0x03)
T1E60 000:790.890   Value=0x00000000
T1E60 000:790.918 - 0.414ms returns 0
T1E60 000:790.939 JLINK_CORESIGHT_WriteAPDPReg(AP reg 0x00, 0x80000002)
T1E60 000:791.156 - 0.217ms returns 0
T1E60 000:791.178 JLINK_CORESIGHT_WriteAPDPReg(AP reg 0x01, 0x80011130)
T1E60 000:791.465 - 0.287ms returns 0
T1E60 000:791.488 JLINK_CORESIGHT_ReadAPDPReg(AP reg 0x03)
T1E60 000:791.811   Value=0x00038702
T1E60 000:791.839 - 0.351ms returns 0
T1E60 000:793.086 JLINK_CORESIGHT_WriteAPDPReg(AP reg 0x00, 0x80000002)
T1E60 000:793.358 - 0.271ms returns 0
T1E60 000:793.380 JLINK_CORESIGHT_WriteAPDPReg(AP reg 0x01, 0x80011140)
T1E60 000:793.585 - 0.205ms returns 0
T1E60 000:793.607 JLINK_CORESIGHT_ReadAPDPReg(AP reg 0x03)
T1E60 000:793.869   Value=0x00000002
T1E60 000:793.899 - 0.292ms returns 0
T1E60 000:793.920 JLINK_CORESIGHT_WriteAPDPReg(AP reg 0x00, 0x80000002)
T1E60 000:794.132 - 0.212ms returns 0
T1E60 000:794.153 JLINK_CORESIGHT_WriteAPDPReg(AP reg 0x01, 0x80011120)
T1E60 000:794.357 - 0.203ms returns 0
T1E60 000:794.378 JLINK_CORESIGHT_WriteAPDPReg(AP reg 0x03, 0x4F010001)
T1E60 000:794.587 - 0.209ms returns 0
T1E60 000:794.612 JLINK_CORESIGHT_WriteAPDPReg(AP reg 0x00, 0x80000002)
T1E60 000:794.830 - 0.218ms returns 0
T1E60 000:794.852 JLINK_CORESIGHT_WriteAPDPReg(AP reg 0x01, 0x80011140)
T1E60 000:795.067 - 0.215ms returns 0
T1E60 000:795.090 JLINK_CORESIGHT_ReadAPDPReg(AP reg 0x03)
T1E60 000:795.358   Value=0x00000002
T1E60 000:795.393 - 0.303ms returns 0
T1E60 000:795.415 JLINK_CORESIGHT_WriteAPDPReg(AP reg 0x00, 0x80000002)
T1E60 000:795.636 - 0.221ms returns 0
T1E60 000:795.659 JLINK_CORESIGHT_WriteAPDPReg(AP reg 0x01, 0x80011120)
T1E60 000:795.883 - 0.223ms returns 0
T1E60 000:795.906 JLINK_CORESIGHT_WriteAPDPReg(AP reg 0x03, 0x000003B0)
T1E60 000:796.133 - 0.227ms returns 0
T1E60 000:796.158 JLINK_CORESIGHT_WriteAPDPReg(AP reg 0x00, 0x80000002)
T1E60 000:796.383 - 0.225ms returns 0
T1E60 000:796.408 JLINK_CORESIGHT_WriteAPDPReg(AP reg 0x01, 0x80011140)
T1E60 000:796.635 - 0.227ms returns 0
T1E60 000:796.658 JLINK_CORESIGHT_ReadAPDPReg(AP reg 0x03)
T1E60 000:796.908   Value=0x00000002
T1E60 000:796.941 - 0.283ms returns 0
T1E60 000:796.966 JLINK_CORESIGHT_ReadAPDPReg(AP reg 0x03)
T1E60 000:797.210   Value=0x00000002
T1E60 000:797.239 - 0.272ms returns 0
T1E60 000:797.259 JLINK_CORESIGHT_ReadAPDPReg(AP reg 0x03)
T1E60 000:797.507   Value=0x00000000
T1E60 000:797.536 - 0.277ms returns 0
T1E60 000:797.557 JLINK_CORESIGHT_WriteAPDPReg(AP reg 0x00, 0x80000002)
T1E60 000:797.757 - 0.200ms returns 0
T1E60 000:797.779 JLINK_CORESIGHT_WriteAPDPReg(AP reg 0x01, 0x80011130)
T1E60 000:797.994 - 0.215ms returns 0
T1E60 000:798.020 JLINK_CORESIGHT_ReadAPDPReg(AP reg 0x03)
T1E60 000:798.282   Value=0x4F0B0081
T1E60 000:798.311 - 0.291ms returns 0
T1E60 000:798.336 JLINK_CORESIGHT_WriteAPDPReg(AP reg 0x00, 0x80000002)
T1E60 000:798.587 - 0.251ms returns 0
T1E60 000:798.614 JLINK_CORESIGHT_WriteAPDPReg(AP reg 0x01, 0x80011140)
T1E60 000:798.835 - 0.220ms returns 0
T1E60 000:798.865 JLINK_CORESIGHT_ReadAPDPReg(AP reg 0x03)
T1E60 000:799.135   Value=0x00000000
T1E60 000:799.171 - 0.305ms returns 0
T1E60 000:799.195 JLINK_CORESIGHT_WriteAPDPReg(AP reg 0x00, 0x80000002)
T1E60 000:799.587 - 0.391ms returns 0
T1E60 000:799.615 JLINK_CORESIGHT_WriteAPDPReg(AP reg 0x01, 0x80011130)
T1E60 000:799.834 - 0.219ms returns 0
T1E60 000:799.861 JLINK_CORESIGHT_ReadAPDPReg(AP reg 0x03)
T1E60 000:800.136   Value=0x40000000
T1E60 000:800.172 - 0.310ms returns 0
T1E60 000:800.197 JLINK_CORESIGHT_WriteAPDPReg(AP reg 0x00, 0x80000002)
T1E60 000:800.421 - 0.224ms returns 0
T1E60 000:800.455 JLINK_CORESIGHT_WriteAPDPReg(AP reg 0x01, 0x80011140)
T1E60 000:800.719 - 0.264ms returns 0
T1E60 000:800.745 JLINK_CORESIGHT_ReadAPDPReg(AP reg 0x03)
T1E60 000:801.009   Value=0x00000000
T1E60 000:801.044 - 0.299ms returns 0
T1E60 000:801.069 JLINK_CORESIGHT_WriteAPDPReg(AP reg 0x00, 0x80000002)
T1E60 000:801.295 - 0.225ms returns 0
T1E60 000:801.321 JLINK_CORESIGHT_WriteAPDPReg(AP reg 0x01, 0x80011130)
T1E60 000:801.587 - 0.266ms returns 0
T1E60 000:801.614 JLINK_CORESIGHT_ReadAPDPReg(AP reg 0x03)
T1E60 000:801.884   Value=0x00000000
T1E60 000:801.920 - 0.306ms returns 0
T1E60 000:801.950 JLINK_CORESIGHT_WriteAPDPReg(AP reg 0x00, 0x80000002)
T1E60 000:802.174 - 0.224ms returns 0
T1E60 000:802.201 JLINK_CORESIGHT_WriteAPDPReg(AP reg 0x01, 0x80011140)
T1E60 000:802.474 - 0.273ms returns 0
T1E60 000:802.501 JLINK_CORESIGHT_ReadAPDPReg(AP reg 0x03)
T1E60 000:802.760   Value=0x00000000
T1E60 000:802.796 - 0.295ms returns 0
T1E60 000:802.822 JLINK_CORESIGHT_WriteAPDPReg(AP reg 0x00, 0x80000002)
T1E60 000:803.049 - 0.227ms returns 0
T1E60 000:803.080 JLINK_CORESIGHT_WriteAPDPReg(AP reg 0x01, 0x80011130)
T1E60 000:803.615 - 0.535ms returns 0
T1E60 000:803.702 JLINK_CORESIGHT_ReadAPDPReg(AP reg 0x03)
T1E60 000:804.010   Value=0x03660000
T1E60 000:804.067 - 0.365ms returns 0
T1E60 000:804.164 JLINK_CORESIGHT_ReadAPDPReg(DP reg 0x01)
T1E60 000:804.455   Value=0xF0000F40
T1E60 000:804.487 - 0.323ms returns 0
T1E60 000:804.507 JLINK_CORESIGHT_WriteAPDPReg(DP reg 0x01, 0xA0000F40)
T1E60 000:804.707 - 0.201ms returns 0
T1E60 000:804.729 JLINK_CORESIGHT_ReadAPDPReg(DP reg 0x01)
T1E60 000:804.946   Value=0x00000F40
T1E60 000:804.973 - 0.244ms returns 0
T1E60 000:804.993 JLINK_ClrRESET()
T1E60 000:805.214 - 0.221ms 
T1E60 000:908.760 JLINK_Close()
T1E60 000:927.541 - 18.781ms
T1E60 000:927.679   
T1E60 000:927.728   Closed
