Archive member included to satisfy reference by file (symbol)

C:/Users/a5143778/Documents/MC_Greece/MC_Greece/RA6T2_MCIHV1_IPM_LESS_FOC_WHOLE_PFC_E2S_V100/src/application/user_interface/ics/ICS2_RA6T2.o(ICS2_RA6T2.o)
                              ./src/application/user_interface/ics/r_mtr_ics.o (ics2_watchpoint)
C:\Users\a5143778\Documents\MC_Greece\MC_Greece\RA6T2_MCIHV1_IPM_LESS_FOC_WHOLE_PFC_E2S_V100\src\application\motor_module\current\libr_motor_current_bemf_observer.a(r_motor_current_bemf_observer.o)
                              ./src/application/motor_module/current/r_motor_current.o (motor_current_bemf_observer_start)
C:\Users\a5143778\Documents\MC_Greece\MC_Greece\RA6T2_MCIHV1_IPM_LESS_FOC_WHOLE_PFC_E2S_V100\src\application\motor_module\current\libr_motor_current_lowspd_sensorless.a(r_motor_current_lowspd_sensorless.o)
                              ./src/application/motor_module/current/r_motor_current_api.o (motor_current_lowspdsensorless_init)
C:\Users\a5143778\Documents\MC_Greece\MC_Greece\RA6T2_MCIHV1_IPM_LESS_FOC_WHOLE_PFC_E2S_V100\src\application\motor_module\current\libr_motor_current_stall_detection.a(r_motor_current_stall_detection.o)
                              ./src/application/motor_module/current/r_motor_current_api.o (motor_current_stall_detection_init)
C:\Users\a5143778\Documents\MC_Greece\MC_Greece\RA6T2_MCIHV1_IPM_LESS_FOC_WHOLE_PFC_E2S_V100\src\application\motor_module\current\libr_motor_current_trq_vib_comp.a(r_motor_current_trq_vib_comp.o)
                              ./src/application/motor_module/current/r_motor_current_api.o (motor_current_trq_vibration_compensation_init)
C:\Users\a5143778\Documents\MC_Greece\MC_Greece\RA6T2_MCIHV1_IPM_LESS_FOC_WHOLE_PFC_E2S_V100\src\application\motor_module\current\libr_motor_current_volt_err_comp.a(r_motor_current_volt_err_comp.o)
                              ./src/application/motor_module/current/r_motor_current_api.o (motor_current_volt_err_comp_init)
C:\Users\a5143778\Documents\MC_Greece\MC_Greece\RA6T2_MCIHV1_IPM_LESS_FOC_WHOLE_PFC_E2S_V100\src\application\motor_module\sensorless_vector\libr_motor_sensorless_vector_flyingstart.a(r_motor_sensorless_vector_flyingstart.o)
                              ./src/application/motor_module/sensorless_vector/r_motor_sensorless_vector_api.o (motor_flying_start_init)
C:/Program Files (x86)/Arm GNU Toolchain arm-none-eabi/13.2 Rel1/bin/../lib/gcc/arm-none-eabi/13.2.1/thumb/v8-m.main+fp/hard\libgcc.a(_arm_addsubdf3.o)
                              ./src/application/motor_module/current/r_motor_current_api.o (__aeabi_f2d)
C:/Program Files (x86)/Arm GNU Toolchain arm-none-eabi/13.2 Rel1/bin/../lib/gcc/arm-none-eabi/13.2.1/thumb/v8-m.main+fp/hard\libgcc.a(_arm_truncdfsf2.o)
                              ./src/application/motor_module/current/r_motor_current_api.o (__aeabi_d2f)
C:/Program Files (x86)/Arm GNU Toolchain arm-none-eabi/13.2 Rel1/bin/../lib/gcc/arm-none-eabi/13.2.1/thumb/v8-m.main+fp/hard\libg_nano.a(libc_a-exit.o)
                              C:/Program Files (x86)/Arm GNU Toolchain arm-none-eabi/13.2 Rel1/bin/../lib/gcc/arm-none-eabi/13.2.1/thumb/v8-m.main+fp/hard/rdimon-crt0.o (exit)
C:/Program Files (x86)/Arm GNU Toolchain arm-none-eabi/13.2 Rel1/bin/../lib/gcc/arm-none-eabi/13.2.1/thumb/v8-m.main+fp/hard\libg_nano.a(libc_a-findfp.o)
                              C:/Program Files (x86)/Arm GNU Toolchain arm-none-eabi/13.2 Rel1/bin/../lib/gcc/arm-none-eabi/13.2.1/thumb/v8-m.main+fp/hard\libg_nano.a(libc_a-exit.o) (__stdio_exit_handler)
C:/Program Files (x86)/Arm GNU Toolchain arm-none-eabi/13.2 Rel1/bin/../lib/gcc/arm-none-eabi/13.2.1/thumb/v8-m.main+fp/hard\libg_nano.a(libc_a-fwalk.o)
                              C:/Program Files (x86)/Arm GNU Toolchain arm-none-eabi/13.2 Rel1/bin/../lib/gcc/arm-none-eabi/13.2.1/thumb/v8-m.main+fp/hard\libg_nano.a(libc_a-findfp.o) (_fwalk_sglue)
C:/Program Files (x86)/Arm GNU Toolchain arm-none-eabi/13.2 Rel1/bin/../lib/gcc/arm-none-eabi/13.2.1/thumb/v8-m.main+fp/hard\libg_nano.a(libc_a-stdio.o)
                              C:/Program Files (x86)/Arm GNU Toolchain arm-none-eabi/13.2 Rel1/bin/../lib/gcc/arm-none-eabi/13.2.1/thumb/v8-m.main+fp/hard\libg_nano.a(libc_a-findfp.o) (__sread)
C:/Program Files (x86)/Arm GNU Toolchain arm-none-eabi/13.2 Rel1/bin/../lib/gcc/arm-none-eabi/13.2.1/thumb/v8-m.main+fp/hard\libg_nano.a(libc_a-memset.o)
                              C:/Program Files (x86)/Arm GNU Toolchain arm-none-eabi/13.2 Rel1/bin/../lib/gcc/arm-none-eabi/13.2.1/thumb/v8-m.main+fp/hard/rdimon-crt0.o (memset)
C:/Program Files (x86)/Arm GNU Toolchain arm-none-eabi/13.2 Rel1/bin/../lib/gcc/arm-none-eabi/13.2.1/thumb/v8-m.main+fp/hard\libg_nano.a(libc_a-closer.o)
                              C:/Program Files (x86)/Arm GNU Toolchain arm-none-eabi/13.2 Rel1/bin/../lib/gcc/arm-none-eabi/13.2.1/thumb/v8-m.main+fp/hard\libg_nano.a(libc_a-stdio.o) (_close_r)
[...]
Memory Configuration

Name             Origin             Length             Attributes
RAM              0x20000000         0x00010000         xrw
FLASH            0x00000000         0x00080000         xr
DATA_FLASH       0x08000000         0x00004000         xr
OPTION_SETTING_OFS0 0x0100a100         0x00000004         r
OPTION_SETTING_OFS1 0x0100a180         0x00000004         r
OPTION_SETTING_BPS 0x0100a1c0         0x00000004         r
OPTION_SETTING_PBPS 0x0100a1e0         0x00000004         r
OPTION_SETTING_OFS1_SEC 0x0100a200         0x00000004         r
OPTION_SETTING_BPS_SEC 0x0100a240         0x00000004         r
OPTION_SETTING_PBPS_SEC 0x0100a260         0x0000000c         r
OPTION_SETTING_OFS1_SEL 0x0100a280         0x00000004         r
OPTION_SETTING_BPS_SEL 0x0100a2c0         0x00000004         r
*default*        0x00000000         0xffffffff

Linker script and memory map

LOAD C:/Program Files (x86)/Arm GNU Toolchain arm-none-eabi/13.2 Rel1/bin/../lib/gcc/arm-none-eabi/13.2.1/thumb/v8-m.main+fp/hard/crti.o
LOAD C:/Program Files (x86)/Arm GNU Toolchain arm-none-eabi/13.2 Rel1/bin/../lib/gcc/arm-none-eabi/13.2.1/thumb/v8-m.main+fp/hard/crtbegin.o
LOAD C:/Program Files (x86)/Arm GNU Toolchain arm-none-eabi/13.2 Rel1/bin/../lib/gcc/arm-none-eabi/13.2.1/thumb/v8-m.main+fp/hard/rdimon-crt0.o
START GROUP
LOAD ./src/application/user_interface/ics/r_mtr_ics.o
LOAD ./src/application/system_module/system_manager/r_system_manager.o
LOAD ./src/application/system_module/system_manager/r_system_manager_api.o
LOAD ./src/application/pfc_module/pfc_systask/r_pfc_manager.o
LOAD ./src/application/pfc_module/pfc_systask/r_pfc_manager_api.o
LOAD ./src/application/pfc_module/pfc_systask/r_pfc_manager_protection.o
LOAD ./src/application/pfc_module/pfc_general/r_pfc_filter.o
LOAD ./src/application/pfc_module/pfc_general/r_pfc_pi_control.o
LOAD ./src/application/pfc_module/pfc_driver/r_pfc_driver.o
LOAD ./src/application/pfc_module/pfc_ctrl/r_pfc_ctrl.o
LOAD ./src/application/pfc_module/pfc_ctrl/r_pfc_ctrl_api.o
LOAD ./src/application/motor_module/speed/r_motor_speed.o
LOAD ./src/application/motor_module/speed/r_motor_speed_api.o
LOAD ./src/application/motor_module/speed/r_motor_speed_extobserver.o
LOAD ./src/application/motor_module/speed/r_motor_speed_fluxwkn.o
LOAD ./src/application/motor_module/speed/r_motor_speed_mtpa.o
LOAD ./src/application/motor_module/speed/r_motor_speed_pi_gain_calc.o
LOAD ./src/application/motor_module/sensorless_vector/r_motor_sensorless_vector_action.o
LOAD ./src/application/motor_module/sensorless_vector/r_motor_sensorless_vector_api.o
LOAD ./src/application/motor_module/sensorless_vector/r_motor_sensorless_vector_manager.o
LOAD ./src/application/motor_module/sensorless_vector/r_motor_sensorless_vector_protection.o
LOAD ./src/application/motor_module/sensorless_vector/r_motor_sensorless_vector_statemachine.o
LOAD ./src/application/motor_module/general/r_motor_filter.o
LOAD ./src/application/motor_module/general/r_motor_pi_control.o
LOAD ./src/application/motor_module/driver/r_motor_driver.o
LOAD ./src/application/motor_module/driver/r_motor_driver_fsp.o
LOAD ./src/application/motor_module/current/r_motor_current.o
LOAD ./src/application/motor_module/current/r_motor_current_api.o
LOAD ./src/application/motor_module/current/r_motor_current_modulation.o
LOAD ./src/application/motor_module/current/r_motor_current_pi_gain_calc.o
LOAD ./src/application/main/mtr_main.o
LOAD ./src/hal_entry.o
LOAD ./ra_gen/common_data.o
LOAD ./ra_gen/hal_data.o
LOAD ./ra_gen/main.o
LOAD ./ra_gen/pin_data.o
LOAD ./ra_gen/vector_data.o
LOAD ./ra/fsp/src/r_spi_b/r_spi_b.o
LOAD ./ra/fsp/src/r_poeg/r_poeg.o
LOAD ./ra/fsp/src/r_ioport/r_ioport.o
LOAD ./ra/fsp/src/r_icu/r_icu.o
LOAD ./ra/fsp/src/r_gpt_three_phase/r_gpt_three_phase.o
LOAD ./ra/fsp/src/r_gpt/r_gpt.o
LOAD ./ra/fsp/src/r_agt/r_agt.o
LOAD ./ra/fsp/src/r_adc_b/r_adc_b.o
LOAD ./ra/fsp/src/bsp/mcu/ra6t2/bsp_linker.o
LOAD ./ra/fsp/src/bsp/mcu/all/bsp_clocks.o
LOAD ./ra/fsp/src/bsp/mcu/all/bsp_common.o
LOAD ./ra/fsp/src/bsp/mcu/all/bsp_delay.o
LOAD ./ra/fsp/src/bsp/mcu/all/bsp_group_irq.o
LOAD ./ra/fsp/src/bsp/mcu/all/bsp_guard.o
LOAD ./ra/fsp/src/bsp/mcu/all/bsp_io.o
LOAD ./ra/fsp/src/bsp/mcu/all/bsp_ipc.o
LOAD ./ra/fsp/src/bsp/mcu/all/bsp_irq.o
LOAD ./ra/fsp/src/bsp/mcu/all/bsp_macl.o
LOAD ./ra/fsp/src/bsp/mcu/all/bsp_ospi_b.o
LOAD ./ra/fsp/src/bsp/mcu/all/bsp_register_protection.o
LOAD ./ra/fsp/src/bsp/mcu/all/bsp_sbrk.o
LOAD ./ra/fsp/src/bsp/mcu/all/bsp_sdram.o
LOAD ./ra/fsp/src/bsp/mcu/all/bsp_security.o
LOAD ./ra/fsp/src/bsp/cmsis/Device/RENESAS/Source/startup.o
LOAD ./ra/fsp/src/bsp/cmsis/Device/RENESAS/Source/system.o
LOAD C:/Users/a5143778/Documents/MC_Greece/MC_Greece/RA6T2_MCIHV1_IPM_LESS_FOC_WHOLE_PFC_E2S_V100/src/application/user_interface/ics/ICS2_RA6T2.o
LOAD C:\Users\a5143778\Documents\MC_Greece\MC_Greece\RA6T2_MCIHV1_IPM_LESS_FOC_WHOLE_PFC_E2S_V100\src\application\motor_module\current\libr_motor_current_bemf_observer.a
LOAD C:\Users\a5143778\Documents\MC_Greece\MC_Greece\RA6T2_MCIHV1_IPM_LESS_FOC_WHOLE_PFC_E2S_V100\src\application\motor_module\current\libr_motor_current_lowspd_sensorless.a
LOAD C:\Users\a5143778\Documents\MC_Greece\MC_Greece\RA6T2_MCIHV1_IPM_LESS_FOC_WHOLE_PFC_E2S_V100\src\application\motor_module\current\libr_motor_current_stall_detection.a
LOAD C:\Users\a5143778\Documents\MC_Greece\MC_Greece\RA6T2_MCIHV1_IPM_LESS_FOC_WHOLE_PFC_E2S_V100\src\application\motor_module\current\libr_motor_current_trq_vib_comp.a
LOAD C:\Users\a5143778\Documents\MC_Greece\MC_Greece\RA6T2_MCIHV1_IPM_LESS_FOC_WHOLE_PFC_E2S_V100\src\application\motor_module\current\libr_motor_current_volt_err_comp.a
LOAD C:\Users\a5143778\Documents\MC_Greece\MC_Greece\RA6T2_MCIHV1_IPM_LESS_FOC_WHOLE_PFC_E2S_V100\src\application\motor_module\sensorless_vector\libr_motor_sensorless_vector_flyingstart.a
END GROUP
START GROUP
LOAD C:/Program Files (x86)/Arm GNU Toolchain arm-none-eabi/13.2 Rel1/bin/../lib/gcc/arm-none-eabi/13.2.1/thumb/v8-m.main+fp/hard\libgcc.a
LOAD C:/Program Files (x86)/Arm GNU Toolchain arm-none-eabi/13.2 Rel1/bin/../lib/gcc/arm-none-eabi/13.2.1/thumb/v8-m.main+fp/hard\libg_nano.a
LOAD C:/Program Files (x86)/Arm GNU Toolchain arm-none-eabi/13.2 Rel1/bin/../lib/gcc/arm-none-eabi/13.2.1/thumb/v8-m.main+fp/hard\libc_nano.a
END GROUP
START GROUP
LOAD C:/Program Files (x86)/Arm GNU Toolchain arm-none-eabi/13.2 Rel1/bin/../lib/gcc/arm-none-eabi/13.2.1/thumb/v8-m.main+fp/hard\libgcc.a
LOAD C:/Program Files (x86)/Arm GNU Toolchain arm-none-eabi/13.2 Rel1/bin/../lib/gcc/arm-none-eabi/13.2.1/thumb/v8-m.main+fp/hard\libc_nano.a
LOAD C:/Program Files (x86)/Arm GNU Toolchain arm-none-eabi/13.2 Rel1/bin/../lib/gcc/arm-none-eabi/13.2.1/thumb/v8-m.main+fp/hard\librdimon_nano.a
END GROUP
START GROUP
LOAD C:/Program Files (x86)/Arm GNU Toolchain arm-none-eabi/13.2 Rel1/bin/../lib/gcc/arm-none-eabi/13.2.1/thumb/v8-m.main+fp/hard\libgcc.a
LOAD C:/Program Files (x86)/Arm GNU Toolchain arm-none-eabi/13.2 Rel1/bin/../lib/gcc/arm-none-eabi/13.2.1/thumb/v8-m.main+fp/hard\libc_nano.a
LOAD C:/Program Files (x86)/Arm GNU Toolchain arm-none-eabi/13.2 Rel1/bin/../lib/gcc/arm-none-eabi/13.2.1/thumb/v8-m.main+fp/hard\librdimon_nano.a
END GROUP
LOAD C:/Program Files (x86)/Arm GNU Toolchain arm-none-eabi/13.2 Rel1/bin/../lib/gcc/arm-none-eabi/13.2.1/thumb/v8-m.main+fp/hard/crtend.o
LOAD C:/Program Files (x86)/Arm GNU Toolchain arm-none-eabi/13.2 Rel1/bin/../lib/gcc/arm-none-eabi/13.2.1/thumb/v8-m.main+fp/hard/crtn.o
                0x20000000                        RAM_START = 0x20000000
                0x00010000                        RAM_LENGTH = 0x10000
                0x00000000                        FLASH_START = 0x0
                0x00080000                        FLASH_LENGTH = 0x80000
                0x08000000                        DATA_FLASH_START = 0x8000000
                0x00004000                        DATA_FLASH_LENGTH = 0x4000
                0x0100a100                        OPTION_SETTING_OFS0_START = 0x100a100
                0x00000004                        OPTION_SETTING_OFS0_LENGTH = 0x4
                0x0100a180                        OPTION_SETTING_OFS1_START = 0x100a180
                0x00000004                        OPTION_SETTING_OFS1_LENGTH = 0x4
                0x0100a1c0                        OPTION_SETTING_BPS_START = 0x100a1c0
                0x00000004                        OPTION_SETTING_BPS_LENGTH = 0x4
                0x0100a1e0                        OPTION_SETTING_PBPS_START = 0x100a1e0
                0x00000004                        OPTION_SETTING_PBPS_LENGTH = 0x4
                0x0100a200                        OPTION_SETTING_OFS1_SEC_START = 0x100a200
                0x00000004                        OPTION_SETTING_OFS1_SEC_LENGTH = 0x4
                0x0100a240                        OPTION_SETTING_BPS_SEC_START = 0x100a240
                0x00000004                        OPTION_SETTING_BPS_SEC_LENGTH = 0x4
                0x0100a260                        OPTION_SETTING_PBPS_SEC_START = 0x100a260
                0x0000000c                        OPTION_SETTING_PBPS_SEC_LENGTH = 0xc
                0x0100a280                        OPTION_SETTING_OFS1_SEL_START = 0x100a280
                0x00000004                        OPTION_SETTING_OFS1_SEL_LENGTH = 0x4
                0x0100a2c0                        OPTION_SETTING_BPS_SEL_START = 0x100a2c0
                0x00000004                        OPTION_SETTING_BPS_SEL_LENGTH = 0x4
START GROUP
LOAD C:/Program Files (x86)/Arm GNU Toolchain arm-none-eabi/13.2 Rel1/bin/../lib/gcc/arm-none-eabi/13.2.1/thumb/v8-m.main+fp/hard\libgcc.a
LOAD C:/Program Files (x86)/Arm GNU Toolchain arm-none-eabi/13.2 Rel1/bin/../lib/gcc/arm-none-eabi/13.2.1/thumb/v8-m.main+fp/hard\libc.a
LOAD C:/Program Files (x86)/Arm GNU Toolchain arm-none-eabi/13.2 Rel1/bin/../lib/gcc/arm-none-eabi/13.2.1/thumb/v8-m.main+fp/hard\libm.a
END GROUP

.data_flash.startof
                0x08000000        0x0
                0x08000000                        __ddsc_DATA_FLASH_START = .

.ram.startof    0x20000000        0x0
                0x20000000                        __ddsc_RAM_START = .

__ram_dtc_vector$$
                0x20000000        0x0
                0x20000000                        __ram_dtc_vector$$Base = .
 *(.fsp_dtc_vector_table)
                0x20000000                        __ram_dtc_vector$$Limit = .

__ram_from_data_flash$$
                0x20000000        0x0 load address 0x08000000
                0x20000000                        __ram_from_data_flash$$Base = .
                0x08000000                        __ram_from_data_flash$$Load = LOADADDR (__ram_from_data_flash$$)
 *(.ram_from_data_flash)
 *(.ram_code_from_data_flash)
                0x20000000                        __ram_from_data_flash$$Limit = .

__data_flash_readonly$$
                0x08000000        0x0
                0x08000000                        __data_flash_readonly$$Base = .
 *(.data_flash)
 *(.data_flash_code)
                0x08000000                        __data_flash_readonly$$Limit = .

__data_flash_noinit$$
                0x08000000        0x0
                0x08000000                        __data_flash_noinit$$Base = .
 *(.data_flash_noinit)
                0x08000000                        __data_flash_noinit$$Limit = .

.data_flash.endof
                0x08000000        0x0
                0x08000000                        __ddsc_DATA_FLASH_END = .

.flash.startof  0x00000000        0x0
                0x00000000                        __ddsc_FLASH_START = .

__flash_vectors$$
                0x00000000       0x70
                0x00000000                        __flash_vectors$$Base = .
                0x00000000                        _VECTORS = .
 *(.fixed_vectors)
 .fixed_vectors
                0x00000000       0x40 ./ra/fsp/src/bsp/cmsis/Device/RENESAS/Source/startup.o
                0x00000000                __Vectors
 *(.application_vectors)
 .application_vectors
                0x00000040       0x30 ./ra_gen/vector_data.o
                0x00000040                g_vector_table
                0x00000070                        __flash_vectors$$Limit = .

__flash_noinit$$
                0x00000070        0x0
                0x00000070                        __flash_noinit$$Base = .
 *(.flash_noinit)
                0x00000070                        __flash_noinit$$Limit = .

__ram_from_flash$$
                0x20000000        0x0 load address 0x00000070
                0x20000000                        __ram_from_flash$$Base = .
                0x00000070                        __ram_from_flash$$Load = LOADADDR (__ram_from_flash$$)
 *(.ram_from_flash)
 *(.ram_code_from_flash)
 *(.data*)
 *(vtable)
                0x20000000                        __ram_from_flash$$Limit = .

__ram_noinit_nocache$$
                0x20000000        0x0 load address 0x00000080
                0x20000000                        __ram_noinit_nocache$$Base = .
 *(.ram_noinit_nocache)
                0x20000000                        __ram_noinit_nocache$$Limit = .

__ram_zero_nocache$$
                0x20000000        0x0 load address 0x00000070
                0x20000000                        __ram_zero_nocache$$Base = .
 *(.ram_nocache)
                0x20000000                        . = ALIGN (0x20)
                0x20000000                        __ram_zero_nocache$$Limit = .

__ram_noinit$$  0x20000000      0x41c load address 0x00000070
                0x20000000                        __ram_noinit$$Base = .
 *(.bss.g_heap)
 *(.bss.g_main_stack)
 .bss.g_main_stack
                0x20000000      0x400 ./ra/fsp/src/bsp/cmsis/Device/RENESAS/Source/startup.o
                0x20000000                g_main_stack
 *(.ram_noinit)
 .ram_noinit    0x20000400       0x1c ./ra/fsp/src/bsp/mcu/all/bsp_clocks.o
 *(.noinit)
                0x2000041c                        __ram_noinit$$Limit = .

__ram_zero$$    0x2000041c       0x9c load address 0x00000070
                0x2000041c                        __ram_zero$$Base = .
 *(.ram)
 *(.bss*)
 .bss.completed.1
                0x2000041c        0x1 C:/Program Files (x86)/Arm GNU Toolchain arm-none-eabi/13.2 Rel1/bin/../lib/gcc/arm-none-eabi/13.2.1/thumb/v8-m.main+fp/hard/crtbegin.o
 *fill*         0x2000041d        0x3 
 .bss.object.0  0x20000420       0x18 C:/Program Files (x86)/Arm GNU Toolchain arm-none-eabi/13.2 Rel1/bin/../lib/gcc/arm-none-eabi/13.2.1/thumb/v8-m.main+fp/hard/crtbegin.o
 .bss.g_bsp_group_irq_sources
                0x20000438       0x40 ./ra/fsp/src/bsp/mcu/all/bsp_group_irq.o
                0x20000438                g_bsp_group_irq_sources
 .bss.gp_renesas_isr_context
                0x20000478       0x30 ./ra/fsp/src/bsp/mcu/all/bsp_irq.o
                0x20000478                gp_renesas_isr_context
 .bss.g_protect_counters
                0x200004a8        0xa ./ra/fsp/src/bsp/mcu/all/bsp_register_protection.o
                0x200004a8                g_protect_counters
 *fill*         0x200004b2        0x2 
 .bss.SystemCoreClock
                0x200004b4        0x4 ./ra/fsp/src/bsp/cmsis/Device/RENESAS/Source/system.o
                0x200004b4                SystemCoreClock
                0x200004b8                        __ram_zero$$Limit = .

__ram_thread_stack$$
                0x200004b8        0x0 load address 0x00000070
                0x200004b8                        __ram_thread_stack$$Base = .
 *(.stack?*)
                0x200004b8                        __ram_thread_stack$$Limit = .

.ram.endof      0x20002000        0x0
                0x20002000                        __ddsc_RAM_END = .

.ram.flat_nsc   0x20002000        0x0
                0x20002000                        __ddsc_RAM_NSC = .

__flash_readonly$$
                0x00000070      0xce8
                0x00000070                        __flash_readonly$$Base = .
 *(.flash)
 *(.flash_code)
 *(.text*)
 .text.deregister_tm_clones
                0x00000070       0x1c C:/Program Files (x86)/Arm GNU Toolchain arm-none-eabi/13.2 Rel1/bin/../lib/gcc/arm-none-eabi/13.2.1/thumb/v8-m.main+fp/hard/crtbegin.o
 .text.register_tm_clones
                0x0000008c       0x28 C:/Program Files (x86)/Arm GNU Toolchain arm-none-eabi/13.2 Rel1/bin/../lib/gcc/arm-none-eabi/13.2.1/thumb/v8-m.main+fp/hard/crtbegin.o
 .text.__do_global_dtors_aux
                0x000000b4       0x28 C:/Program Files (x86)/Arm GNU Toolchain arm-none-eabi/13.2 Rel1/bin/../lib/gcc/arm-none-eabi/13.2.1/thumb/v8-m.main+fp/hard/crtbegin.o
 .text.frame_dummy
                0x000000dc       0x24 C:/Program Files (x86)/Arm GNU Toolchain arm-none-eabi/13.2 Rel1/bin/../lib/gcc/arm-none-eabi/13.2.1/thumb/v8-m.main+fp/hard/crtbegin.o
 .text.hal_entry
                0x00000100        0x4 ./src/hal_entry.o
                0x00000100                hal_entry
 .text.startup.main
                0x00000104        0xc ./ra_gen/main.o
                0x00000104                main
 .text.r_spi_b_transmit
                0x00000110       0x40 ./ra/fsp/src/r_spi_b/r_spi_b.o
 .text.r_spi_b_call_callback
                0x00000150       0x40 ./ra/fsp/src/r_spi_b/r_spi_b.o
 .text.spi_b_rxi_isr
                0x00000190       0x9c ./ra/fsp/src/r_spi_b/r_spi_b.o
                0x00000190                spi_b_rxi_isr
 .text.spi_b_txi_isr
                0x0000022c       0x24 ./ra/fsp/src/r_spi_b/r_spi_b.o
                0x0000022c                spi_b_txi_isr
 .text.spi_b_tei_isr
                0x00000250       0xd0 ./ra/fsp/src/r_spi_b/r_spi_b.o
                0x00000250                spi_b_tei_isr
 .text.spi_b_eri_isr
                0x00000320       0xe0 ./ra/fsp/src/r_spi_b/r_spi_b.o
                0x00000320                spi_b_eri_isr
 .text.poeg_event_isr
                0x00000400       0x54 ./ra/fsp/src/r_poeg/r_poeg.o
                0x00000400                poeg_event_isr
 .text.r_icu_isr
                0x00000454       0x74 ./ra/fsp/src/r_icu/r_icu.o
                0x00000454                r_icu_isr
 .text.agt_int_isr
                0x000004c8       0x9c ./ra/fsp/src/r_agt/r_agt.o
                0x000004c8                agt_int_isr
 .text.adc_b_update_calibrate_state
                0x00000564       0x88 ./ra/fsp/src/r_adc_b/r_adc_b.o
 .text.adc_b_isr_handler
                0x000005ec       0x94 ./ra/fsp/src/r_adc_b/r_adc_b.o
 .text.adc_b_calend0_isr
                0x00000680       0xa8 ./ra/fsp/src/r_adc_b/r_adc_b.o
                0x00000680                adc_b_calend0_isr
 .text.adc_b_calend1_isr
                0x00000728       0xb0 ./ra/fsp/src/r_adc_b/r_adc_b.o
                0x00000728                adc_b_calend1_isr
 .text.adc_b_adi0_isr
                0x000007d8       0x3c ./ra/fsp/src/r_adc_b/r_adc_b.o
                0x000007d8                adc_b_adi0_isr
 .text.adc_b_adi1_isr
                0x00000814       0x3c ./ra/fsp/src/r_adc_b/r_adc_b.o
                0x00000814                adc_b_adi1_isr
 .text.SystemCoreClockUpdate
                0x00000850       0x28 ./ra/fsp/src/bsp/mcu/all/bsp_clocks.o
                0x00000850                SystemCoreClockUpdate
 .text.bsp_clock_init
                0x00000878      0x110 ./ra/fsp/src/bsp/mcu/all/bsp_clocks.o
                0x00000878                bsp_clock_init
 .text.bsp_init_internal
                0x00000988        0x4 ./ra/fsp/src/bsp/mcu/all/bsp_common.o
                0x00000988                bsp_init_internal
                0x00000988                bsp_init
 .text.NMI_Handler
                0x0000098c       0x3c ./ra/fsp/src/bsp/mcu/all/bsp_group_irq.o
                0x0000098c                NMI_Handler
 .text.bsp_irq_cfg
                0x000009c8       0x94 ./ra/fsp/src/bsp/mcu/all/bsp_irq.o
                0x000009c8                bsp_irq_cfg
 .text.R_BSP_RegisterProtectEnable
                0x00000a5c       0x60 ./ra/fsp/src/bsp/mcu/all/bsp_register_protection.o
                0x00000a5c                R_BSP_RegisterProtectEnable
 .text.R_BSP_RegisterProtectDisable
                0x00000abc       0x54 ./ra/fsp/src/bsp/mcu/all/bsp_register_protection.o
                0x00000abc                R_BSP_RegisterProtectDisable
 .text.Default_Handler
                0x00000b10        0x4 ./ra/fsp/src/bsp/cmsis/Device/RENESAS/Source/startup.o
                0x00000b10                DebugMon_Handler
                0x00000b10                HardFault_Handler
                0x00000b10                SysTick_Handler
                0x00000b10                PendSV_Handler
                0x00000b10                UsageFault_Handler
                0x00000b10                SecureFault_Handler
                0x00000b10                Default_Handler
                0x00000b10                MemManage_Handler
                0x00000b10                SVC_Handler
                0x00000b10                BusFault_Handler
 .text.Reset_Handler
                0x00000b14        0xc ./ra/fsp/src/bsp/cmsis/Device/RENESAS/Source/startup.o
                0x00000b14                Reset_Handler
 .text.SystemRuntimeInit
                0x00000b20       0x64 ./ra/fsp/src/bsp/cmsis/Device/RENESAS/Source/system.o
 .text.R_BSP_WarmStart
                0x00000b84        0x4 ./ra/fsp/src/bsp/cmsis/Device/RENESAS/Source/system.o
                0x00000b84                R_BSP_WarmStart
 .text.SystemInit
                0x00000b88       0xd8 ./ra/fsp/src/bsp/cmsis/Device/RENESAS/Source/system.o
                0x00000b88                SystemInit
 .text.memset   0x00000c60       0x10 C:/Program Files (x86)/Arm GNU Toolchain arm-none-eabi/13.2 Rel1/bin/../lib/gcc/arm-none-eabi/13.2.1/thumb/v8-m.main+fp/hard\libg_nano.a(libc_a-memset.o)
                0x00000c60                memset
 .text.memcpy   0x00000c70       0x1a C:/Program Files (x86)/Arm GNU Toolchain arm-none-eabi/13.2 Rel1/bin/../lib/gcc/arm-none-eabi/13.2.1/thumb/v8-m.main+fp/hard\libg_nano.a(libc_a-memcpy-stub.o)
                0x00000c70                memcpy
 *(.rodata*)
 *fill*         0x00000c8a        0x2 
 .rodata.g_interrupt_event_link_select
                0x00000c8c       0x18 ./ra_gen/vector_data.o
                0x00000c8c                g_interrupt_event_link_select
 .rodata.g_init_info
                0x00000ca4       0x18 ./ra/fsp/src/bsp/mcu/ra6t2/bsp_linker.o
                0x00000ca4                g_init_info
 .rodata.nocache_list
                0x00000cbc        0x8 ./ra/fsp/src/bsp/mcu/ra6t2/bsp_linker.o
 .rodata.copy_list
                0x00000cc4       0x20 ./ra/fsp/src/bsp/mcu/ra6t2/bsp_linker.o
 .rodata.zero_list
                0x00000ce4       0x18 ./ra/fsp/src/bsp/mcu/ra6t2/bsp_linker.o
 .rodata.g_prcr_masks
                0x00000cfc        0xa ./ra/fsp/src/bsp/mcu/all/bsp_register_protection.o
 *(.mcuboot_sce9_key)
 *(.version)
 *fill*         0x00000d06        0x2 
 .version       0x00000d08       0x50 ./ra/fsp/src/bsp/mcu/all/bsp_common.o
                0x00000d58                        __flash_readonly$$Limit = .

.glue_7         0x00000d58        0x0
 .glue_7        0x00000d58        0x0 linker stubs

.glue_7t        0x00000d58        0x0
 .glue_7t       0x00000d58        0x0 linker stubs

.vfp11_veneer   0x00000d58        0x0
 .vfp11_veneer  0x00000d58        0x0 linker stubs

.v4_bx          0x00000d58        0x0
 .v4_bx         0x00000d58        0x0 linker stubs

.init           0x00000d58        0x4
 .init          0x00000d58        0x4 C:/Program Files (x86)/Arm GNU Toolchain arm-none-eabi/13.2 Rel1/bin/../lib/gcc/arm-none-eabi/13.2.1/thumb/v8-m.main+fp/hard/crti.o
                0x00000d58                _init

.fini           0x00000d5c        0x4
 .fini          0x00000d5c        0x4 C:/Program Files (x86)/Arm GNU Toolchain arm-none-eabi/13.2 Rel1/bin/../lib/gcc/arm-none-eabi/13.2.1/thumb/v8-m.main+fp/hard/crti.o
                0x00000d5c                _fini

.iplt           0x00000d60        0x0
 .iplt          0x00000d60        0x0 C:/Program Files (x86)/Arm GNU Toolchain arm-none-eabi/13.2 Rel1/bin/../lib/gcc/arm-none-eabi/13.2.1/thumb/v8-m.main+fp/hard/crtbegin.o

__flash_ctor$$
 *crtbegin.o(.ctors)
 *crtbegin?.o(.ctors)
 EXCLUDE_FILE(*crtend.o *crtend?.o) *(.ctors)
 *(SORT_BY_NAME(.ctors.*))
 *(.ctors)
 *crtbegin.o(.dtors)
 *crtbegin?.o(.dtors)
 EXCLUDE_FILE(*crtend.o *crtend?.o) *(.dtors)
 *(SORT_BY_NAME(.dtors.*))
 *(.dtors)

__flash_preinit_array$$
                0x00000d60        0x0
                0x00000d60                        __preinit_array_start = .
 *(.preinit_array)
                0x00000d60                        __preinit_array_end = .

__flash_.got$$
 *(.got.plt)
 *(.got)

__flash_init_array$$
                0x00000d60        0x4
                0x00000d60                        __init_array_start = .
 *(SORT_BY_NAME(.init_array.*))
 *(.init_array)
 .init_array    0x00000d60        0x4 C:/Program Files (x86)/Arm GNU Toolchain arm-none-eabi/13.2 Rel1/bin/../lib/gcc/arm-none-eabi/13.2.1/thumb/v8-m.main+fp/hard/crtbegin.o
                0x00000d64                        __init_array_end = .

__flash_fini_array$$
                0x00000d64        0x4
                0x00000d64                        __fini_array_start = .
 *(SORT_BY_NAME(.fini_array.*))
 *(.fini_array)
 .fini_array    0x00000d64        0x4 C:/Program Files (x86)/Arm GNU Toolchain arm-none-eabi/13.2 Rel1/bin/../lib/gcc/arm-none-eabi/13.2.1/thumb/v8-m.main+fp/hard/crtbegin.o
                0x00000d68                        __fini_array_end = .

__flash_arm.extab$$
 *(.ARM.extab*)
 *(.gnu.linkonce.armextab.*)

__flash_arm.exidx$$
                0x00000d68        0x0
                0x00000d68                        __exidx_start = .
 *(.ARM.exidx*)
 *(.gnu.linkonce.armexidx.*)
                0x00000d68                        __exidx_end = .

.flash.endof    0x00008000        0x0
                0x00008000                        __ddsc_FLASH_END = .

.flash.flat_nsc
                0x00008000        0x0
                0x00008000                        __ddsc_FLASH_NSC = .

.option_setting_ofs0.startof
                0x0100a100        0x0
                0x0100a100                        __ddsc_OPTION_SETTING_OFS0_START = .

__option_setting_ofs0_reg$$
                0x0100a100        0x4
                0x0100a100                        __option_setting_ofs0_reg$$Base = .
 *(.option_setting_ofs0)
 .option_setting_ofs0
                0x0100a100        0x4 ./ra/fsp/src/bsp/mcu/ra6t2/bsp_linker.o
                0x0100a104                        __option_setting_ofs0_reg$$Limit = .

.option_setting_ofs0.endof
                0x0100a104        0x0
                0x0100a104                        __ddsc_OPTION_SETTING_OFS0_END = .

.option_setting_ofs1.startof
                0x0100a180        0x0
                0x0100a180                        __ddsc_OPTION_SETTING_OFS1_START = .

__option_setting_ofs1_reg$$
                0x0100a180        0x0
                0x0100a180                        __option_setting_ofs1_reg$$Base = .
 *(.option_setting_ofs1)
                0x0100a180                        __option_setting_ofs1_reg$$Limit = .

.option_setting_ofs1.endof
                0x0100a180        0x0
                0x0100a180                        __ddsc_OPTION_SETTING_OFS1_END = .

.option_setting_bps.startof
                0x0100a1c0        0x0
                0x0100a1c0                        __ddsc_OPTION_SETTING_BPS_START = .

__option_setting_bps_reg$$
                0x0100a1c0        0x0
                0x0100a1c0                        __option_setting_bps_reg$$Base = .
 *(.option_setting_bps)
                0x0100a1c0                        __option_setting_bps_reg$$Limit = .

.option_setting_bps.endof
                0x0100a1c0        0x0
                0x0100a1c0                        __ddsc_OPTION_SETTING_BPS_END = .

.option_setting_pbps.startof
                0x0100a1e0        0x0
                0x0100a1e0                        __ddsc_OPTION_SETTING_PBPS_START = .

__option_setting_pbps_reg$$
                0x0100a1e0        0x0
                0x0100a1e0                        __option_setting_pbps_reg$$Base = .
 *(.option_setting_pbps)
                0x0100a1e0                        __option_setting_pbps_reg$$Limit = .

.option_setting_pbps.endof
                0x0100a1e0        0x0
                0x0100a1e0                        __ddsc_OPTION_SETTING_PBPS_END = .

.option_setting_ofs1_sec.startof
                0x0100a200        0x0
                0x0100a200                        __ddsc_OPTION_SETTING_OFS1_SEC_START = .

__option_setting_ofs1_sec_reg$$
                0x0100a200        0x4
                0x0100a200                        __option_setting_ofs1_sec_reg$$Base = .
 *(.option_setting_ofs1_sec)
 .option_setting_ofs1_sec
                0x0100a200        0x4 ./ra/fsp/src/bsp/mcu/ra6t2/bsp_linker.o
                0x0100a204                        __option_setting_ofs1_sec_reg$$Limit = .

.option_setting_ofs1_sec.endof
                0x0100a204        0x0
                0x0100a204                        __ddsc_OPTION_SETTING_OFS1_SEC_END = .

.option_setting_bps_sec.startof
                0x0100a240        0x0
                0x0100a240                        __ddsc_OPTION_SETTING_BPS_SEC_START = .

__option_setting_bps_sec_reg$$
                0x0100a240        0x0
                0x0100a240                        __option_setting_bps_sec_reg$$Base = .
 *(.option_setting_bps_sec)
                0x0100a240                        __option_setting_bps_sec_reg$$Limit = .

.option_setting_bps_sec.endof
                0x0100a240        0x0
                0x0100a240                        __ddsc_OPTION_SETTING_BPS_SEC_END = .

.option_setting_pbps_sec.startof
                0x0100a260        0x0
                0x0100a260                        __ddsc_OPTION_SETTING_PBPS_SEC_START = .

__option_setting_pbps_sec_reg$$
                0x0100a260        0x0
                0x0100a260                        __option_setting_pbps_sec_reg$$Base = .
 *(.option_setting_pbps_sec)
                0x0100a260                        __option_setting_pbps_sec_reg$$Limit = .

.option_setting_pbps_sec.endof
                0x0100a260        0x0
                0x0100a260                        __ddsc_OPTION_SETTING_PBPS_SEC_END = .

.option_setting_ofs1_sel.startof
                0x0100a280        0x0
                0x0100a280                        __ddsc_OPTION_SETTING_OFS1_SEL_START = .

__option_setting_ofs1_sel_reg$$
                0x0100a280        0x4
                0x0100a280                        __option_setting_ofs1_sel_reg$$Base = .
 *(.option_setting_ofs1_sel)
 .option_setting_ofs1_sel
                0x0100a280        0x4 ./ra/fsp/src/bsp/mcu/ra6t2/bsp_linker.o
                0x0100a284                        __option_setting_ofs1_sel_reg$$Limit = .

.eh_frame       0x0100a284        0x0
 .eh_frame      0x0100a284        0x0 C:/Program Files (x86)/Arm GNU Toolchain arm-none-eabi/13.2 Rel1/bin/../lib/gcc/arm-none-eabi/13.2.1/thumb/v8-m.main+fp/hard/crtbegin.o

.rel.dyn        0x0100a284        0x0
 .rel.iplt      0x0100a284        0x0 C:/Program Files (x86)/Arm GNU Toolchain arm-none-eabi/13.2 Rel1/bin/../lib/gcc/arm-none-eabi/13.2.1/thumb/v8-m.main+fp/hard/crtbegin.o

.tm_clone_table
                0x0100a284        0x0
 .tm_clone_table
                0x0100a284        0x0 C:/Program Files (x86)/Arm GNU Toolchain arm-none-eabi/13.2 Rel1/bin/../lib/gcc/arm-none-eabi/13.2.1/thumb/v8-m.main+fp/hard/crtbegin.o
 .tm_clone_table
                0x0100a284        0x0 C:/Program Files (x86)/Arm GNU Toolchain arm-none-eabi/13.2 Rel1/bin/../lib/gcc/arm-none-eabi/13.2.1/thumb/v8-m.main+fp/hard/crtend.o

.igot.plt       0x00000d68        0x0
 .igot.plt      0x00000d68        0x0 C:/Program Files (x86)/Arm GNU Toolchain arm-none-eabi/13.2 Rel1/bin/../lib/gcc/arm-none-eabi/13.2.1/thumb/v8-m.main+fp/hard/crtbegin.o

.option_setting_ofs1_sel.endof
                0x0100a284        0x0
                0x0100a284                        __ddsc_OPTION_SETTING_OFS1_SEL_END = .

.option_setting_bps_sel.startof
                0x0100a2c0        0x0
                0x0100a2c0                        __ddsc_OPTION_SETTING_BPS_SEL_START = .

__option_setting_bps_sel_reg$$
                0x0100a2c0        0x0
                0x0100a2c0                        __option_setting_bps_sel_reg$$Base = .
 *(.option_setting_bps_sel)
                0x0100a2c0                        __option_setting_bps_sel_reg$$Limit = .

.option_setting_bps_sel.endof
                0x0100a2c0        0x0
                0x0100a2c0                        __ddsc_OPTION_SETTING_BPS_SEL_END = .
OUTPUT(RA6T2_MCIHV1_IPM_LESS_FOC_WHOLE_PFC_E2S_V100.elf elf32-littlearm)
LOAD linker stubs

.ARM.attributes
                0x00000000       0x36
 .ARM.attributes
                0x00000000       0x26 C:/Program Files (x86)/Arm GNU Toolchain arm-none-eabi/13.2 Rel1/bin/../lib/gcc/arm-none-eabi/13.2.1/thumb/v8-m.main+fp/hard/crti.o
 .ARM.attributes
                0x00000026       0x38 C:/Program Files (x86)/Arm GNU Toolchain arm-none-eabi/13.2 Rel1/bin/../lib/gcc/arm-none-eabi/13.2.1/thumb/v8-m.main+fp/hard/crtbegin.o
 .ARM.attributes
                0x0000005e       0x3a ./src/hal_entry.o
 .ARM.attributes
                0x00000098       0x3a ./ra_gen/main.o
 .ARM.attributes
                0x000000d2       0x3a ./ra_gen/vector_data.o
 .ARM.attributes
                0x0000010c       0x3a ./ra/fsp/src/r_spi_b/r_spi_b.o
 .ARM.attributes
                0x00000146       0x3a ./ra/fsp/src/r_poeg/r_poeg.o
 .ARM.attributes
                0x00000180       0x3a ./ra/fsp/src/r_icu/r_icu.o
 .ARM.attributes
                0x000001ba       0x3a ./ra/fsp/src/r_agt/r_agt.o
 .ARM.attributes
                0x000001f4       0x3a ./ra/fsp/src/r_adc_b/r_adc_b.o
 .ARM.attributes
                0x0000022e       0x3a ./ra/fsp/src/bsp/mcu/ra6t2/bsp_linker.o
 .ARM.attributes
                0x00000268       0x3a ./ra/fsp/src/bsp/mcu/all/bsp_clocks.o
 .ARM.attributes
                0x000002a2       0x3a ./ra/fsp/src/bsp/mcu/all/bsp_common.o
 .ARM.attributes
                0x000002dc       0x3a ./ra/fsp/src/bsp/mcu/all/bsp_group_irq.o
 .ARM.attributes
                0x00000316       0x3a ./ra/fsp/src/bsp/mcu/all/bsp_irq.o
 .ARM.attributes
                0x00000350       0x3a ./ra/fsp/src/bsp/mcu/all/bsp_register_protection.o
 .ARM.attributes
                0x0000038a       0x3a ./ra/fsp/src/bsp/cmsis/Device/RENESAS/Source/startup.o
 .ARM.attributes
                0x000003c4       0x3a ./ra/fsp/src/bsp/cmsis/Device/RENESAS/Source/system.o
 .ARM.attributes
                0x000003fe       0x38 C:/Program Files (x86)/Arm GNU Toolchain arm-none-eabi/13.2 Rel1/bin/../lib/gcc/arm-none-eabi/13.2.1/thumb/v8-m.main+fp/hard\libg_nano.a(libc_a-memset.o)
 .ARM.attributes
                0x00000436       0x38 C:/Program Files (x86)/Arm GNU Toolchain arm-none-eabi/13.2 Rel1/bin/../lib/gcc/arm-none-eabi/13.2.1/thumb/v8-m.main+fp/hard\libg_nano.a(libc_a-memcpy-stub.o)
 .ARM.attributes
                0x0000046e       0x38 C:/Program Files (x86)/Arm GNU Toolchain arm-none-eabi/13.2 Rel1/bin/../lib/gcc/arm-none-eabi/13.2.1/thumb/v8-m.main+fp/hard/crtend.o

.comment        0x00000000       0x44
 .comment       0x00000000       0x44 ./src/hal_entry.o
                                 0x45 (size before relaxing)
 .comment       0x00000044       0x45 ./ra_gen/main.o
 .comment       0x00000044       0x45 ./ra_gen/vector_data.o
 .comment       0x00000044       0x45 ./ra/fsp/src/r_spi_b/r_spi_b.o
 .comment       0x00000044       0x45 ./ra/fsp/src/r_poeg/r_poeg.o
 .comment       0x00000044       0x45 ./ra/fsp/src/r_icu/r_icu.o
 .comment       0x00000044       0x45 ./ra/fsp/src/r_agt/r_agt.o
 .comment       0x00000044       0x45 ./ra/fsp/src/r_adc_b/r_adc_b.o
 .comment       0x00000044       0x45 ./ra/fsp/src/bsp/mcu/ra6t2/bsp_linker.o
 .comment       0x00000044       0x45 ./ra/fsp/src/bsp/mcu/all/bsp_clocks.o
 .comment       0x00000044       0x45 ./ra/fsp/src/bsp/mcu/all/bsp_common.o
 .comment       0x00000044       0x45 ./ra/fsp/src/bsp/mcu/all/bsp_group_irq.o
 .comment       0x00000044       0x45 ./ra/fsp/src/bsp/mcu/all/bsp_irq.o
 .comment       0x00000044       0x45 ./ra/fsp/src/bsp/mcu/all/bsp_register_protection.o
 .comment       0x00000044       0x45 ./ra/fsp/src/bsp/cmsis/Device/RENESAS/Source/startup.o
 .comment       0x00000044       0x45 ./ra/fsp/src/bsp/cmsis/Device/RENESAS/Source/system.o

.debug_info     0x00000000    0x3a504
 .debug_info    0x00000000       0x9a ./src/hal_entry.o
 .debug_info    0x0000009a       0xb0 ./ra_gen/main.o
 .debug_info    0x0000014a      0x86c ./ra_gen/vector_data.o
 .debug_info    0x000009b6     0x9ebd ./ra/fsp/src/r_spi_b/r_spi_b.o
 .debug_info    0x0000a873     0x36ad ./ra/fsp/src/r_poeg/r_poeg.o
 .debug_info    0x0000df20     0x267d ./ra/fsp/src/r_icu/r_icu.o
 .debug_info    0x0001059d     0x89cf ./ra/fsp/src/r_agt/r_agt.o
 .debug_info    0x00018f6c     0xf23d ./ra/fsp/src/r_adc_b/r_adc_b.o
 .debug_info    0x000281a9      0xb3b ./ra/fsp/src/bsp/mcu/ra6t2/bsp_linker.o
 .debug_info    0x00028ce4     0x510b ./ra/fsp/src/bsp/mcu/all/bsp_clocks.o
 .debug_info    0x0002ddef     0x1096 ./ra/fsp/src/bsp/mcu/all/bsp_common.o
 .debug_info    0x0002ee85     0x1c05 ./ra/fsp/src/bsp/mcu/all/bsp_group_irq.o
 .debug_info    0x00030a8a     0x2210 ./ra/fsp/src/bsp/mcu/all/bsp_irq.o
 .debug_info    0x00032c9a     0x47aa ./ra/fsp/src/bsp/mcu/all/bsp_register_protection.o
 .debug_info    0x00037444      0x8a0 ./ra/fsp/src/bsp/cmsis/Device/RENESAS/Source/startup.o
 .debug_info    0x00037ce4     0x2820 ./ra/fsp/src/bsp/cmsis/Device/RENESAS/Source/system.o

.debug_abbrev   0x00000000     0x2ebf
 .debug_abbrev  0x00000000       0x44 ./src/hal_entry.o
 .debug_abbrev  0x00000044       0x64 ./ra_gen/main.o
 .debug_abbrev  0x000000a8       0xba ./ra_gen/vector_data.o
 .debug_abbrev  0x00000162      0x616 ./ra/fsp/src/r_spi_b/r_spi_b.o
 .debug_abbrev  0x00000778      0x480 ./ra/fsp/src/r_poeg/r_poeg.o
 .debug_abbrev  0x00000bf8      0x472 ./ra/fsp/src/r_icu/r_icu.o
 .debug_abbrev  0x0000106a      0x5d4 ./ra/fsp/src/r_agt/r_agt.o
 .debug_abbrev  0x0000163e      0x65a ./ra/fsp/src/r_adc_b/r_adc_b.o
 .debug_abbrev  0x00001c98       0xe8 ./ra/fsp/src/bsp/mcu/ra6t2/bsp_linker.o
 .debug_abbrev  0x00001d80      0x35d ./ra/fsp/src/bsp/mcu/all/bsp_clocks.o
 .debug_abbrev  0x000020dd      0x183 ./ra/fsp/src/bsp/mcu/all/bsp_common.o
 .debug_abbrev  0x00002260      0x254 ./ra/fsp/src/bsp/mcu/all/bsp_group_irq.o
 .debug_abbrev  0x000024b4      0x289 ./ra/fsp/src/bsp/mcu/all/bsp_irq.o
 .debug_abbrev  0x0000273d      0x280 ./ra/fsp/src/bsp/mcu/all/bsp_register_protection.o
 .debug_abbrev  0x000029bd      0x12b ./ra/fsp/src/bsp/cmsis/Device/RENESAS/Source/startup.o
 .debug_abbrev  0x00002ae8      0x3d7 ./ra/fsp/src/bsp/cmsis/Device/RENESAS/Source/system.o

.debug_aranges  0x00000000      0x4e0
 .debug_aranges
                0x00000000       0x20 ./src/hal_entry.o
 .debug_aranges
                0x00000020       0x20 ./ra_gen/main.o
 .debug_aranges
                0x00000040       0x18 ./ra_gen/vector_data.o
 .debug_aranges
                0x00000058       0x88 ./ra/fsp/src/r_spi_b/r_spi_b.o
 .debug_aranges
                0x000000e0       0x50 ./ra/fsp/src/r_poeg/r_poeg.o
 .debug_aranges
                0x00000130       0x48 ./ra/fsp/src/r_icu/r_icu.o
 .debug_aranges
                0x00000178       0x88 ./ra/fsp/src/r_agt/r_agt.o
 .debug_aranges
                0x00000200      0x178 ./ra/fsp/src/r_adc_b/r_adc_b.o
 .debug_aranges
                0x00000378       0x18 ./ra/fsp/src/bsp/mcu/ra6t2/bsp_linker.o
 .debug_aranges
                0x00000390       0x58 ./ra/fsp/src/bsp/mcu/all/bsp_clocks.o
 .debug_aranges
                0x000003e8       0x30 ./ra/fsp/src/bsp/mcu/all/bsp_common.o
 .debug_aranges
                0x00000418       0x28 ./ra/fsp/src/bsp/mcu/all/bsp_group_irq.o
 .debug_aranges
                0x00000440       0x20 ./ra/fsp/src/bsp/mcu/all/bsp_irq.o
 .debug_aranges
                0x00000460       0x28 ./ra/fsp/src/bsp/mcu/all/bsp_register_protection.o
 .debug_aranges
                0x00000488       0x28 ./ra/fsp/src/bsp/cmsis/Device/RENESAS/Source/startup.o
 .debug_aranges
                0x000004b0       0x30 ./ra/fsp/src/bsp/cmsis/Device/RENESAS/Source/system.o

.debug_ranges   0x00000000     0x1810
 .debug_ranges  0x00000000       0x10 ./src/hal_entry.o
 .debug_ranges  0x00000010       0x10 ./ra_gen/main.o
 .debug_ranges  0x00000020      0x680 ./ra/fsp/src/r_spi_b/r_spi_b.o
 .debug_ranges  0x000006a0      0x148 ./ra/fsp/src/r_poeg/r_poeg.o
 .debug_ranges  0x000007e8      0x100 ./ra/fsp/src/r_icu/r_icu.o
 .debug_ranges  0x000008e8      0x408 ./ra/fsp/src/r_agt/r_agt.o
 .debug_ranges  0x00000cf0      0x840 ./ra/fsp/src/r_adc_b/r_adc_b.o
 .debug_ranges  0x00001530      0x140 ./ra/fsp/src/bsp/mcu/all/bsp_clocks.o
 .debug_ranges  0x00001670       0x20 ./ra/fsp/src/bsp/mcu/all/bsp_common.o
 .debug_ranges  0x00001690       0x58 ./ra/fsp/src/bsp/mcu/all/bsp_group_irq.o
 .debug_ranges  0x000016e8       0x70 ./ra/fsp/src/bsp/mcu/all/bsp_irq.o
 .debug_ranges  0x00001758       0x48 ./ra/fsp/src/bsp/mcu/all/bsp_register_protection.o
 .debug_ranges  0x000017a0       0x18 ./ra/fsp/src/bsp/cmsis/Device/RENESAS/Source/startup.o
 .debug_ranges  0x000017b8       0x58 ./ra/fsp/src/bsp/cmsis/Device/RENESAS/Source/system.o

.debug_line     0x00000000     0x8bcb
 .debug_line    0x00000000       0x43 ./src/hal_entry.o
 .debug_line    0x00000043       0x5e ./ra_gen/main.o
 .debug_line    0x000000a1      0x1bc ./ra_gen/vector_data.o
 .debug_line    0x0000025d     0x18e0 ./ra/fsp/src/r_spi_b/r_spi_b.o
 .debug_line    0x00001b3d      0x955 ./ra/fsp/src/r_poeg/r_poeg.o
 .debug_line    0x00002492      0x954 ./ra/fsp/src/r_icu/r_icu.o
 .debug_line    0x00002de6     0x12ae ./ra/fsp/src/r_agt/r_agt.o
 .debug_line    0x00004094     0x24a6 ./ra/fsp/src/r_adc_b/r_adc_b.o
 .debug_line    0x0000653a      0x1be ./ra/fsp/src/bsp/mcu/ra6t2/bsp_linker.o
 .debug_line    0x000066f8      0x7fc ./ra/fsp/src/bsp/mcu/all/bsp_clocks.o
 .debug_line    0x00006ef4      0x36b ./ra/fsp/src/bsp/mcu/all/bsp_common.o
 .debug_line    0x0000725f      0x409 ./ra/fsp/src/bsp/mcu/all/bsp_group_irq.o
 .debug_line    0x00007668      0x5bc ./ra/fsp/src/bsp/mcu/all/bsp_irq.o
 .debug_line    0x00007c24      0x4c1 ./ra/fsp/src/bsp/mcu/all/bsp_register_protection.o
 .debug_line    0x000080e5      0x28d ./ra/fsp/src/bsp/cmsis/Device/RENESAS/Source/startup.o
 .debug_line    0x00008372      0x859 ./ra/fsp/src/bsp/cmsis/Device/RENESAS/Source/system.o

.debug_str      0x00000000     0xf157
 .debug_str     0x00000000     0xf157 ./src/hal_entry.o
                                0x1ea (size before relaxing)
 .debug_str     0x0000f157      0x1ed ./ra_gen/main.o
 .debug_str     0x0000f157     0x1c17 ./ra_gen/vector_data.o
 .debug_str     0x0000f157     0x705f ./ra/fsp/src/r_spi_b/r_spi_b.o
 .debug_str     0x0000f157     0x4769 ./ra/fsp/src/r_poeg/r_poeg.o
 .debug_str     0x0000f157     0x3f4c ./ra/fsp/src/r_icu/r_icu.o
 .debug_str     0x0000f157     0x6814 ./ra/fsp/src/r_agt/r_agt.o
 .debug_str     0x0000f157     0x9844 ./ra/fsp/src/r_adc_b/r_adc_b.o
 .debug_str     0x0000f157     0x1f3f ./ra/fsp/src/bsp/mcu/ra6t2/bsp_linker.o
 .debug_str     0x0000f157     0x3b88 ./ra/fsp/src/bsp/mcu/all/bsp_clocks.o
 .debug_str     0x0000f157     0x360c ./ra/fsp/src/bsp/mcu/all/bsp_common.o
 .debug_str     0x0000f157     0x3b73 ./ra/fsp/src/bsp/mcu/all/bsp_group_irq.o
 .debug_str     0x0000f157     0x25dd ./ra/fsp/src/bsp/mcu/all/bsp_irq.o
 .debug_str     0x0000f157     0x34cc ./ra/fsp/src/bsp/mcu/all/bsp_register_protection.o
 .debug_str     0x0000f157     0x1bc2 ./ra/fsp/src/bsp/cmsis/Device/RENESAS/Source/startup.o
 .debug_str     0x0000f157     0x29a3 ./ra/fsp/src/bsp/cmsis/Device/RENESAS/Source/system.o

.debug_frame    0x00000000      0xcc8
 .debug_frame   0x00000000       0x20 ./src/hal_entry.o
 .debug_frame   0x00000020       0x28 ./ra_gen/main.o
 .debug_frame   0x00000048      0x194 ./ra/fsp/src/r_spi_b/r_spi_b.o
 .debug_frame   0x000001dc       0xb0 ./ra/fsp/src/r_poeg/r_poeg.o
 .debug_frame   0x0000028c       0xac ./ra/fsp/src/r_icu/r_icu.o
 .debug_frame   0x00000338      0x1a0 ./ra/fsp/src/r_agt/r_agt.o
 .debug_frame   0x000004d8      0x554 ./ra/fsp/src/r_adc_b/r_adc_b.o
 .debug_frame   0x00000a2c       0xc0 ./ra/fsp/src/bsp/mcu/all/bsp_clocks.o
 .debug_frame   0x00000aec       0x40 ./ra/fsp/src/bsp/mcu/all/bsp_common.o
 .debug_frame   0x00000b2c       0x3c ./ra/fsp/src/bsp/mcu/all/bsp_group_irq.o
 .debug_frame   0x00000b68       0x34 ./ra/fsp/src/bsp/mcu/all/bsp_irq.o
 .debug_frame   0x00000b9c       0x48 ./ra/fsp/src/bsp/mcu/all/bsp_register_protection.o
 .debug_frame   0x00000be4       0x38 ./ra/fsp/src/bsp/cmsis/Device/RENESAS/Source/startup.o
 .debug_frame   0x00000c1c       0x64 ./ra/fsp/src/bsp/cmsis/Device/RENESAS/Source/system.o
 .debug_frame   0x00000c80       0x20 C:/Program Files (x86)/Arm GNU Toolchain arm-none-eabi/13.2 Rel1/bin/../lib/gcc/arm-none-eabi/13.2.1/thumb/v8-m.main+fp/hard\libg_nano.a(libc_a-memset.o)
 .debug_frame   0x00000ca0       0x28 C:/Program Files (x86)/Arm GNU Toolchain arm-none-eabi/13.2 Rel1/bin/../lib/gcc/arm-none-eabi/13.2.1/thumb/v8-m.main+fp/hard\libg_nano.a(libc_a-memcpy-stub.o)

.debug_loc      0x00000000     0x6c3f
 .debug_loc     0x00000000     0x1a70 ./ra/fsp/src/r_spi_b/r_spi_b.o
 .debug_loc     0x00001a70      0x53f ./ra/fsp/src/r_poeg/r_poeg.o
 .debug_loc     0x00001faf      0x4d4 ./ra/fsp/src/r_icu/r_icu.o
 .debug_loc     0x00002483     0x1c85 ./ra/fsp/src/r_agt/r_agt.o
 .debug_loc     0x00004108     0x239e ./ra/fsp/src/r_adc_b/r_adc_b.o
 .debug_loc     0x000064a6      0x376 ./ra/fsp/src/bsp/mcu/all/bsp_clocks.o
 .debug_loc     0x0000681c       0x22 ./ra/fsp/src/bsp/mcu/all/bsp_common.o
 .debug_loc     0x0000683e       0xb1 ./ra/fsp/src/bsp/mcu/all/bsp_group_irq.o
 .debug_loc     0x000068ef       0xeb ./ra/fsp/src/bsp/mcu/all/bsp_irq.o
 .debug_loc     0x000069da      0x10b ./ra/fsp/src/bsp/mcu/all/bsp_register_protection.o
 .debug_loc     0x00006ae5      0x15a ./ra/fsp/src/bsp/cmsis/Device/RENESAS/Source/system.o
