Archive member included to satisfy reference by file (symbol)

C:/Users/a5143778/Documents/MC_Greece/MC_Greece/RA6T2_MCIHV1_IPM_LESS_FOC_WHOLE_PFC_E2S_V100/src/application/user_interface/ics/ICS2_RA6T2.o(ICS2_RA6T2.o)
                              ./src/application/user_interface/ics/r_mtr_ics.o (ics2_watchpoint)
C:\Users\a5143778\Documents\MC_Greece\MC_Greece\RA6T2_MCIHV1_IPM_LESS_FOC_WHOLE_PFC_E2S_V100\src\application\motor_module\current\libr_motor_current_bemf_observer.a(r_motor_current_bemf_observer.o)
                              ./src/application/motor_module/current/r_motor_current.o (motor_current_bemf_observer_start)
C:\Users\a5143778\Documents\MC_Greece\MC_Greece\RA6T2_MCIHV1_IPM_LESS_FOC_WHOLE_PFC_E2S_V100\src\application\motor_module\current\libr_motor_current_lowspd_sensorless.a(r_motor_current_lowspd_sensorless.o)
                              ./src/application/motor_module/current/r_motor_current_api.o (motor_current_lowspdsensorless_init)
C:\Users\a5143778\Documents\MC_Greece\MC_Greece\RA6T2_MCIHV1_IPM_LESS_FOC_WHOLE_PFC_E2S_V100\src\application\motor_module\current\libr_motor_current_stall_detection.a(r_motor_current_stall_detection.o)
                              ./src/application/motor_module/current/r_motor_current_api.o (motor_current_stall_detection_init)
C:\Users\a5143778\Documents\MC_Greece\MC_Greece\RA6T2_MCIHV1_IPM_LESS_FOC_WHOLE_PFC_E2S_V100\src\application\motor_module\current\libr_motor_current_trq_vib_comp.a(r_motor_current_trq_vib_comp.o)
                              ./src/application/motor_module/current/r_motor_current_api.o (motor_current_trq_vibration_compensation_init)
C:\Users\a5143778\Documents\MC_Greece\MC_Greece\RA6T2_MCIHV1_IPM_LESS_FOC_WHOLE_PFC_E2S_V100\src\application\motor_module\current\libr_motor_current_volt_err_comp.a(r_motor_current_volt_err_comp.o)
                              ./src/application/motor_module/current/r_motor_current_api.o (motor_current_volt_err_comp_init)
C:\Users\a5143778\Documents\MC_Greece\MC_Greece\RA6T2_MCIHV1_IPM_LESS_FOC_WHOLE_PFC_E2S_V100\src\application\motor_module\sensorless_vector\libr_motor_sensorless_vector_flyingstart.a(r_motor_sensorless_vector_flyingstart.o)
                              ./src/application/motor_module/sensorless_vector/r_motor_sensorless_vector_api.o (motor_flying_start_init)
C:\Users\a5143778\Documents\MC_Greece\MC_Greece\RA6T2_MCIHV1_IPM_LESS_FOC_WHOLE_PFC_E2S_V100\src\application\motor_module\speed\libr_motor_speed_extobserver.a(r_motor_speed_extobserver.o)
                              ./src/application/motor_module/speed/r_motor_speed_api.o (motor_speed_extobserver_init)
C:\Users\a5143778\Documents\MC_Greece\MC_Greece\RA6T2_MCIHV1_IPM_LESS_FOC_WHOLE_PFC_E2S_V100\src\application\motor_module\speed\libr_motor_speed_fluxwkn.a(r_motor_speed_fluxwkn.o)
                              ./src/application/motor_module/speed/r_motor_speed_api.o (motor_speed_flux_weakn_reset)
C:/Program Files (x86)/Arm GNU Toolchain arm-none-eabi/13.3 rel1/bin/../lib/gcc/arm-none-eabi/13.3.1/thumb/v8-m.main+fp/hard\libgcc.a(_arm_addsubdf3.o)
                              ./src/application/motor_module/current/r_motor_current_api.o (__aeabi_f2d)
C:/Program Files (x86)/Arm GNU Toolchain arm-none-eabi/13.3 rel1/bin/../lib/gcc/arm-none-eabi/13.3.1/thumb/v8-m.main+fp/hard\libgcc.a(_arm_truncdfsf2.o)
                              ./src/application/motor_module/current/r_motor_current_api.o (__aeabi_d2f)
C:/Program Files (x86)/Arm GNU Toolchain arm-none-eabi/13.3 rel1/bin/../lib/gcc/arm-none-eabi/13.3.1/thumb/v8-m.main+fp/hard\libg_nano.a(libc_a-exit.o)
                              C:/Program Files (x86)/Arm GNU Toolchain arm-none-eabi/13.3 rel1/bin/../lib/gcc/arm-none-eabi/13.3.1/thumb/v8-m.main+fp/hard/rdimon-crt0.o (exit)
C:/Program Files (x86)/Arm GNU Toolchain arm-none-eabi/13.3 rel1/bin/../lib/gcc/arm-none-eabi/13.3.1/thumb/v8-m.main+fp/hard\libg_nano.a(libc_a-findfp.o)
                              C:/Program Files (x86)/Arm GNU Toolchain arm-none-eabi/13.3 rel1/bin/../lib/gcc/arm-none-eabi/13.3.1/thumb/v8-m.main+fp/hard\libg_nano.a(libc_a-exit.o) (__stdio_exit_handler)
C:/Program Files (x86)/Arm GNU Toolchain arm-none-eabi/13.3 rel1/bin/../lib/gcc/arm-none-eabi/13.3.1/thumb/v8-m.main+fp/hard\libg_nano.a(libc_a-fwalk.o)
                              C:/Program Files (x86)/Arm GNU Toolchain arm-none-eabi/13.3 rel1/bin/../lib/gcc/arm-none-eabi/13.3.1/thumb/v8-m.main+fp/hard\libg_nano.a(libc_a-findfp.o) (_fwalk_sglue)
C:/Program Files (x86)/Arm GNU Toolchain arm-none-eabi/13.3 rel1/bin/../lib/gcc/arm-none-eabi/13.3.1/thumb/v8-m.main+fp/hard\libg_nano.a(libc_a-stdio.o)
                              C:/Program Files (x86)/Arm GNU Toolchain arm-none-eabi/13.3 rel1/bin/../lib/gcc/arm-none-eabi/13.3.1/thumb/v8-m.main+fp/hard\libg_nano.a(libc_a-findfp.o) (__sread)
C:/Program Files (x86)/Arm GNU Toolchain arm-none-eabi/13.3 rel1/bin/../lib/gcc/arm-none-eabi/13.3.1/thumb/v8-m.main+fp/hard\libg_nano.a(libc_a-memset.o)
[...]
Memory Configuration

Name             Origin             Length             Attributes
ITCM             0x00000000         0x00000000         xr
DTCM             0x00000000         0x00000000         xrw
FLASH            0x00000000         0x00080000         xr
RAM              0x20000000         0x00010000         xrw
DATA_FLASH       0x08000000         0x00004000         xr
QSPI_FLASH       0x60000000         0x00000000         xr
OSPI_DEVICE_0    0x80020000         0x00000000         xr
OSPI_DEVICE_1    0x80030000         0x00000000         xr
OSPI_DEVICE_0_RAM 0x80020000         0x00000000         xrw
OSPI_DEVICE_1_RAM 0x80030000         0x00000000         xrw
SDRAM            0x80010000         0x00000000         xrw
OPTION_SETTING   0x0100a100         0x00000100         r
OPTION_SETTING_OFS 0x0100a100         0x00000018         r
OPTION_SETTING_SAS 0x0100a134         0x000000cc         r
OPTION_SETTING_S 0x0100a200         0x00000100         r
ID_CODE          0x00000000         0x00000000         xr
*default*        0x00000000         0xffffffff

Linker script and memory map

LOAD C:/Program Files (x86)/Arm GNU Toolchain arm-none-eabi/13.3 rel1/bin/../lib/gcc/arm-none-eabi/13.3.1/thumb/v8-m.main+fp/hard/crti.o
LOAD C:/Program Files (x86)/Arm GNU Toolchain arm-none-eabi/13.3 rel1/bin/../lib/gcc/arm-none-eabi/13.3.1/thumb/v8-m.main+fp/hard/crtbegin.o
LOAD C:/Program Files (x86)/Arm GNU Toolchain arm-none-eabi/13.3 rel1/bin/../lib/gcc/arm-none-eabi/13.3.1/thumb/v8-m.main+fp/hard/rdimon-crt0.o
START GROUP
LOAD ./src/application/user_interface/ics/r_mtr_ics.o
LOAD ./src/application/system_module/system_manager/r_system_manager_api.o
LOAD ./src/application/motor_module/speed/r_motor_speed.o
LOAD ./src/application/motor_module/speed/r_motor_speed_api.o
LOAD ./src/application/motor_module/speed/r_motor_speed_mtpa.o
LOAD ./src/application/motor_module/speed/r_motor_speed_pi_gain_calc.o
LOAD ./src/application/motor_module/sensorless_vector/r_motor_sensorless_vector_action.o
LOAD ./src/application/motor_module/sensorless_vector/r_motor_sensorless_vector_api.o
LOAD ./src/application/motor_module/sensorless_vector/r_motor_sensorless_vector_manager.o
LOAD ./src/application/motor_module/sensorless_vector/r_motor_sensorless_vector_protection.o
LOAD ./src/application/motor_module/sensorless_vector/r_motor_sensorless_vector_statemachine.o
LOAD ./src/application/motor_module/general/r_motor_filter.o
LOAD ./src/application/motor_module/general/r_motor_pi_control.o
LOAD ./src/application/motor_module/driver/r_motor_driver.o
LOAD ./src/application/motor_module/driver/r_motor_driver_fsp.o
LOAD ./src/application/motor_module/current/r_motor_current.o
LOAD ./src/application/motor_module/current/r_motor_current_api.o
LOAD ./src/application/motor_module/current/r_motor_current_modulation.o
LOAD ./src/application/motor_module/current/r_motor_current_pi_gain_calc.o
LOAD ./src/application/main/mtr_main.o
LOAD ./src/hal_entry.o
LOAD ./ra_gen/common_data.o
LOAD ./ra_gen/hal_data.o
LOAD ./ra_gen/main.o
LOAD ./ra_gen/pin_data.o
LOAD ./ra_gen/vector_data.o
LOAD ./ra/fsp/src/r_poeg/r_poeg.o
LOAD ./ra/fsp/src/r_ioport/r_ioport.o
LOAD ./ra/fsp/src/r_gpt_three_phase/r_gpt_three_phase.o
LOAD ./ra/fsp/src/r_gpt/r_gpt.o
LOAD ./ra/fsp/src/r_agt/r_agt.o
LOAD ./ra/fsp/src/r_adc_b/r_adc_b.o
LOAD ./ra/fsp/src/bsp/mcu/all/bsp_clocks.o
LOAD ./ra/fsp/src/bsp/mcu/all/bsp_common.o
LOAD ./ra/fsp/src/bsp/mcu/all/bsp_delay.o
LOAD ./ra/fsp/src/bsp/mcu/all/bsp_group_irq.o
LOAD ./ra/fsp/src/bsp/mcu/all/bsp_guard.o
LOAD ./ra/fsp/src/bsp/mcu/all/bsp_io.o
LOAD ./ra/fsp/src/bsp/mcu/all/bsp_irq.o
LOAD ./ra/fsp/src/bsp/mcu/all/bsp_macl.o
LOAD ./ra/fsp/src/bsp/mcu/all/bsp_register_protection.o
LOAD ./ra/fsp/src/bsp/mcu/all/bsp_rom_registers.o
LOAD ./ra/fsp/src/bsp/mcu/all/bsp_sbrk.o
LOAD ./ra/fsp/src/bsp/mcu/all/bsp_sdram.o
LOAD ./ra/fsp/src/bsp/mcu/all/bsp_security.o
LOAD ./ra/fsp/src/bsp/cmsis/Device/RENESAS/Source/startup.o
LOAD ./ra/fsp/src/bsp/cmsis/Device/RENESAS/Source/system.o
LOAD C:/Users/a5143778/Documents/MC_Greece/MC_Greece/RA6T2_MCIHV1_IPM_LESS_FOC_WHOLE_PFC_E2S_V100/src/application/user_interface/ics/ICS2_RA6T2.o
LOAD C:\Users\a5143778\Documents\MC_Greece\MC_Greece\RA6T2_MCIHV1_IPM_LESS_FOC_WHOLE_PFC_E2S_V100\src\application\motor_module\current\libr_motor_current_bemf_observer.a
LOAD C:\Users\a5143778\Documents\MC_Greece\MC_Greece\RA6T2_MCIHV1_IPM_LESS_FOC_WHOLE_PFC_E2S_V100\src\application\motor_module\current\libr_motor_current_lowspd_sensorless.a
LOAD C:\Users\a5143778\Documents\MC_Greece\MC_Greece\RA6T2_MCIHV1_IPM_LESS_FOC_WHOLE_PFC_E2S_V100\src\application\motor_module\current\libr_motor_current_stall_detection.a
LOAD C:\Users\a5143778\Documents\MC_Greece\MC_Greece\RA6T2_MCIHV1_IPM_LESS_FOC_WHOLE_PFC_E2S_V100\src\application\motor_module\current\libr_motor_current_trq_vib_comp.a
LOAD C:\Users\a5143778\Documents\MC_Greece\MC_Greece\RA6T2_MCIHV1_IPM_LESS_FOC_WHOLE_PFC_E2S_V100\src\application\motor_module\current\libr_motor_current_volt_err_comp.a
LOAD C:\Users\a5143778\Documents\MC_Greece\MC_Greece\RA6T2_MCIHV1_IPM_LESS_FOC_WHOLE_PFC_E2S_V100\src\application\motor_module\sensorless_vector\libr_motor_sensorless_vector_flyingstart.a
LOAD C:\Users\a5143778\Documents\MC_Greece\MC_Greece\RA6T2_MCIHV1_IPM_LESS_FOC_WHOLE_PFC_E2S_V100\src\application\motor_module\speed\libr_motor_speed_extobserver.a
LOAD C:\Users\a5143778\Documents\MC_Greece\MC_Greece\RA6T2_MCIHV1_IPM_LESS_FOC_WHOLE_PFC_E2S_V100\src\application\motor_module\speed\libr_motor_speed_fluxwkn.a
END GROUP
START GROUP
LOAD C:/Program Files (x86)/Arm GNU Toolchain arm-none-eabi/13.3 rel1/bin/../lib/gcc/arm-none-eabi/13.3.1/thumb/v8-m.main+fp/hard\libgcc.a
LOAD C:/Program Files (x86)/Arm GNU Toolchain arm-none-eabi/13.3 rel1/bin/../lib/gcc/arm-none-eabi/13.3.1/thumb/v8-m.main+fp/hard\libg_nano.a
LOAD C:/Program Files (x86)/Arm GNU Toolchain arm-none-eabi/13.3 rel1/bin/../lib/gcc/arm-none-eabi/13.3.1/thumb/v8-m.main+fp/hard\libc_nano.a
END GROUP
START GROUP
LOAD C:/Program Files (x86)/Arm GNU Toolchain arm-none-eabi/13.3 rel1/bin/../lib/gcc/arm-none-eabi/13.3.1/thumb/v8-m.main+fp/hard\libgcc.a
LOAD C:/Program Files (x86)/Arm GNU Toolchain arm-none-eabi/13.3 rel1/bin/../lib/gcc/arm-none-eabi/13.3.1/thumb/v8-m.main+fp/hard\libc_nano.a
LOAD C:/Program Files (x86)/Arm GNU Toolchain arm-none-eabi/13.3 rel1/bin/../lib/gcc/arm-none-eabi/13.3.1/thumb/v8-m.main+fp/hard\librdimon_nano.a
END GROUP
START GROUP
LOAD C:/Program Files (x86)/Arm GNU Toolchain arm-none-eabi/13.3 rel1/bin/../lib/gcc/arm-none-eabi/13.3.1/thumb/v8-m.main+fp/hard\libgcc.a
LOAD C:/Program Files (x86)/Arm GNU Toolchain arm-none-eabi/13.3 rel1/bin/../lib/gcc/arm-none-eabi/13.3.1/thumb/v8-m.main+fp/hard\libc_nano.a
LOAD C:/Program Files (x86)/Arm GNU Toolchain arm-none-eabi/13.3 rel1/bin/../lib/gcc/arm-none-eabi/13.3.1/thumb/v8-m.main+fp/hard\librdimon_nano.a
END GROUP
LOAD C:/Program Files (x86)/Arm GNU Toolchain arm-none-eabi/13.3 rel1/bin/../lib/gcc/arm-none-eabi/13.3.1/thumb/v8-m.main+fp/hard/crtend.o
LOAD C:/Program Files (x86)/Arm GNU Toolchain arm-none-eabi/13.3 rel1/bin/../lib/gcc/arm-none-eabi/13.3.1/thumb/v8-m.main+fp/hard/crtn.o
                0x20000000                        RAM_START = 0x20000000
                0x00010000                        RAM_LENGTH = 0x10000
                0x00000000                        FLASH_START = 0x0
                0x00080000                        FLASH_LENGTH = 0x80000
                0x08000000                        DATA_FLASH_START = 0x8000000
                0x00004000                        DATA_FLASH_LENGTH = 0x4000
                0x0100a100                        OPTION_SETTING_START = 0x100a100
                0x00000100                        OPTION_SETTING_LENGTH = 0x100
                0x0100a200                        OPTION_SETTING_S_START = 0x100a200
                0x00000100                        OPTION_SETTING_S_LENGTH = 0x100
                0x00000000                        ID_CODE_START = 0x0
                0x00000000                        ID_CODE_LENGTH = 0x0
                0x80010000                        SDRAM_START = 0x80010000
                0x00000000                        SDRAM_LENGTH = 0x0
                0x60000000                        QSPI_FLASH_START = 0x60000000
                0x00000000                        QSPI_FLASH_LENGTH = 0x0
                0x80020000                        OSPI_DEVICE_0_START = 0x80020000
                0x00000000                        OSPI_DEVICE_0_LENGTH = 0x0
                0x80030000                        OSPI_DEVICE_1_START = 0x80030000
                0x00000000                        OSPI_DEVICE_1_LENGTH = 0x0
                0x00000000                        QSPI_FLASH_PRV_LENGTH = DEFINED (QSPI_FLASH_SIZE)?ABSOLUTE (QSPI_FLASH_SIZE):ABSOLUTE (QSPI_FLASH_LENGTH)
                0x00000000                        OSPI_DEVICE_0_PRV_LENGTH = DEFINED (OSPI_DEVICE_0_SIZE)?ABSOLUTE (OSPI_DEVICE_0_SIZE):ABSOLUTE (OSPI_DEVICE_0_LENGTH)
                0x00000000                        OSPI_DEVICE_1_PRV_LENGTH = DEFINED (OSPI_DEVICE_1_SIZE)?ABSOLUTE (OSPI_DEVICE_1_SIZE):ABSOLUTE (OSPI_DEVICE_1_LENGTH)
                0x00000000                        __RESERVE_NS_RAM = ((! (DEFINED (PROJECT_NONSECURE)) && DEFINED (RAM_NS_BUFFER_LENGTH)) && (OPTION_SETTING_S_LENGTH != 0x0))
                0x00000000                        ITCM_START = DEFINED (ITCM_START)?ITCM_START:0x0
                0x00000000                        ITCM_LENGTH = DEFINED (ITCM_LENGTH)?ITCM_LENGTH:0x0
                0x00000000                        DTCM_START = DEFINED (DTCM_START)?DTCM_START:0x0
                0x00000000                        DTCM_LENGTH = DEFINED (DTCM_LENGTH)?DTCM_LENGTH:0x0
                0x00000000                        RAM_NS_BUFFER_BLOCK_LENGTH = DEFINED (RAM_NS_BUFFER_LENGTH)?ALIGN (RAM_NS_BUFFER_LENGTH, 0x2000):0x0
                0x00000000                        RAM_NS_BUFFER_LENGTH = DEFINED (RAM_NS_BUFFER_LENGTH)?RAM_NS_BUFFER_LENGTH:0x0
                0x20010000                        RAM_NS_BUFFER_START = ((RAM_START + RAM_LENGTH) - RAM_NS_BUFFER_LENGTH)
                0x20010000                        RAM_NS_BUFFER_BLOCK_START = ((RAM_START + RAM_LENGTH) - RAM_NS_BUFFER_BLOCK_LENGTH)
                0x0100a180                        OPTION_SETTING_START_NS = DEFINED (PROJECT_NONSECURE)?OPTION_SETTING_START:(OPTION_SETTING_START + 0x80)
                0x00000001                        __bl_FSP_BOOTABLE_IMAGE = 0x1
                0x00000001                        __bln_FSP_BOOTABLE_IMAGE = 0x1
                0x00000001                        PROJECT_SECURE_OR_FLAT = (((! (DEFINED (PROJECT_NONSECURE)) || DEFINED (PROJECT_SECURE)) && OPTION_SETTING_LENGTH) && ! (DEFINED (FSP_BOOTABLE_IMAGE)))
                0x00000000                        USE_OPTION_SETTING_NS = (DEFINED (PROJECT_NONSECURE) && ! (DEFINED (FSP_BOOTABLE_IMAGE)))
                0x00000000                        __bl_FLASH_IMAGE_START = ! (DEFINED (FLASH_BOOTLOADER_LENGTH))?0x0:(FLASH_APPLICATION_IMAGE_NUMBER == 0x1)?((FLASH_START + FLASH_BOOTLOADER_LENGTH) + FLASH_BOOTLOADER_HEADER_LENGTH):(DEFINED (BOOTLOADER_SECONDARY_USE_QSPI) || DEFINED (BOOTLOADER_SECONDARY_USE_OSPI_B))?(((FLASH_START + FLASH_BOOTLOADER_LENGTH) + FLASH_BOOTLOADER_SCRATCH_LENGTH) + FLASH_BOOTLOADER_HEADER_LENGTH):((((FLASH_START + FLASH_BOOTLOADER_LENGTH) + FLASH_BOOTLOADER_SCRATCH_LENGTH) + FLASH_APPLICATION_S_LENGTH) + FLASH_BOOTLOADER_HEADER_LENGTH)
                0x00000000                        __bl_FLASH_IMAGE_LENGTH = ! (DEFINED (FLASH_BOOTLOADER_LENGTH))?0x0:(FLASH_APPLICATION_S_LENGTH - FLASH_BOOTLOADER_HEADER_LENGTH)
                0x00000000                        __bl_FLASH_IMAGE_END = (__bl_FLASH_IMAGE_START + __bl_FLASH_IMAGE_LENGTH)
                0x00000000                        __bl_XIP_SECONDARY_FLASH_IMAGE_START = ! (DEFINED (FLASH_BOOTLOADER_LENGTH))?0x0:(((FLASH_START + FLASH_BOOTLOADER_LENGTH) + FLASH_APPLICATION_S_LENGTH) + FLASH_BOOTLOADER_HEADER_LENGTH)
                0x00000000                        __bl_XIP_SECONDARY_FLASH_IMAGE_END = (__bl_XIP_SECONDARY_FLASH_IMAGE_START + __bl_FLASH_IMAGE_LENGTH)
                0x00000000                        __bl_FLASH_NS_START = ! (DEFINED (FLASH_BOOTLOADER_LENGTH))?0x0:(FLASH_APPLICATION_NS_LENGTH == 0x0)?__bl_FLASH_IMAGE_END:((__bl_FLASH_IMAGE_START - FLASH_BOOTLOADER_HEADER_LENGTH) + FLASH_APPLICATION_S_LENGTH)
                0x00000000                        __bl_FLASH_NSC_START = ! (DEFINED (FLASH_BOOTLOADER_LENGTH))?0x0:(FLASH_APPLICATION_NS_LENGTH == 0x0)?__bl_FLASH_IMAGE_END:(__bl_FLASH_IMAGE_END - FLASH_APPLICATION_NSC_LENGTH)
                0x00000000                        __bl_RAM_NS_START = ! (DEFINED (FLASH_BOOTLOADER_LENGTH))?0x0:(FLASH_APPLICATION_NS_LENGTH == 0x0)?(RAM_START + RAM_LENGTH):((RAM_START + RAM_LENGTH) - RAM_APPLICATION_NS_LENGTH)
                0x00000000                        __bl_RAM_NSC_START = ! (DEFINED (FLASH_BOOTLOADER_LENGTH))?0x0:(FLASH_APPLICATION_NS_LENGTH == 0x0)?(RAM_START + RAM_LENGTH):(__bl_RAM_NS_START - RAM_APPLICATION_NSC_LENGTH)
                0x00000000                        __bl_FLASH_NS_IMAGE_START = ! (DEFINED (FLASH_BOOTLOADER_LENGTH))?0x0:(FLASH_APPLICATION_NS_LENGTH == 0x0)?__bl_FLASH_IMAGE_END:(__bl_FLASH_NS_START + FLASH_BOOTLOADER_HEADER_LENGTH_2)
                0x00000000                        __bln_FLASH_IMAGE_START = (__bl_FLASH_NS_IMAGE_START | ! (DEFINED (NS_OFFSET_START))?0x0:NS_OFFSET_START)
                0x00000000                        __bln_FLASH_IMAGE_LENGTH = ! (DEFINED (FLASH_BOOTLOADER_LENGTH))?0x0:(FLASH_APPLICATION_NS_LENGTH == 0x0)?__bl_FLASH_IMAGE_END:(FLASH_APPLICATION_NS_LENGTH - FLASH_BOOTLOADER_HEADER_LENGTH_2)
                0x00000000                        XIP_SECONDARY_SLOT_IMAGE = DEFINED (XIP_SECONDARY_SLOT_IMAGE)?XIP_SECONDARY_SLOT_IMAGE:0x0
                0x00000000                        FLASH_ORIGIN = ! (DEFINED (FLASH_IMAGE_START))?FLASH_START:(XIP_SECONDARY_SLOT_IMAGE == 0x1)?XIP_SECONDARY_FLASH_IMAGE_START:FLASH_IMAGE_START
                0x00080000                        LIMITED_FLASH_LENGTH = DEFINED (FLASH_IMAGE_LENGTH)?FLASH_IMAGE_LENGTH:DEFINED (FLASH_BOOTLOADER_LENGTH)?FLASH_BOOTLOADER_LENGTH:FLASH_LENGTH
                0x00000034                        OPTION_SETTING_SAS_SIZE = 0x34
                0x000000cc                        OPTION_SETTING_SAS_LENGTH = ! (DEFINED (OPTION_SETTING_LENGTH))?0x0:(OPTION_SETTING_LENGTH == 0x0)?0x0:(OPTION_SETTING_LENGTH - OPTION_SETTING_SAS_SIZE)
START GROUP
LOAD C:/Program Files (x86)/Arm GNU Toolchain arm-none-eabi/13.3 rel1/bin/../lib/gcc/arm-none-eabi/13.3.1/thumb/v8-m.main+fp/hard\libgcc.a
LOAD C:/Program Files (x86)/Arm GNU Toolchain arm-none-eabi/13.3 rel1/bin/../lib/gcc/arm-none-eabi/13.3.1/thumb/v8-m.main+fp/hard\libc.a
LOAD C:/Program Files (x86)/Arm GNU Toolchain arm-none-eabi/13.3 rel1/bin/../lib/gcc/arm-none-eabi/13.3.1/thumb/v8-m.main+fp/hard\libm.a
END GROUP

.text           0x00000000     0x9914
                0x00000000                        __tz_FLASH_S = ABSOLUTE (FLASH_START)
                0x00000000                        __ROM_Start = .
 *(.fixed_vectors*)
 .fixed_vectors
                0x00000000       0x40 ./ra/fsp/src/bsp/cmsis/Device/RENESAS/Source/startup.o
                0x00000000                __Vectors
 *(.application_vectors*)
 .application_vectors
                0x00000040      0x180 ./ra_gen/vector_data.o
                0x00000040                g_vector_table
                0x000001c0                        __Vectors_End = .
 *(.flash_gap*)
                0x000001c0                        . = (OPTION_SETTING_LENGTH > 0x0)?.:(__ROM_Start + 0x400)
 *(.rom_registers*)
 *(.mcuboot_sce9_key*)
 *(.text*)
 .text.deregister_tm_clones
                0x000001c0       0x1c C:/Program Files (x86)/Arm GNU Toolchain arm-none-eabi/13.3 rel1/bin/../lib/gcc/arm-none-eabi/13.3.1/thumb/v8-m.main+fp/hard/crtbegin.o
 .text.register_tm_clones
                0x000001dc       0x28 C:/Program Files (x86)/Arm GNU Toolchain arm-none-eabi/13.3 rel1/bin/../lib/gcc/arm-none-eabi/13.3.1/thumb/v8-m.main+fp/hard/crtbegin.o
 .text.__do_global_dtors_aux
                0x00000204       0x28 C:/Program Files (x86)/Arm GNU Toolchain arm-none-eabi/13.3 rel1/bin/../lib/gcc/arm-none-eabi/13.3.1/thumb/v8-m.main+fp/hard/crtbegin.o
 .text.frame_dummy
                0x0000022c       0x24 C:/Program Files (x86)/Arm GNU Toolchain arm-none-eabi/13.3 rel1/bin/../lib/gcc/arm-none-eabi/13.3.1/thumb/v8-m.main+fp/hard/crtbegin.o
 .text.r_app_rmw_ui_init
                0x00000250      0x3b0 ./src/application/user_interface/ics/r_mtr_ics.o
                0x00000250                r_app_rmw_ui_init
 .text.r_app_rmw_ui_mainloop
                0x00000600       0x34 ./src/application/user_interface/ics/r_mtr_ics.o
                0x00000600                r_app_rmw_ui_mainloop
 .text.r_app_rmw_copy_com_to_buffer
                0x00000634      0x2e0 ./src/application/user_interface/ics/r_mtr_ics.o
                0x00000634                r_app_rmw_copy_com_to_buffer
 .text.r_app_rmw_interrupt_handler
                0x00000914       0x3c ./src/application/user_interface/ics/r_mtr_ics.o
                0x00000914                r_app_rmw_interrupt_handler
 .text.R_SYSTEM_MANAGER_Open
                0x00000950        0x4 ./src/application/system_module/system_manager/r_system_manager_api.o
                0x00000950                R_SYSTEM_MANAGER_Open
 .text.R_SYSTEM_MANAGER_MotorStatusGet
                0x00000954        0xc ./src/application/system_module/system_manager/r_system_manager_api.o
                0x00000954                R_SYSTEM_MANAGER_MotorStatusGet
 .text.R_SYSTEM_MANAGER_SystemMode
                0x00000960       0x40 ./src/application/system_module/system_manager/r_system_manager_api.o
                0x00000960                R_SYSTEM_MANAGER_SystemMode
 .text.R_SYSTEM_MANAGER_ParameterUpdate
                0x000009a0      0x198 ./src/application/system_module/system_manager/r_system_manager_api.o
                0x000009a0                R_SYSTEM_MANAGER_ParameterUpdate
 .text.R_SYSTEM_MANAGER_UpdateCommand
                0x00000b38       0x1c ./src/application/system_module/system_manager/r_system_manager_api.o
                0x00000b38                R_SYSTEM_MANAGER_UpdateCommand
 .text.R_SYSTEM_MANAGER_MotorCurrentInterrupt
                0x00000b54        0xc ./src/application/system_module/system_manager/r_system_manager_api.o
                0x00000b54                R_SYSTEM_MANAGER_MotorCurrentInterrupt
 .text.R_SYSTEM_MANAGER_MotorSpeedInterrupt
                0x00000b60        0xc ./src/application/system_module/system_manager/r_system_manager_api.o
                0x00000b60                R_SYSTEM_MANAGER_MotorSpeedInterrupt
 .text.R_SYSTEM_MANAGER_ControlInterrupt
                0x00000b6c        0x4 ./src/application/system_module/system_manager/r_system_manager_api.o
                0x00000b6c                R_SYSTEM_MANAGER_ControlInterrupt
 .text.R_SYSTEM_MANAGER_MotorOverCurrentInterrupt
                0x00000b70        0xc ./src/application/system_module/system_manager/r_system_manager_api.o
                0x00000b70                R_SYSTEM_MANAGER_MotorOverCurrentInterrupt
 .text.motor_speed_max_speed_set
                0x00000b7c       0x14 ./src/application/motor_module/speed/r_motor_speed.o
                0x00000b7c                motor_speed_max_speed_set
 .text.motor_speed_rate_limit_set
                0x00000b90       0x24 ./src/application/motor_module/speed/r_motor_speed.o
                0x00000b90                motor_speed_rate_limit_set
 .text.motor_speed_pi_control
                0x00000bb4       0x14 ./src/application/motor_module/speed/r_motor_speed.o
                0x00000bb4                motor_speed_pi_control
 .text.motor_speed_ref_speed_set
                0x00000bc8       0x5c ./src/application/motor_module/speed/r_motor_speed.o
                0x00000bc8                motor_speed_ref_speed_set
 .text.motor_speed_flux_weakening
                0x00000c24       0x8c ./src/application/motor_module/speed/r_motor_speed.o
                0x00000c24                motor_speed_flux_weakening
 .text.motor_speed_mtpa
                0x00000cb0       0x74 ./src/application/motor_module/speed/r_motor_speed.o
                0x00000cb0                motor_speed_mtpa
 .text.R_MOTOR_SPEED_Open
                0x00000d24      0x148 ./src/application/motor_module/speed/r_motor_speed_api.o
                0x00000d24                R_MOTOR_SPEED_Open
 .text.R_MOTOR_SPEED_Reset
                0x00000e6c       0x4c ./src/application/motor_module/speed/r_motor_speed_api.o
                0x00000e6c                R_MOTOR_SPEED_Reset
 .text.R_MOTOR_SPEED_Run
                0x00000eb8        0x8 ./src/application/motor_module/speed/r_motor_speed_api.o
                0x00000eb8                R_MOTOR_SPEED_Run
 .text.R_MOTOR_SPEED_ParameterSet
                0x00000ec0       0x10 ./src/application/motor_module/speed/r_motor_speed_api.o
                0x00000ec0                R_MOTOR_SPEED_ParameterSet
 .text.R_MOTOR_SPEED_ParameterGet
                0x00000ed0       0x20 ./src/application/motor_module/speed/r_motor_speed_api.o
                0x00000ed0                R_MOTOR_SPEED_ParameterGet
 .text.R_MOTOR_SPEED_ParameterUpdate
                0x00000ef0       0x94 ./src/application/motor_module/speed/r_motor_speed_api.o
                0x00000ef0                R_MOTOR_SPEED_ParameterUpdate
 .text.R_MOTOR_SPEED_SpdRefSet
                0x00000f84       0x14 ./src/application/motor_module/speed/r_motor_speed_api.o
                0x00000f84                R_MOTOR_SPEED_SpdRefSet
 .text.R_MOTOR_SPEED_SpeedCyclic
                0x00000f98       0xfc ./src/application/motor_module/speed/r_motor_speed_api.o
                0x00000f98                R_MOTOR_SPEED_SpeedCyclic
 .text.R_MOTOR_SPEED_ControlParamSet
                0x00001094       0x18 ./src/application/motor_module/speed/r_motor_speed_api.o
                0x00001094                R_MOTOR_SPEED_ControlParamSet
 .text.R_MOTOR_SPEED_RefstateSet
                0x000010ac        0x4 ./src/application/motor_module/speed/r_motor_speed_api.o
                0x000010ac                R_MOTOR_SPEED_RefstateSet
 .text.R_MOTOR_SPEED_ExtObserverParameterUpdate
                0x000010b0       0x30 ./src/application/motor_module/speed/r_motor_speed_api.o
                0x000010b0                R_MOTOR_SPEED_ExtObserverParameterUpdate
 .text.motor_speed_mtpa_init
                0x000010e0        0x4 ./src/application/motor_module/speed/r_motor_speed_mtpa.o
                0x000010e0                motor_speed_mtpa_init
 .text.motor_speed_mtpa_wekn_judge
                0x000010e4       0x28 ./src/application/motor_module/speed/r_motor_speed_mtpa.o
                0x000010e4                motor_speed_mtpa_wekn_judge
 .text.motor_speed_mtpa_run
                0x0000110c       0x58 ./src/application/motor_module/speed/r_motor_speed_mtpa.o
                0x0000110c                motor_speed_mtpa_run
 .text.motor_speed_mtpa_motor_param_set
                0x00001164        0x4 ./src/application/motor_module/speed/r_motor_speed_mtpa.o
                0x00001164                motor_speed_mtpa_motor_param_set
 .text.motor_speed_pi_gain_calc
                0x00001168       0x54 ./src/application/motor_module/speed/r_motor_speed_pi_gain_calc.o
                0x00001168                motor_speed_pi_gain_calc
 .text.motor_sensorless_vector_act_active
                0x000011bc       0x54 ./src/application/motor_module/sensorless_vector/r_motor_sensorless_vector_action.o
                0x000011bc                motor_sensorless_vector_act_active
 .text.motor_sensorless_vector_act_inactive
                0x00001210       0x2c ./src/application/motor_module/sensorless_vector/r_motor_sensorless_vector_action.o
                0x00001210                motor_sensorless_vector_act_inactive
 .text.motor_sensorless_vector_act_nowork
                0x0000123c        0x4 ./src/application/motor_module/sensorless_vector/r_motor_sensorless_vector_action.o
                0x0000123c                motor_sensorless_vector_act_nowork
 .text.motor_sensorless_vector_act_reset
                0x00001240        0xc ./src/application/motor_module/sensorless_vector/r_motor_sensorless_vector_action.o
                0x00001240                motor_sensorless_vector_act_reset
 .text.motor_sensorless_vector_act_error
                0x0000124c       0x10 ./src/application/motor_module/sensorless_vector/r_motor_sensorless_vector_action.o
                0x0000124c                motor_sensorless_vector_act_error
 .text.R_MOTOR_SENSORLESS_VECTOR_Open
                0x0000125c       0x54 ./src/application/motor_module/sensorless_vector/r_motor_sensorless_vector_api.o
                0x0000125c                R_MOTOR_SENSORLESS_VECTOR_Open
 .text.R_MOTOR_SENSORLESS_VECTOR_ParameterUpdate
                0x000012b0       0xd8 ./src/application/motor_module/sensorless_vector/r_motor_sensorless_vector_api.o
                0x000012b0                R_MOTOR_SENSORLESS_VECTOR_ParameterUpdate
 .text.R_MOTOR_SENSORLESS_VECTOR_MotorStart
                0x00001388        0xc ./src/application/motor_module/sensorless_vector/r_motor_sensorless_vector_api.o
                0x00001388                R_MOTOR_SENSORLESS_VECTOR_MotorStart
 .text.R_MOTOR_SENSORLESS_VECTOR_MotorStop
                0x00001394        0xc ./src/application/motor_module/sensorless_vector/r_motor_sensorless_vector_api.o
                0x00001394                R_MOTOR_SENSORLESS_VECTOR_MotorStop
 .text.R_MOTOR_SENSORLESS_VECTOR_MotorReset
                0x000013a0        0xc ./src/application/motor_module/sensorless_vector/r_motor_sensorless_vector_api.o
                0x000013a0                R_MOTOR_SENSORLESS_VECTOR_MotorReset
 .text.R_MOTOR_SENSORLESS_VECTOR_SpeedSet
                0x000013ac        0x8 ./src/application/motor_module/sensorless_vector/r_motor_sensorless_vector_api.o
                0x000013ac                R_MOTOR_SENSORLESS_VECTOR_SpeedSet
 .text.R_MOTOR_SENSORLESS_VECTOR_StatusGet
                0x000013b4        0x8 ./src/application/motor_module/sensorless_vector/r_motor_sensorless_vector_api.o
                0x000013b4                R_MOTOR_SENSORLESS_VECTOR_StatusGet
 .text.R_MOTOR_SENSORLESS_VECTOR_CtrlTypeSet
                0x000013bc       0x18 ./src/application/motor_module/sensorless_vector/r_motor_sensorless_vector_api.o
                0x000013bc                R_MOTOR_SENSORLESS_VECTOR_CtrlTypeSet
 .text.R_MOTOR_SENSORLESS_VECTOR_SpeedInterrupt
                0x000013d4       0xac ./src/application/motor_module/sensorless_vector/r_motor_sensorless_vector_api.o
                0x000013d4                R_MOTOR_SENSORLESS_VECTOR_SpeedInterrupt
 .text.R_MOTOR_SENSORLESS_VECTOR_CurrentInterrupt
                0x00001480      0x20c ./src/application/motor_module/sensorless_vector/r_motor_sensorless_vector_api.o
                0x00001480                R_MOTOR_SENSORLESS_VECTOR_CurrentInterrupt
 .text.R_MOTOR_SENSORLESS_VECTOR_OverCurrentInterrupt
                0x0000168c        0x8 ./src/application/motor_module/sensorless_vector/r_motor_sensorless_vector_api.o
                0x0000168c                R_MOTOR_SENSORLESS_VECTOR_OverCurrentInterrupt
 .text.motor_sensorless_vector_reset
                0x00001694       0x70 ./src/application/motor_module/sensorless_vector/r_motor_sensorless_vector_manager.o
                0x00001694                motor_sensorless_vector_reset
 .text.motor_sensorless_vector_default_init
                0x00001704      0x258 ./src/application/motor_module/sensorless_vector/r_motor_sensorless_vector_manager.o
                0x00001704                motor_sensorless_vector_default_init
 .text.motor_sensorless_vector_decide_direction
                0x0000195c       0x1c ./src/application/motor_module/sensorless_vector/r_motor_sensorless_vector_manager.o
                0x0000195c                motor_sensorless_vector_decide_direction
 .text.motor_sensorless_vector_error_process
                0x00001978       0x18 ./src/application/motor_module/sensorless_vector/r_motor_sensorless_vector_manager.o
                0x00001978                motor_sensorless_vector_error_process
 .text.motor_sensorless_vector_speed_status_select
                0x00001990       0x18 ./src/application/motor_module/sensorless_vector/r_motor_sensorless_vector_manager.o
                0x00001990                motor_sensorless_vector_speed_status_select
 .text.motor_sensorless_vector_nominal_current_set
                0x000019a8       0x30 ./src/application/motor_module/sensorless_vector/r_motor_sensorless_vector_manager.o
                0x000019a8                motor_sensorless_vector_nominal_current_set
 .text.motor_sensorless_vector_module_activate
                0x000019d8       0x20 ./src/application/motor_module/sensorless_vector/r_motor_sensorless_vector_manager.o
                0x000019d8                motor_sensorless_vector_module_activate
 .text.motor_sensorless_phase_err_lpf_setup
                0x000019f8        0x8 ./src/application/motor_module/sensorless_vector/r_motor_sensorless_vector_manager.o
                0x000019f8                motor_sensorless_phase_err_lpf_setup
 .text.motor_sensorless_vector_estmode_status_select
                0x00001a00      0x2c0 ./src/application/motor_module/sensorless_vector/r_motor_sensorless_vector_manager.o
                0x00001a00                motor_sensorless_vector_estmode_status_select
 .text.motor_sensorless_vector_error_check
                0x00001cc0       0xe4 ./src/application/motor_module/sensorless_vector/r_motor_sensorless_vector_protection.o
                0x00001cc0                motor_sensorless_vector_error_check
 .text.motor_sensorless_vector_statemachine_init
                0x00001da4        0xc ./src/application/motor_module/sensorless_vector/r_motor_sensorless_vector_statemachine.o
                0x00001da4                motor_sensorless_vector_statemachine_init
 .text.motor_sensorless_vector_statemachine_event
                0x00001db0       0x78 ./src/application/motor_module/sensorless_vector/r_motor_sensorless_vector_statemachine.o
                0x00001db0                motor_sensorless_vector_statemachine_event
 .text.motor_sensorless_vector_statemachine_status_get
                0x00001e28        0x4 ./src/application/motor_module/sensorless_vector/r_motor_sensorless_vector_statemachine.o
                0x00001e28                motor_sensorless_vector_statemachine_status_get
 .text.motor_filter_lpff
                0x00001e2c       0x10 ./src/application/motor_module/general/r_motor_filter.o
                0x00001e2c                motor_filter_lpff
 .text.motor_filter_limitf
                0x00001e3c       0x28 ./src/application/motor_module/general/r_motor_filter.o
                0x00001e3c                motor_filter_limitf
 .text.motor_filter_lower_limitf
                0x00001e64       0x10 ./src/application/motor_module/general/r_motor_filter.o
                0x00001e64                motor_filter_lower_limitf
 .text.motor_filter_limitf_abs
                0x00001e74       0x24 ./src/application/motor_module/general/r_motor_filter.o
                0x00001e74                motor_filter_limitf_abs
 .text.motor_filter_first_order_lpff_init
                0x00001e98       0x10 ./src/application/motor_module/general/r_motor_filter.o
                0x00001e98                motor_filter_first_order_lpff_init
 .text.motor_filter_first_order_lpff_reset
                0x00001ea8        0x8 ./src/application/motor_module/general/r_motor_filter.o
                0x00001ea8                motor_filter_first_order_lpff_reset
 .text.motor_filter_first_order_lpff_gain_calc
                0x00001eb0       0x34 ./src/application/motor_module/general/r_motor_filter.o
                0x00001eb0                motor_filter_first_order_lpff_gain_calc
 .text.motor_filter_first_order_lpff
                0x00001ee4       0x2c ./src/application/motor_module/general/r_motor_filter.o
                0x00001ee4                motor_filter_first_order_lpff
 .text.motor_pi_ctrl
                0x00001f10       0x48 ./src/application/motor_module/general/r_motor_pi_control.o
                0x00001f10                motor_pi_ctrl
 .text.motor_pi_ctrl_reset
                0x00001f58        0x8 ./src/application/motor_module/general/r_motor_pi_control.o
                0x00001f58                motor_pi_ctrl_reset
 .text.motor_pi_ctrl_integral_limit_set
                0x00001f60        0x8 ./src/application/motor_module/general/r_motor_pi_control.o
                0x00001f60                motor_pi_ctrl_integral_limit_set
 .text.R_MOTOR_DRIVER_Open
                0x00001f68       0x14 ./src/application/motor_module/driver/r_motor_driver.o
                0x00001f68                R_MOTOR_DRIVER_Open
 .text.R_MOTOR_DRIVER_ParameterUpdate
                0x00001f7c       0x50 ./src/application/motor_module/driver/r_motor_driver.o
                0x00001f7c                R_MOTOR_DRIVER_ParameterUpdate
 .text.R_MOTOR_DRIVER_BldcAnalogGet
                0x00001fcc       0xf0 ./src/application/motor_module/driver/r_motor_driver.o
                0x00001fcc                R_MOTOR_DRIVER_BldcAnalogGet
 .text.R_MOTOR_DRIVER_BldcDutySet
                0x000020bc       0x5c ./src/application/motor_module/driver/r_motor_driver.o
                0x000020bc                R_MOTOR_DRIVER_BldcDutySet
 .text.R_MOTOR_DRIVER_BldcZeroDutySet
                0x00002118        0x4 ./src/application/motor_module/driver/r_motor_driver.o
                0x00002118                R_MOTOR_DRIVER_BldcZeroDutySet
 .text.R_MOTOR_DRIVER_BldcCompareDutySet
                0x0000211c        0x4 ./src/application/motor_module/driver/r_motor_driver.o
                0x0000211c                R_MOTOR_DRIVER_BldcCompareDutySet
 .text.R_MOTOR_DRIVER_PWMControlStop
                0x00002120        0x4 ./src/application/motor_module/driver/r_motor_driver.o
                0x00002120                R_MOTOR_DRIVER_PWMControlStop
 .text.R_MOTOR_DRIVER_PWMControlStart
                0x00002124        0x4 ./src/application/motor_module/driver/r_motor_driver.o
                0x00002124                R_MOTOR_DRIVER_PWMControlStart
 .text.R_Config_MOTOR_StartTimerCtrl
                0x00002128       0x80 ./src/application/motor_module/driver/r_motor_driver_fsp.o
                0x00002128                R_Config_MOTOR_StartTimerCtrl
 .text.R_Config_MOTOR_StopTimerCtrl
                0x000021a8       0x78 ./src/application/motor_module/driver/r_motor_driver_fsp.o
                0x000021a8                R_Config_MOTOR_StopTimerCtrl
 .text.R_Config_MOTOR_UpdDuty
                0x00002220       0x20 ./src/application/motor_module/driver/r_motor_driver_fsp.o
                0x00002220                R_Config_MOTOR_UpdDuty
 .text.R_Config_MOTOR_UpdZeroDuty
                0x00002240       0x7c ./src/application/motor_module/driver/r_motor_driver_fsp.o
                0x00002240                R_Config_MOTOR_UpdZeroDuty
 .text.R_Config_MOTOR_UpdCompareDuty
                0x000022bc       0x44 ./src/application/motor_module/driver/r_motor_driver_fsp.o
                0x000022bc                R_Config_MOTOR_UpdCompareDuty
 .text.R_Config_MOTOR_AdcGetConvVal
                0x00002300       0x8c ./src/application/motor_module/driver/r_motor_driver_fsp.o
                0x00002300                R_Config_MOTOR_AdcGetConvVal
 .text.R_Config_MC_PWM_PFC_DUTY_StartTimerCtrl
                0x0000238c       0x28 ./src/application/motor_module/driver/r_motor_driver_fsp.o
                0x0000238c                R_Config_MC_PWM_PFC_DUTY_StartTimerCtrl
 .text.R_Config_MC_PWM_PFC_DUTY_UpdDuty
                0x000023b4       0x78 ./src/application/motor_module/driver/r_motor_driver_fsp.o
                0x000023b4                R_Config_MC_PWM_PFC_DUTY_UpdDuty
 .text.motor_current_decoupling
                0x0000242c       0x58 ./src/application/motor_module/current/r_motor_current.o
                0x0000242c                motor_current_decoupling
 .text.motor_current_pi_control
                0x00002484       0x40 ./src/application/motor_module/current/r_motor_current.o
                0x00002484                motor_current_pi_control
 .text.motor_current_rotor_angle_init
                0x000024c4       0x10 ./src/application/motor_module/current/r_motor_current.o
                0x000024c4                motor_current_rotor_angle_init
 .text.motor_current_rotor_angle_reset
                0x000024d4       0x10 ./src/application/motor_module/current/r_motor_current.o
                0x000024d4                motor_current_rotor_angle_reset
 .text.motor_current_rotor_angle_update
                0x000024e4       0x30 ./src/application/motor_module/current/r_motor_current.o
                0x000024e4                motor_current_rotor_angle_update
 .text.motor_current_transform_uvw_dq_abs
                0x00002514       0x5c ./src/application/motor_module/current/r_motor_current.o
                0x00002514                motor_current_transform_uvw_dq_abs
 .text.motor_current_transform_dq_uvw_abs
                0x00002570       0x84 ./src/application/motor_module/current/r_motor_current.o
                0x00002570                motor_current_transform_dq_uvw_abs
 .text.motor_current_volt_limit
                0x000025f4       0x74 ./src/application/motor_module/current/r_motor_current.o
                0x000025f4                motor_current_volt_limit
 .text.motor_current_reference_iq_set
                0x00002668       0x1c ./src/application/motor_module/current/r_motor_current.o
                0x00002668                motor_current_reference_iq_set
 .text.motor_current_reference_id_set
                0x00002684       0x18 ./src/application/motor_module/current/r_motor_current.o
                0x00002684                motor_current_reference_id_set
 .text.motor_current_angle_speed_detect
                0x0000269c      0x204 ./src/application/motor_module/current/r_motor_current.o
                0x0000269c                motor_current_angle_speed_detect
 .text.motor_current_angle_get
                0x000028a0        0x8 ./src/application/motor_module/current/r_motor_current.o
                0x000028a0                motor_current_angle_get
 .text.motor_current_control_smpldly_comp
                0x000028a8       0x3c ./src/application/motor_module/current/r_motor_current.o
                0x000028a8                motor_current_control_smpldly_comp
 .text.R_MOTOR_CURRENT_Reset
                0x000028e4       0xb8 ./src/application/motor_module/current/r_motor_current_api.o
                0x000028e4                R_MOTOR_CURRENT_Reset
 .text.R_MOTOR_CURRENT_Open
                0x0000299c      0x1e4 ./src/application/motor_module/current/r_motor_current_api.o
                0x0000299c                R_MOTOR_CURRENT_Open
 .text.R_MOTOR_CURRENT_Run
                0x00002b80        0x8 ./src/application/motor_module/current/r_motor_current_api.o
                0x00002b80                R_MOTOR_CURRENT_Run
 .text.R_MOTOR_CURRENT_ParameterSet
                0x00002b88       0x30 ./src/application/motor_module/current/r_motor_current_api.o
                0x00002b88                R_MOTOR_CURRENT_ParameterSet
 .text.R_MOTOR_CURRENT_ParameterGet
                0x00002bb8       0x60 ./src/application/motor_module/current/r_motor_current_api.o
                0x00002bb8                R_MOTOR_CURRENT_ParameterGet
 .text.R_MOTOR_CURRENT_ParameterUpdate
                0x00002c18       0xfc ./src/application/motor_module/current/r_motor_current_api.o
                0x00002c18                R_MOTOR_CURRENT_ParameterUpdate
 .text.R_MOTOR_CURRENT_CurrentCyclic
                0x00002d14      0x21c ./src/application/motor_module/current/r_motor_current_api.o
                0x00002d14                R_MOTOR_CURRENT_CurrentCyclic
 .text.R_MOTOR_CURRENT_OffsetCalibration
                0x00002f30       0x58 ./src/application/motor_module/current/r_motor_current_api.o
                0x00002f30                R_MOTOR_CURRENT_OffsetCalibration
 .text.R_MOTOR_CURRENT_CurrentOffsetRemove
                0x00002f88       0x24 ./src/application/motor_module/current/r_motor_current_api.o
                0x00002f88                R_MOTOR_CURRENT_CurrentOffsetRemove
 .text.R_MOTOR_CURRENT_VoltErrCompParamSet
                0x00002fac        0x8 ./src/application/motor_module/current/r_motor_current_api.o
                0x00002fac                R_MOTOR_CURRENT_VoltErrCompParamSet
 .text.R_MOTOR_CURRENT_BEMFObserverParameterUpdate
                0x00002fb4       0x70 ./src/application/motor_module/current/r_motor_current_api.o
                0x00002fb4                R_MOTOR_CURRENT_BEMFObserverParameterUpdate
 .text.R_MOTOR_CURRENT_UpdateAngleNSpole
                0x00003024       0x6c ./src/application/motor_module/current/r_motor_current_api.o
                0x00003024                R_MOTOR_CURRENT_UpdateAngleNSpole
 .text.R_MOTOR_CURRENT_PLLSpeedSet
                0x00003090       0x10 ./src/application/motor_module/current/r_motor_current_api.o
                0x00003090                R_MOTOR_CURRENT_PLLSpeedSet
 .text.R_MOTOR_CURRENT_RotorAngleSet
                0x000030a0        0x8 ./src/application/motor_module/current/r_motor_current_api.o
                0x000030a0                R_MOTOR_CURRENT_RotorAngleSet
 .text.R_MOTOR_CURRENT_BEMFObserverParameterSet
                0x000030a8       0x10 ./src/application/motor_module/current/r_motor_current_api.o
                0x000030a8                R_MOTOR_CURRENT_BEMFObserverParameterSet
 .text.motor_current_mod_init
                0x000030b8       0x34 ./src/application/motor_module/current/r_motor_current_modulation.o
                0x000030b8                motor_current_mod_init
 .text.motor_current_mod_start
                0x000030ec      0x114 ./src/application/motor_module/current/r_motor_current_modulation.o
                0x000030ec                motor_current_mod_start
 .text.motor_current_mod_vdc_set
                0x00003200       0x1c ./src/application/motor_module/current/r_motor_current_modulation.o
                0x00003200                motor_current_mod_vdc_set
 .text.motor_current_mod_max_duty_set
                0x0000321c       0x38 ./src/application/motor_module/current/r_motor_current_modulation.o
                0x0000321c                motor_current_mod_max_duty_set
 .text.motor_current_mod_min_duty_set
                0x00003254       0x28 ./src/application/motor_module/current/r_motor_current_modulation.o
                0x00003254                motor_current_mod_min_duty_set
 .text.motor_current_mod_volt_err_ratio_set
                0x0000327c        0x8 ./src/application/motor_module/current/r_motor_current_modulation.o
                0x0000327c                motor_current_mod_volt_err_ratio_set
 .text.motor_current_mod_max_va_get
                0x00003284       0x3c ./src/application/motor_module/current/r_motor_current_modulation.o
                0x00003284                motor_current_mod_max_va_get
 .text.motor_current_pi_gain_calc
                0x000032c0       0x58 ./src/application/motor_module/current/r_motor_current_pi_gain_calc.o
                0x000032c0                motor_current_pi_gain_calc
 .text.mtr_init
                0x00003318      0x1dc ./src/application/main/mtr_main.o
                0x00003318                mtr_init
 .text.mtr_main
                0x000034f4       0x70 ./src/application/main/mtr_main.o
                0x000034f4                mtr_main
 .text.callback_gpt_adc_cyclic
                0x00003564       0x1c ./src/application/main/mtr_main.o
                0x00003564                callback_gpt_adc_cyclic
 .text.pfc_pwm_cyclic
                0x00003580        0xc ./src/application/main/mtr_main.o
                0x00003580                pfc_pwm_cyclic
 .text.callback_agt_motor_speed_cyclic
                0x0000358c        0x8 ./src/application/main/mtr_main.o
                0x0000358c                callback_agt_motor_speed_cyclic
 .text.callback_agt_system_manager_cyclic
                0x00003594        0x8 ./src/application/main/mtr_main.o
                0x00003594                callback_agt_system_manager_cyclic
 .text.callback_poe_overcurrent
                0x0000359c       0x40 ./src/application/main/mtr_main.o
                0x0000359c                callback_poe_overcurrent
 .text.hal_entry
                0x000035dc        0xc ./src/hal_entry.o
                0x000035dc                hal_entry
 .text.R_BSP_WarmStart
                0x000035e8       0x18 ./src/hal_entry.o
                0x000035e8                R_BSP_WarmStart
 .text.startup.main
                0x00003600        0xc ./ra_gen/main.o
                0x00003600                main
 .text.R_POEG_Open
                0x0000360c       0xc4 ./ra/fsp/src/r_poeg/r_poeg.o
                0x0000360c                R_POEG_Open
 .text.R_POEG_OutputDisable
                0x000036d0       0x10 ./ra/fsp/src/r_poeg/r_poeg.o
                0x000036d0                R_POEG_OutputDisable
 .text.R_POEG_Reset
                0x000036e0       0x14 ./ra/fsp/src/r_poeg/r_poeg.o
                0x000036e0                R_POEG_Reset
 .text.R_POEG_StatusGet
                0x000036f4       0x14 ./ra/fsp/src/r_poeg/r_poeg.o
                0x000036f4                R_POEG_StatusGet
 .text.R_POEG_CallbackSet
                0x00003708       0x10 ./ra/fsp/src/r_poeg/r_poeg.o
                0x00003708                R_POEG_CallbackSet
 .text.R_POEG_Close
                0x00003718       0x50 ./ra/fsp/src/r_poeg/r_poeg.o
                0x00003718                R_POEG_Close
 .text.poeg_event_isr
                0x00003768       0x54 ./ra/fsp/src/r_poeg/r_poeg.o
                0x00003768                poeg_event_isr
 .text.R_IOPORT_Close
                0x000037bc        0xc ./ra/fsp/src/r_ioport/r_ioport.o
                0x000037bc                R_IOPORT_Close
 .text.R_IOPORT_PinRead
                0x000037c8       0x24 ./ra/fsp/src/r_ioport/r_ioport.o
                0x000037c8                R_IOPORT_PinRead
 .text.R_IOPORT_PortRead
                0x000037ec       0x14 ./ra/fsp/src/r_ioport/r_ioport.o
                0x000037ec                R_IOPORT_PortRead
 .text.R_IOPORT_PortWrite
                0x00003800       0x1c ./ra/fsp/src/r_ioport/r_ioport.o
                0x00003800                R_IOPORT_PortWrite
 .text.R_IOPORT_PinWrite
                0x0000381c       0x20 ./ra/fsp/src/r_ioport/r_ioport.o
                0x0000381c                R_IOPORT_PinWrite
 .text.R_IOPORT_PortDirectionSet
                0x0000383c       0x2c ./ra/fsp/src/r_ioport/r_ioport.o
                0x0000383c                R_IOPORT_PortDirectionSet
 .text.R_IOPORT_PortEventInputRead
                0x00003868       0x18 ./ra/fsp/src/r_ioport/r_ioport.o
                0x00003868                R_IOPORT_PortEventInputRead
 .text.R_IOPORT_PinEventInputRead
                0x00003880       0x34 ./ra/fsp/src/r_ioport/r_ioport.o
                0x00003880                R_IOPORT_PinEventInputRead
 .text.R_IOPORT_PortEventOutputWrite
                0x000038b4       0x1c ./ra/fsp/src/r_ioport/r_ioport.o
                0x000038b4                R_IOPORT_PortEventOutputWrite
 .text.R_IOPORT_PinEventOutputWrite
                0x000038d0       0x34 ./ra/fsp/src/r_ioport/r_ioport.o
                0x000038d0                R_IOPORT_PinEventOutputWrite
 .text.r_ioport_pins_config
                0x00003904       0xa8 ./ra/fsp/src/r_ioport/r_ioport.o
 .text.R_IOPORT_Open
                0x000039ac       0x14 ./ra/fsp/src/r_ioport/r_ioport.o
                0x000039ac                R_IOPORT_Open
 .text.R_IOPORT_PinsCfg
                0x000039c0        0xc ./ra/fsp/src/r_ioport/r_ioport.o
                0x000039c0                R_IOPORT_PinsCfg
 .text.R_IOPORT_PinCfg
                0x000039cc       0x90 ./ra/fsp/src/r_ioport/r_ioport.o
                0x000039cc                R_IOPORT_PinCfg
 .text.R_GPT_THREE_PHASE_Stop
                0x00003a5c        0xc ./ra/fsp/src/r_gpt_three_phase/r_gpt_three_phase.o
                0x00003a5c                R_GPT_THREE_PHASE_Stop
 .text.R_GPT_THREE_PHASE_Start
                0x00003a68        0xc ./ra/fsp/src/r_gpt_three_phase/r_gpt_three_phase.o
                0x00003a68                R_GPT_THREE_PHASE_Start
 .text.R_GPT_THREE_PHASE_Reset
                0x00003a74        0xc ./ra/fsp/src/r_gpt_three_phase/r_gpt_three_phase.o
                0x00003a74                R_GPT_THREE_PHASE_Reset
 .text.R_GPT_THREE_PHASE_DutyCycleSet
                0x00003a80       0x3c ./ra/fsp/src/r_gpt_three_phase/r_gpt_three_phase.o
                0x00003a80                R_GPT_THREE_PHASE_DutyCycleSet
 .text.R_GPT_THREE_PHASE_Open
                0x00003abc       0x50 ./ra/fsp/src/r_gpt_three_phase/r_gpt_three_phase.o
                0x00003abc                R_GPT_THREE_PHASE_Open
 .text.R_GPT_Stop
                0x00003b0c        0xc ./ra/fsp/src/r_gpt/r_gpt.o
                0x00003b0c                R_GPT_Stop
 .text.R_GPT_Start
                0x00003b18        0xc ./ra/fsp/src/r_gpt/r_gpt.o
                0x00003b18                R_GPT_Start
 .text.R_GPT_Reset
                0x00003b24        0xc ./ra/fsp/src/r_gpt/r_gpt.o
                0x00003b24                R_GPT_Reset
 .text.R_GPT_Enable
                0x00003b30       0x30 ./ra/fsp/src/r_gpt/r_gpt.o
                0x00003b30                R_GPT_Enable
 .text.R_GPT_Disable
                0x00003b60       0x18 ./ra/fsp/src/r_gpt/r_gpt.o
                0x00003b60                R_GPT_Disable
 .text.R_GPT_PeriodSet
                0x00003b78       0x3c ./ra/fsp/src/r_gpt/r_gpt.o
                0x00003b78                R_GPT_PeriodSet
 .text.R_GPT_CompareMatchSet
                0x00003bb4       0x14 ./ra/fsp/src/r_gpt/r_gpt.o
                0x00003bb4                R_GPT_CompareMatchSet
 .text.R_GPT_StatusGet
                0x00003bc8       0x14 ./ra/fsp/src/r_gpt/r_gpt.o
                0x00003bc8                R_GPT_StatusGet
 .text.R_GPT_CallbackSet
                0x00003bdc       0x10 ./ra/fsp/src/r_gpt/r_gpt.o
                0x00003bdc                R_GPT_CallbackSet
 .text.r_gpt_call_callback
                0x00003bec       0x3c ./ra/fsp/src/r_gpt/r_gpt.o
 .text.R_GPT_InfoGet
                0x00003c28       0x48 ./ra/fsp/src/r_gpt/r_gpt.o
                0x00003c28                R_GPT_InfoGet
 .text.gpt_calculate_duty_cycle.isra.0
                0x00003c70       0x84 ./ra/fsp/src/r_gpt/r_gpt.o
 .text.R_GPT_DutyCycleSet
                0x00003cf4       0xc0 ./ra/fsp/src/r_gpt/r_gpt.o
                0x00003cf4                R_GPT_DutyCycleSet
 .text.r_gpt_enable_irq
                0x00003db4       0x60 ./ra/fsp/src/r_gpt/r_gpt.o
 *fill*         0x00003e14        0x4 ff
 .text.R_GPT_Open
                0x00003e18      0x33c ./ra/fsp/src/r_gpt/r_gpt.o
                0x00003e18                R_GPT_Open
 .text.R_GPT_Close
                0x00004154       0xcc ./ra/fsp/src/r_gpt/r_gpt.o
                0x00004154                R_GPT_Close
 .text.R_GPT_OutputEnable
                0x00004220       0x18 ./ra/fsp/src/r_gpt/r_gpt.o
                0x00004220                R_GPT_OutputEnable
 .text.R_GPT_OutputDisable
                0x00004238       0x18 ./ra/fsp/src/r_gpt/r_gpt.o
                0x00004238                R_GPT_OutputDisable
 .text.gpt_counter_overflow_isr
                0x00004250       0x94 ./ra/fsp/src/r_gpt/r_gpt.o
                0x00004250                gpt_counter_overflow_isr
 .text.R_AGT_Stop
                0x000042e4       0x24 ./ra/fsp/src/r_agt/r_agt.o
                0x000042e4                R_AGT_Stop
 .text.R_AGT_Start
                0x00004308       0x6c ./ra/fsp/src/r_agt/r_agt.o
                0x00004308                R_AGT_Start
 .text.R_AGT_Reset
                0x00004374       0x3c ./ra/fsp/src/r_agt/r_agt.o
                0x00004374                R_AGT_Reset
 .text.R_AGT_Open
                0x000043b0      0x164 ./ra/fsp/src/r_agt/r_agt.o
                0x000043b0                R_AGT_Open
 .text.agt_int_isr
                0x00004514       0x9c ./ra/fsp/src/r_agt/r_agt.o
                0x00004514                agt_int_isr
 .text.R_ADC_B_ScanStart
                0x000045b0       0x18 ./ra/fsp/src/r_adc_b/r_adc_b.o
                0x000045b0                R_ADC_B_ScanStart
 .text.R_ADC_B_StatusGet
                0x000045c8       0x28 ./ra/fsp/src/r_adc_b/r_adc_b.o
                0x000045c8                R_ADC_B_StatusGet
 .text.R_ADC_B_Read
                0x000045f0       0x24 ./ra/fsp/src/r_adc_b/r_adc_b.o
                0x000045f0                R_ADC_B_Read
 .text.R_ADC_B_Open
                0x00004614      0x1f0 ./ra/fsp/src/r_adc_b/r_adc_b.o
                0x00004614                R_ADC_B_Open
 .text.R_ADC_B_ScanCfg
                0x00004804      0x258 ./ra/fsp/src/r_adc_b/r_adc_b.o
                0x00004804                R_ADC_B_ScanCfg
 .text.adc_b_isr_handler
                0x00004a5c       0x94 ./ra/fsp/src/r_adc_b/r_adc_b.o
 .text.R_ADC_B_Calibrate
                0x00004af0       0x6c ./ra/fsp/src/r_adc_b/r_adc_b.o
                0x00004af0                R_ADC_B_Calibrate
 .text.adc_b_calend0_isr
                0x00004b5c       0xc0 ./ra/fsp/src/r_adc_b/r_adc_b.o
                0x00004b5c                adc_b_calend0_isr
 .text.adc_b_calend1_isr
                0x00004c1c       0xc4 ./ra/fsp/src/r_adc_b/r_adc_b.o
                0x00004c1c                adc_b_calend1_isr
 .text.adc_b_adi0_isr
                0x00004ce0       0x3c ./ra/fsp/src/r_adc_b/r_adc_b.o
                0x00004ce0                adc_b_adi0_isr
 .text.adc_b_adi1_isr
                0x00004d1c       0x3c ./ra/fsp/src/r_adc_b/r_adc_b.o
                0x00004d1c                adc_b_adi1_isr
 .text.SystemCoreClockUpdate
                0x00004d58       0x28 ./ra/fsp/src/bsp/mcu/all/bsp_clocks.o
                0x00004d58                SystemCoreClockUpdate
 .text.bsp_clock_init
                0x00004d80      0x110 ./ra/fsp/src/bsp/mcu/all/bsp_clocks.o
                0x00004d80                bsp_clock_init
 .text.bsp_init_internal
                0x00004e90        0x4 ./ra/fsp/src/bsp/mcu/all/bsp_common.o
                0x00004e90                bsp_init_internal
                0x00004e90                bsp_init
 .text.bsp_prv_software_delay_loop
                0x00004e94        0xc ./ra/fsp/src/bsp/mcu/all/bsp_delay.o
                0x00004e94                bsp_prv_software_delay_loop
 .text.R_BSP_SoftwareDelay
                0x00004ea0       0x58 ./ra/fsp/src/bsp/mcu/all/bsp_delay.o
                0x00004ea0                R_BSP_SoftwareDelay
 .text.NMI_Handler
                0x00004ef8       0x3c ./ra/fsp/src/bsp/mcu/all/bsp_group_irq.o
                0x00004ef8                NMI_Handler
 .text.bsp_irq_cfg
                0x00004f34       0xa4 ./ra/fsp/src/bsp/mcu/all/bsp_irq.o
                0x00004f34                bsp_irq_cfg
 .text.R_BSP_RegisterProtectEnable
                0x00004fd8       0x60 ./ra/fsp/src/bsp/mcu/all/bsp_register_protection.o
                0x00004fd8                R_BSP_RegisterProtectEnable
 .text.R_BSP_RegisterProtectDisable
                0x00005038       0x54 ./ra/fsp/src/bsp/mcu/all/bsp_register_protection.o
                0x00005038                R_BSP_RegisterProtectDisable
 .text.Default_Handler
                0x0000508c        0x4 ./ra/fsp/src/bsp/cmsis/Device/RENESAS/Source/startup.o
                0x0000508c                DebugMon_Handler
                0x0000508c                HardFault_Handler
                0x0000508c                SysTick_Handler
                0x0000508c                PendSV_Handler
                0x0000508c                UsageFault_Handler
                0x0000508c                SecureFault_Handler
                0x0000508c                Default_Handler
                0x0000508c                MemManage_Handler
                0x0000508c                SVC_Handler
                0x0000508c                BusFault_Handler
 .text.Reset_Handler
                0x00005090        0xc ./ra/fsp/src/bsp/cmsis/Device/RENESAS/Source/startup.o
                0x00005090                Reset_Handler
 .text.SystemInit
                0x0000509c       0xf8 ./ra/fsp/src/bsp/cmsis/Device/RENESAS/Source/system.o
                0x0000509c                SystemInit
 .text.ics_int_sci_rxi
                0x00005194      0x3d8 C:/Users/a5143778/Documents/MC_Greece/MC_Greece/RA6T2_MCIHV1_IPM_LESS_FOC_WHOLE_PFC_E2S_V100/src/application/user_interface/ics/ICS2_RA6T2.o(ICS2_RA6T2.o)
                0x00005194                ics_int_sci_rxi
 .text.ics2_watchpoint
                0x0000556c      0x2ac C:/Users/a5143778/Documents/MC_Greece/MC_Greece/RA6T2_MCIHV1_IPM_LESS_FOC_WHOLE_PFC_E2S_V100/src/application/user_interface/ics/ICS2_RA6T2.o(ICS2_RA6T2.o)
                0x0000556c                ics2_watchpoint
 .text.ics2_init
                0x00005818       0xb4 C:/Users/a5143778/Documents/MC_Greece/MC_Greece/RA6T2_MCIHV1_IPM_LESS_FOC_WHOLE_PFC_E2S_V100/src/application/user_interface/ics/ICS2_RA6T2.o(ICS2_RA6T2.o)
                0x00005818                ics2_init
 .text.motor_current_bemf_observer_start
                0x000058cc      0x118 C:\Users\a5143778\Documents\MC_Greece\MC_Greece\RA6T2_MCIHV1_IPM_LESS_FOC_WHOLE_PFC_E2S_V100\src\application\motor_module\current\libr_motor_current_bemf_observer.a(r_motor_current_bemf_observer.o)
                0x000058cc                motor_current_bemf_observer_start
 .text.motor_current_bemf_observer_d_calc
                0x000059e4       0x18 C:\Users\a5143778\Documents\MC_Greece\MC_Greece\RA6T2_MCIHV1_IPM_LESS_FOC_WHOLE_PFC_E2S_V100\src\application\motor_module\current\libr_motor_current_bemf_observer.a(r_motor_current_bemf_observer.o)
                0x000059e4                motor_current_bemf_observer_d_calc
 .text.motor_current_bemf_observer_q_calc
                0x000059fc       0x18 C:\Users\a5143778\Documents\MC_Greece\MC_Greece\RA6T2_MCIHV1_IPM_LESS_FOC_WHOLE_PFC_E2S_V100\src\application\motor_module\current\libr_motor_current_bemf_observer.a(r_motor_current_bemf_observer.o)
                0x000059fc                motor_current_bemf_observer_q_calc
 .text.motor_current_bemf_observer_init
                0x00005a14       0x18 C:\Users\a5143778\Documents\MC_Greece\MC_Greece\RA6T2_MCIHV1_IPM_LESS_FOC_WHOLE_PFC_E2S_V100\src\application\motor_module\current\libr_motor_current_bemf_observer.a(r_motor_current_bemf_observer.o)
                0x00005a14                motor_current_bemf_observer_init
 .text.motor_current_bemf_observer_gain_calc
                0x00005a2c       0x54 C:\Users\a5143778\Documents\MC_Greece\MC_Greece\RA6T2_MCIHV1_IPM_LESS_FOC_WHOLE_PFC_E2S_V100\src\application\motor_module\current\libr_motor_current_bemf_observer.a(r_motor_current_bemf_observer.o)
                0x00005a2c                motor_current_bemf_observer_gain_calc
 .text.motor_current_bemf_observer_reset
                0x00005a80       0x14 C:\Users\a5143778\Documents\MC_Greece\MC_Greece\RA6T2_MCIHV1_IPM_LESS_FOC_WHOLE_PFC_E2S_V100\src\application\motor_module\current\libr_motor_current_bemf_observer.a(r_motor_current_bemf_observer.o)
                0x00005a80                motor_current_bemf_observer_reset
 .text.motor_current_angle_speed_pll
                0x00005a94       0x28 C:\Users\a5143778\Documents\MC_Greece\MC_Greece\RA6T2_MCIHV1_IPM_LESS_FOC_WHOLE_PFC_E2S_V100\src\application\motor_module\current\libr_motor_current_bemf_observer.a(r_motor_current_bemf_observer.o)
                0x00005a94                motor_current_angle_speed_pll
 .text.motor_current_angle_speed_init
                0x00005abc        0x8 C:\Users\a5143778\Documents\MC_Greece\MC_Greece\RA6T2_MCIHV1_IPM_LESS_FOC_WHOLE_PFC_E2S_V100\src\application\motor_module\current\libr_motor_current_bemf_observer.a(r_motor_current_bemf_observer.o)
                0x00005abc                motor_current_angle_speed_init
 .text.motor_current_angle_speed_gain_calc
                0x00005ac4       0x28 C:\Users\a5143778\Documents\MC_Greece\MC_Greece\RA6T2_MCIHV1_IPM_LESS_FOC_WHOLE_PFC_E2S_V100\src\application\motor_module\current\libr_motor_current_bemf_observer.a(r_motor_current_bemf_observer.o)
                0x00005ac4                motor_current_angle_speed_gain_calc
 .text.motor_current_angle_speed_reset
                0x00005aec        0x8 C:\Users\a5143778\Documents\MC_Greece\MC_Greece\RA6T2_MCIHV1_IPM_LESS_FOC_WHOLE_PFC_E2S_V100\src\application\motor_module\current\libr_motor_current_bemf_observer.a(r_motor_current_bemf_observer.o)
                0x00005aec                motor_current_angle_speed_reset
 .text.motor_current_lowspdsensorless_init
                0x00005af4       0x9c C:\Users\a5143778\Documents\MC_Greece\MC_Greece\RA6T2_MCIHV1_IPM_LESS_FOC_WHOLE_PFC_E2S_V100\src\application\motor_module\current\libr_motor_current_lowspd_sensorless.a(r_motor_current_lowspd_sensorless.o)
                0x00005af4                motor_current_lowspdsensorless_init
 .text.motor_current_lowspdsensorless_calc_dtheta
                0x00005b90       0x34 C:\Users\a5143778\Documents\MC_Greece\MC_Greece\RA6T2_MCIHV1_IPM_LESS_FOC_WHOLE_PFC_E2S_V100\src\application\motor_module\current\libr_motor_current_lowspd_sensorless.a(r_motor_current_lowspd_sensorless.o)
                0x00005b90                motor_current_lowspdsensorless_calc_dtheta
 .text.motor_current_lowspdsensorless_save_current
                0x00005bc4       0x34 C:\Users\a5143778\Documents\MC_Greece\MC_Greece\RA6T2_MCIHV1_IPM_LESS_FOC_WHOLE_PFC_E2S_V100\src\application\motor_module\current\libr_motor_current_lowspd_sensorless.a(r_motor_current_lowspd_sensorless.o)
                0x00005bc4                motor_current_lowspdsensorless_save_current
 .text.motor_current_lowspdsensorless_calc_current
                0x00005bf8       0xb4 C:\Users\a5143778\Documents\MC_Greece\MC_Greece\RA6T2_MCIHV1_IPM_LESS_FOC_WHOLE_PFC_E2S_V100\src\application\motor_module\current\libr_motor_current_lowspd_sensorless.a(r_motor_current_lowspd_sensorless.o)
                0x00005bf8                motor_current_lowspdsensorless_calc_current
 .text.motor_current_lowspdsensorless_calc_pf
                0x00005cac       0x9c C:\Users\a5143778\Documents\MC_Greece\MC_Greece\RA6T2_MCIHV1_IPM_LESS_FOC_WHOLE_PFC_E2S_V100\src\application\motor_module\current\libr_motor_current_lowspd_sensorless.a(r_motor_current_lowspd_sensorless.o)
                0x00005cac                motor_current_lowspdsensorless_calc_pf
 .text.motor_current_lowspdsensorless_vd_pulse_injection
                0x00005d48       0x38 C:\Users\a5143778\Documents\MC_Greece\MC_Greece\RA6T2_MCIHV1_IPM_LESS_FOC_WHOLE_PFC_E2S_V100\src\application\motor_module\current\libr_motor_current_lowspd_sensorless.a(r_motor_current_lowspd_sensorless.o)
                0x00005d48                motor_current_lowspdsensorless_vd_pulse_injection
 .text.motor_current_stall_detection_init
                0x00005d80       0x4c C:\Users\a5143778\Documents\MC_Greece\MC_Greece\RA6T2_MCIHV1_IPM_LESS_FOC_WHOLE_PFC_E2S_V100\src\application\motor_module\current\libr_motor_current_stall_detection.a(r_motor_current_stall_detection.o)
                0x00005d80                motor_current_stall_detection_init
 .text.motor_current_stall_detection_parameter_set
                0x00005dcc       0x20 C:\Users\a5143778\Documents\MC_Greece\MC_Greece\RA6T2_MCIHV1_IPM_LESS_FOC_WHOLE_PFC_E2S_V100\src\application\motor_module\current\libr_motor_current_stall_detection.a(r_motor_current_stall_detection.o)
                0x00005dcc                motor_current_stall_detection_parameter_set
 .text.motor_current_stall_detection_reset
                0x00005dec       0x30 C:\Users\a5143778\Documents\MC_Greece\MC_Greece\RA6T2_MCIHV1_IPM_LESS_FOC_WHOLE_PFC_E2S_V100\src\application\motor_module\current\libr_motor_current_stall_detection.a(r_motor_current_stall_detection.o)
                0x00005dec                motor_current_stall_detection_reset
 .text.motor_current_stall_detection_main
                0x00005e1c       0xdc C:\Users\a5143778\Documents\MC_Greece\MC_Greece\RA6T2_MCIHV1_IPM_LESS_FOC_WHOLE_PFC_E2S_V100\src\application\motor_module\current\libr_motor_current_stall_detection.a(r_motor_current_stall_detection.o)
                0x00005e1c                motor_current_stall_detection_main
 .text.motor_current_trq_vibration_compensation_init
                0x00005ef8       0x90 C:\Users\a5143778\Documents\MC_Greece\MC_Greece\RA6T2_MCIHV1_IPM_LESS_FOC_WHOLE_PFC_E2S_V100\src\application\motor_module\current\libr_motor_current_trq_vib_comp.a(r_motor_current_trq_vib_comp.o)
                0x00005ef8                motor_current_trq_vibration_compensation_init
 .text.motor_current_trq_vibration_compensation_reset
                0x00005f88       0x40 C:\Users\a5143778\Documents\MC_Greece\MC_Greece\RA6T2_MCIHV1_IPM_LESS_FOC_WHOLE_PFC_E2S_V100\src\application\motor_module\current\libr_motor_current_trq_vib_comp.a(r_motor_current_trq_vib_comp.o)
                0x00005f88                motor_current_trq_vibration_compensation_reset
 .text.motor_current_trq_vibration_compensation_parameter_set
                0x00005fc8       0x48 C:\Users\a5143778\Documents\MC_Greece\MC_Greece\RA6T2_MCIHV1_IPM_LESS_FOC_WHOLE_PFC_E2S_V100\src\application\motor_module\current\libr_motor_current_trq_vib_comp.a(r_motor_current_trq_vib_comp.o)
                0x00005fc8                motor_current_trq_vibration_compensation_parameter_set
 .text.motor_current_trq_vibration_compensation_main
                0x00006010      0x13c C:\Users\a5143778\Documents\MC_Greece\MC_Greece\RA6T2_MCIHV1_IPM_LESS_FOC_WHOLE_PFC_E2S_V100\src\application\motor_module\current\libr_motor_current_trq_vib_comp.a(r_motor_current_trq_vib_comp.o)
                0x00006010                motor_current_trq_vibration_compensation_main
 .text.motor_current_trq_vibration_compensation_trackingfilter
                0x0000614c       0x94 C:\Users\a5143778\Documents\MC_Greece\MC_Greece\RA6T2_MCIHV1_IPM_LESS_FOC_WHOLE_PFC_E2S_V100\src\application\motor_module\current\libr_motor_current_trq_vib_comp.a(r_motor_current_trq_vib_comp.o)
                0x0000614c                motor_current_trq_vibration_compensation_trackingfilter
 .text.motor_current_trq_vibration_compensation_preproc
                0x000061e0       0x98 C:\Users\a5143778\Documents\MC_Greece\MC_Greece\RA6T2_MCIHV1_IPM_LESS_FOC_WHOLE_PFC_E2S_V100\src\application\motor_module\current\libr_motor_current_trq_vib_comp.a(r_motor_current_trq_vib_comp.o)
                0x000061e0                motor_current_trq_vibration_compensation_preproc
 .text.motor_current_volt_err_comp_calc.part.0
                0x00006278      0x204 C:\Users\a5143778\Documents\MC_Greece\MC_Greece\RA6T2_MCIHV1_IPM_LESS_FOC_WHOLE_PFC_E2S_V100\src\application\motor_module\current\libr_motor_current_volt_err_comp.a(r_motor_current_volt_err_comp.o)
 .text.motor_current_volt_err_comp_init
                0x0000647c       0xb0 C:\Users\a5143778\Documents\MC_Greece\MC_Greece\RA6T2_MCIHV1_IPM_LESS_FOC_WHOLE_PFC_E2S_V100\src\application\motor_module\current\libr_motor_current_volt_err_comp.a(r_motor_current_volt_err_comp.o)
                0x0000647c                motor_current_volt_err_comp_init
 .text.motor_current_volt_err_comp_main
                0x0000652c      0x1fc C:\Users\a5143778\Documents\MC_Greece\MC_Greece\RA6T2_MCIHV1_IPM_LESS_FOC_WHOLE_PFC_E2S_V100\src\application\motor_module\current\libr_motor_current_volt_err_comp.a(r_motor_current_volt_err_comp.o)
                0x0000652c                motor_current_volt_err_comp_main
 .text.motor_current_volt_err_comp_table_set
                0x00006728       0x98 C:\Users\a5143778\Documents\MC_Greece\MC_Greece\RA6T2_MCIHV1_IPM_LESS_FOC_WHOLE_PFC_E2S_V100\src\application\motor_module\current\libr_motor_current_volt_err_comp.a(r_motor_current_volt_err_comp.o)
                0x00006728                motor_current_volt_err_comp_table_set
 .text.motor_current_volt_err_vlimit_set
                0x000067c0       0x10 C:\Users\a5143778\Documents\MC_Greece\MC_Greece\RA6T2_MCIHV1_IPM_LESS_FOC_WHOLE_PFC_E2S_V100\src\application\motor_module\current\libr_motor_current_volt_err_comp.a(r_motor_current_volt_err_comp.o)
                0x000067c0                motor_current_volt_err_vlimit_set
 .text.motor_flying_start_init
                0x000067d0       0x50 C:\Users\a5143778\Documents\MC_Greece\MC_Greece\RA6T2_MCIHV1_IPM_LESS_FOC_WHOLE_PFC_E2S_V100\src\application\motor_module\sensorless_vector\libr_motor_sensorless_vector_flyingstart.a(r_motor_sensorless_vector_flyingstart.o)
                0x000067d0                motor_flying_start_init
 .text.motor_flying_start_reset
                0x00006820       0x28 C:\Users\a5143778\Documents\MC_Greece\MC_Greece\RA6T2_MCIHV1_IPM_LESS_FOC_WHOLE_PFC_E2S_V100\src\application\motor_module\sensorless_vector\libr_motor_sensorless_vector_flyingstart.a(r_motor_sensorless_vector_flyingstart.o)
                0x00006820                motor_flying_start_reset
 .text.motor_flying_start_parameter_set
                0x00006848       0x2c C:\Users\a5143778\Documents\MC_Greece\MC_Greece\RA6T2_MCIHV1_IPM_LESS_FOC_WHOLE_PFC_E2S_V100\src\application\motor_module\sensorless_vector\libr_motor_sensorless_vector_flyingstart.a(r_motor_sensorless_vector_flyingstart.o)
                0x00006848                motor_flying_start_parameter_set
 .text.motor_flying_start_main
                0x00006874      0x354 C:\Users\a5143778\Documents\MC_Greece\MC_Greece\RA6T2_MCIHV1_IPM_LESS_FOC_WHOLE_PFC_E2S_V100\src\application\motor_module\sensorless_vector\libr_motor_sensorless_vector_flyingstart.a(r_motor_sensorless_vector_flyingstart.o)
                0x00006874                motor_flying_start_main
 .text.motor_speed_extobserver_init
                0x00006bc8       0x9c C:\Users\a5143778\Documents\MC_Greece\MC_Greece\RA6T2_MCIHV1_IPM_LESS_FOC_WHOLE_PFC_E2S_V100\src\application\motor_module\speed\libr_motor_speed_extobserver.a(r_motor_speed_extobserver.o)
                0x00006bc8                motor_speed_extobserver_init
 .text.motor_speed_extobserver_reset
                0x00006c64        0xc C:\Users\a5143778\Documents\MC_Greece\MC_Greece\RA6T2_MCIHV1_IPM_LESS_FOC_WHOLE_PFC_E2S_V100\src\application\motor_module\speed\libr_motor_speed_extobserver.a(r_motor_speed_extobserver.o)
                0x00006c64                motor_speed_extobserver_reset
 .text.motor_speed_extobserver_start
                0x00006c70       0x7c C:\Users\a5143778\Documents\MC_Greece\MC_Greece\RA6T2_MCIHV1_IPM_LESS_FOC_WHOLE_PFC_E2S_V100\src\application\motor_module\speed\libr_motor_speed_extobserver.a(r_motor_speed_extobserver.o)
                0x00006c70                motor_speed_extobserver_start
 .text.motor_speed_extobserver_mech_speed_get
                0x00006cec        0x8 C:\Users\a5143778\Documents\MC_Greece\MC_Greece\RA6T2_MCIHV1_IPM_LESS_FOC_WHOLE_PFC_E2S_V100\src\application\motor_module\speed\libr_motor_speed_extobserver.a(r_motor_speed_extobserver.o)
                0x00006cec                motor_speed_extobserver_mech_speed_get
 .text.motor_speed_extobserver_disturbance_get
                0x00006cf4        0x8 C:\Users\a5143778\Documents\MC_Greece\MC_Greece\RA6T2_MCIHV1_IPM_LESS_FOC_WHOLE_PFC_E2S_V100\src\application\motor_module\speed\libr_motor_speed_extobserver.a(r_motor_speed_extobserver.o)
                0x00006cf4                motor_speed_extobserver_disturbance_get
 .text.motor_speed_extobserver_natural_freq_set
                0x00006cfc       0x68 C:\Users\a5143778\Documents\MC_Greece\MC_Greece\RA6T2_MCIHV1_IPM_LESS_FOC_WHOLE_PFC_E2S_V100\src\application\motor_module\speed\libr_motor_speed_extobserver.a(r_motor_speed_extobserver.o)
                0x00006cfc                motor_speed_extobserver_natural_freq_set
 .text.motor_speed_extobserver_inertia_set
                0x00006d64        0x8 C:\Users\a5143778\Documents\MC_Greece\MC_Greece\RA6T2_MCIHV1_IPM_LESS_FOC_WHOLE_PFC_E2S_V100\src\application\motor_module\speed\libr_motor_speed_extobserver.a(r_motor_speed_extobserver.o)
                0x00006d64                motor_speed_extobserver_inertia_set
 .text.motor_speed_extobserver_current_limit_set
                0x00006d6c       0x18 C:\Users\a5143778\Documents\MC_Greece\MC_Greece\RA6T2_MCIHV1_IPM_LESS_FOC_WHOLE_PFC_E2S_V100\src\application\motor_module\speed\libr_motor_speed_extobserver.a(r_motor_speed_extobserver.o)
                0x00006d6c                motor_speed_extobserver_current_limit_set
 .text.motor_speed_extobserver_disturbance_current_limit
                0x00006d84       0x74 C:\Users\a5143778\Documents\MC_Greece\MC_Greece\RA6T2_MCIHV1_IPM_LESS_FOC_WHOLE_PFC_E2S_V100\src\application\motor_module\speed\libr_motor_speed_extobserver.a(r_motor_speed_extobserver.o)
                0x00006d84                motor_speed_extobserver_disturbance_current_limit
 .text.motor_speed_flux_weakn_reset
                0x00006df8       0x14 C:\Users\a5143778\Documents\MC_Greece\MC_Greece\RA6T2_MCIHV1_IPM_LESS_FOC_WHOLE_PFC_E2S_V100\src\application\motor_module\speed\libr_motor_speed_fluxwkn.a(r_motor_speed_fluxwkn.o)
                0x00006df8                motor_speed_flux_weakn_reset
 .text.motor_speed_flux_weakn_start
                0x00006e0c      0x168 C:\Users\a5143778\Documents\MC_Greece\MC_Greece\RA6T2_MCIHV1_IPM_LESS_FOC_WHOLE_PFC_E2S_V100\src\application\motor_module\speed\libr_motor_speed_fluxwkn.a(r_motor_speed_fluxwkn.o)
                0x00006e0c                motor_speed_flux_weakn_start
 .text.motor_speed_flux_weakn_motor_set
                0x00006f74       0x64 C:\Users\a5143778\Documents\MC_Greece\MC_Greece\RA6T2_MCIHV1_IPM_LESS_FOC_WHOLE_PFC_E2S_V100\src\application\motor_module\speed\libr_motor_speed_fluxwkn.a(r_motor_speed_fluxwkn.o)
                0x00006f74                motor_speed_flux_weakn_motor_set
 .text.motor_speed_flux_weakn_init
                0x00006fd8       0xbc C:\Users\a5143778\Documents\MC_Greece\MC_Greece\RA6T2_MCIHV1_IPM_LESS_FOC_WHOLE_PFC_E2S_V100\src\application\motor_module\speed\libr_motor_speed_fluxwkn.a(r_motor_speed_fluxwkn.o)
                0x00006fd8                motor_speed_flux_weakn_init
 .text.motor_speed_flux_weakn_iamax_set
                0x00007094       0x40 C:\Users\a5143778\Documents\MC_Greece\MC_Greece\RA6T2_MCIHV1_IPM_LESS_FOC_WHOLE_PFC_E2S_V100\src\application\motor_module\speed\libr_motor_speed_fluxwkn.a(r_motor_speed_fluxwkn.o)
                0x00007094                motor_speed_flux_weakn_iamax_set
 .text.motor_speed_flux_weakn_vamax_set
                0x000070d4       0x24 C:\Users\a5143778\Documents\MC_Greece\MC_Greece\RA6T2_MCIHV1_IPM_LESS_FOC_WHOLE_PFC_E2S_V100\src\application\motor_module\speed\libr_motor_speed_fluxwkn.a(r_motor_speed_fluxwkn.o)
                0x000070d4                motor_speed_flux_weakn_vamax_set
 .text.motor_speed_flux_weakn_status_get
                0x000070f8        0x4 C:\Users\a5143778\Documents\MC_Greece\MC_Greece\RA6T2_MCIHV1_IPM_LESS_FOC_WHOLE_PFC_E2S_V100\src\application\motor_module\speed\libr_motor_speed_fluxwkn.a(r_motor_speed_fluxwkn.o)
                0x000070f8                motor_speed_flux_weakn_status_get
 .text          0x000070fc      0x378 C:/Program Files (x86)/Arm GNU Toolchain arm-none-eabi/13.3 rel1/bin/../lib/gcc/arm-none-eabi/13.3.1/thumb/v8-m.main+fp/hard\libgcc.a(_arm_addsubdf3.o)
                0x000070fc                __aeabi_drsub
                0x00007104                __aeabi_dsub
                0x00007104                __subdf3
                0x00007108                __aeabi_dadd
                0x00007108                __adddf3
                0x00007380                __floatunsidf
                0x00007380                __aeabi_ui2d
                0x000073a0                __floatsidf
                0x000073a0                __aeabi_i2d
                0x000073c4                __aeabi_f2d
                0x000073c4                __extendsfdf2
                0x00007408                __floatundidf
                0x00007408                __aeabi_ul2d
                0x00007418                __floatdidf
                0x00007418                __aeabi_l2d
 .text          0x00007474       0xa0 C:/Program Files (x86)/Arm GNU Toolchain arm-none-eabi/13.3 rel1/bin/../lib/gcc/arm-none-eabi/13.3.1/thumb/v8-m.main+fp/hard\libgcc.a(_arm_truncdfsf2.o)
                0x00007474                __truncdfsf2
                0x00007474                __aeabi_d2f
 .text.memset   0x00007514       0x10 C:/Program Files (x86)/Arm GNU Toolchain arm-none-eabi/13.3 rel1/bin/../lib/gcc/arm-none-eabi/13.3.1/thumb/v8-m.main+fp/hard\libg_nano.a(libc_a-memset.o)
                0x00007514                memset
 .text.__errno  0x00007524        0xc C:/Program Files (x86)/Arm GNU Toolchain arm-none-eabi/13.3 rel1/bin/../lib/gcc/arm-none-eabi/13.3.1/thumb/v8-m.main+fp/hard\libg_nano.a(libc_a-errno.o)
                0x00007524                __errno
 .text.memcpy   0x00007530       0x1a C:/Program Files (x86)/Arm GNU Toolchain arm-none-eabi/13.3 rel1/bin/../lib/gcc/arm-none-eabi/13.3.1/thumb/v8-m.main+fp/hard\libg_nano.a(libc_a-memcpy-stub.o)
                0x00007530                memcpy
 *fill*         0x0000754a        0x2 ff
 .text.sqrt     0x0000754c       0x68 C:/Program Files (x86)/Arm GNU Toolchain arm-none-eabi/13.3 rel1/bin/../lib/gcc/arm-none-eabi/13.3.1/thumb/v8-m.main+fp/hard\libm.a(libm_a-w_sqrt.o)
                0x0000754c                sqrt
 .text.atan2f   0x000075b4        0x4 C:/Program Files (x86)/Arm GNU Toolchain arm-none-eabi/13.3 rel1/bin/../lib/gcc/arm-none-eabi/13.3.1/thumb/v8-m.main+fp/hard\libm.a(libm_a-wf_atan2.o)
                0x000075b4                atan2f
 .text.sqrtf    0x000075b8       0x44 C:/Program Files (x86)/Arm GNU Toolchain arm-none-eabi/13.3 rel1/bin/../lib/gcc/arm-none-eabi/13.3.1/thumb/v8-m.main+fp/hard\libm.a(libm_a-wf_sqrt.o)
                0x000075b8                sqrtf
 .text.atanf    0x000075fc      0x1a4 C:/Program Files (x86)/Arm GNU Toolchain arm-none-eabi/13.3 rel1/bin/../lib/gcc/arm-none-eabi/13.3.1/thumb/v8-m.main+fp/hard\libm.a(libm_a-sf_atan.o)
                0x000075fc                atanf
 .text.cosf     0x000077a0       0x88 C:/Program Files (x86)/Arm GNU Toolchain arm-none-eabi/13.3 rel1/bin/../lib/gcc/arm-none-eabi/13.3.1/thumb/v8-m.main+fp/hard\libm.a(libm_a-sf_cos.o)
                0x000077a0                cosf
 .text.fabsf    0x00007828       0x10 C:/Program Files (x86)/Arm GNU Toolchain arm-none-eabi/13.3 rel1/bin/../lib/gcc/arm-none-eabi/13.3.1/thumb/v8-m.main+fp/hard\libm.a(libm_a-sf_fabs.o)
                0x00007828                fabsf
 .text.sinf     0x00007838       0x8c C:/Program Files (x86)/Arm GNU Toolchain arm-none-eabi/13.3 rel1/bin/../lib/gcc/arm-none-eabi/13.3.1/thumb/v8-m.main+fp/hard\libm.a(libm_a-sf_sin.o)
                0x00007838                sinf
 .text.__ieee754_sqrt
                0x000078c4      0x1e0 C:/Program Files (x86)/Arm GNU Toolchain arm-none-eabi/13.3 rel1/bin/../lib/gcc/arm-none-eabi/13.3.1/thumb/v8-m.main+fp/hard\libm.a(libm_a-e_sqrt.o)
                0x000078c4                __ieee754_sqrt
 .text.__ieee754_sqrtf
                0x00007aa4        0x8 C:/Program Files (x86)/Arm GNU Toolchain arm-none-eabi/13.3 rel1/bin/../lib/gcc/arm-none-eabi/13.3.1/thumb/v8-m.main+fp/hard\libm.a(libm_a-ef_sqrt.o)
                0x00007aa4                __ieee754_sqrtf
 .text.__kernel_cosf
                0x00007aac      0x104 C:/Program Files (x86)/Arm GNU Toolchain arm-none-eabi/13.3 rel1/bin/../lib/gcc/arm-none-eabi/13.3.1/thumb/v8-m.main+fp/hard\libm.a(libm_a-kf_cos.o)
                0x00007aac                __kernel_cosf
 .text.__kernel_sinf
                0x00007bb0       0x90 C:/Program Files (x86)/Arm GNU Toolchain arm-none-eabi/13.3 rel1/bin/../lib/gcc/arm-none-eabi/13.3.1/thumb/v8-m.main+fp/hard\libm.a(libm_a-kf_sin.o)
                0x00007bb0                __kernel_sinf
 .text.__ieee754_atan2f
                0x00007c40      0x158 C:/Program Files (x86)/Arm GNU Toolchain arm-none-eabi/13.3 rel1/bin/../lib/gcc/arm-none-eabi/13.3.1/thumb/v8-m.main+fp/hard\libm.a(libm_a-ef_atan2.o)
                0x00007c40                __ieee754_atan2f
 .text.__ieee754_rem_pio2f
                0x00007d98      0x278 C:/Program Files (x86)/Arm GNU Toolchain arm-none-eabi/13.3 rel1/bin/../lib/gcc/arm-none-eabi/13.3.1/thumb/v8-m.main+fp/hard\libm.a(libm_a-ef_rem_pio2.o)
                0x00007d98                __ieee754_rem_pio2f
 .text.__kernel_rem_pio2f
                0x00008010      0x640 C:/Program Files (x86)/Arm GNU Toolchain arm-none-eabi/13.3 rel1/bin/../lib/gcc/arm-none-eabi/13.3.1/thumb/v8-m.main+fp/hard\libm.a(libm_a-kf_rem_pio2.o)
                0x00008010                __kernel_rem_pio2f
 .text.scalbnf  0x00008650       0xe0 C:/Program Files (x86)/Arm GNU Toolchain arm-none-eabi/13.3 rel1/bin/../lib/gcc/arm-none-eabi/13.3.1/thumb/v8-m.main+fp/hard\libm.a(libm_a-sf_scalbn.o)
                0x00008650                scalbnf
 .text.floorf   0x00008730        0x8 C:/Program Files (x86)/Arm GNU Toolchain arm-none-eabi/13.3 rel1/bin/../lib/gcc/arm-none-eabi/13.3.1/thumb/v8-m.main+fp/hard\libm.a(libm_a-sf_floor.o)
                0x00008730                floorf
 .text          0x00008738      0x424 C:/Program Files (x86)/Arm GNU Toolchain arm-none-eabi/13.3 rel1/bin/../lib/gcc/arm-none-eabi/13.3.1/thumb/v8-m.main+fp/hard\libgcc.a(_arm_muldivdf3.o)
                0x00008738                __aeabi_dmul
                0x00008738                __muldf3
                0x0000898c                __divdf3
                0x0000898c                __aeabi_ddiv
 .text          0x00008b5c      0x110 C:/Program Files (x86)/Arm GNU Toolchain arm-none-eabi/13.3 rel1/bin/../lib/gcc/arm-none-eabi/13.3.1/thumb/v8-m.main+fp/hard\libgcc.a(_arm_cmpdf2.o)
                0x00008b5c                __gtdf2
                0x00008b5c                __gedf2
                0x00008b64                __ltdf2
                0x00008b64                __ledf2
                0x00008b6c                __nedf2
                0x00008b6c                __eqdf2
                0x00008b6c                __cmpdf2
                0x00008be8                __aeabi_cdrcmple
                0x00008bf8                __aeabi_cdcmpeq
                0x00008bf8                __aeabi_cdcmple
                0x00008c08                __aeabi_dcmpeq
                0x00008c1c                __aeabi_dcmplt
                0x00008c30                __aeabi_dcmple
                0x00008c44                __aeabi_dcmpge
                0x00008c58                __aeabi_dcmpgt
 .text          0x00008c6c       0x2c C:/Program Files (x86)/Arm GNU Toolchain arm-none-eabi/13.3 rel1/bin/../lib/gcc/arm-none-eabi/13.3.1/thumb/v8-m.main+fp/hard\libgcc.a(_arm_unorddf2.o)
                0x00008c6c                __unorddf2
                0x00008c6c                __aeabi_dcmpun
 *(.version)
 .version       0x00008c98       0x50 ./ra/fsp/src/bsp/mcu/all/bsp_common.o
 *(.init)
 .init          0x00008ce8        0x4 C:/Program Files (x86)/Arm GNU Toolchain arm-none-eabi/13.3 rel1/bin/../lib/gcc/arm-none-eabi/13.3.1/thumb/v8-m.main+fp/hard/crti.o
                0x00008ce8                _init
 .init          0x00008cec        0x8 C:/Program Files (x86)/Arm GNU Toolchain arm-none-eabi/13.3 rel1/bin/../lib/gcc/arm-none-eabi/13.3.1/thumb/v8-m.main+fp/hard/crtn.o
 *(.fini)
 .fini          0x00008cf4        0x4 C:/Program Files (x86)/Arm GNU Toolchain arm-none-eabi/13.3 rel1/bin/../lib/gcc/arm-none-eabi/13.3.1/thumb/v8-m.main+fp/hard/crti.o
                0x00008cf4                _fini
 .fini          0x00008cf8        0x8 C:/Program Files (x86)/Arm GNU Toolchain arm-none-eabi/13.3 rel1/bin/../lib/gcc/arm-none-eabi/13.3.1/thumb/v8-m.main+fp/hard/crtn.o
 *crtbegin.o(.ctors)
 *crtbegin?.o(.ctors)
 *(EXCLUDE_FILE(*crtend.o *crtend?.o) .ctors)
 *(SORT_BY_NAME(.ctors.*))
 *(.ctors)
 *crtbegin.o(.dtors)
 *crtbegin?.o(.dtors)
 *(EXCLUDE_FILE(*crtend.o *crtend?.o) .dtors)
 *(SORT_BY_NAME(.dtors.*))
 *(.dtors)
 *(.rodata*)
 .rodata.r_app_rmw_ui_init.str1.4
                0x00008d00       0x4d ./src/application/user_interface/ics/r_mtr_ics.o
                                 0x49 (size before relaxing)
 *fill*         0x00008d4d        0x3 ff
 .rodata.volterr_array.0
                0x00008d50       0x14 ./src/application/motor_module/sensorless_vector/r_motor_sensorless_vector_manager.o
 .rodata.crnt_array.1
                0x00008d64       0x14 ./src/application/motor_module/sensorless_vector/r_motor_sensorless_vector_manager.o
 .rodata.s_action_table
                0x00008d78       0x30 ./src/application/motor_module/sensorless_vector/r_motor_sensorless_vector_statemachine.o
 .rodata.s_state_transition_table
                0x00008da8        0xc ./src/application/motor_module/sensorless_vector/r_motor_sensorless_vector_statemachine.o
 .rodata.g_ioport
                0x00008db4        0xc ./ra_gen/common_data.o
                0x00008db4                g_ioport
 .rodata.g_adc0_cfg
                0x00008dc0       0x18 ./ra_gen/hal_data.o
                0x00008dc0                g_adc0_cfg
 .rodata.g_adc0_cfg_extend
                0x00008dd8      0x104 ./ra_gen/hal_data.o
                0x00008dd8                g_adc0_cfg_extend
 .rodata.g_adc0_isr_cfg
                0x00008edc       0x28 ./ra_gen/hal_data.o
                0x00008edc                g_adc0_isr_cfg
 .rodata.g_adc0_scan_cfg
                0x00008f04        0x8 ./ra_gen/hal_data.o
                0x00008f04                g_adc0_scan_cfg
 .rodata.g_adc0_scan_cfg_groups
                0x00008f0c        0x8 ./ra_gen/hal_data.o
                0x00008f0c                g_adc0_scan_cfg_groups
 .rodata.g_adc0_group_1_cfg
                0x00008f14       0x1c ./ra_gen/hal_data.o
                0x00008f14                g_adc0_group_1_cfg
 .rodata.g_adc0_group_0_cfg
                0x00008f30       0x1c ./ra_gen/hal_data.o
                0x00008f30                g_adc0_group_0_cfg
 .rodata.g_adc0_group_0_virtual_channels
                0x00008f4c       0x1c ./ra_gen/hal_data.o
                0x00008f4c                g_adc0_group_0_virtual_channels
 .rodata.g_adc0_virtual_channel_6_cfg
                0x00008f68       0x14 ./ra_gen/hal_data.o
                0x00008f68                g_adc0_virtual_channel_6_cfg
 .rodata.g_adc0_virtual_channel_5_cfg
                0x00008f7c       0x14 ./ra_gen/hal_data.o
                0x00008f7c                g_adc0_virtual_channel_5_cfg
 .rodata.g_adc0_virtual_channel_4_cfg
                0x00008f90       0x14 ./ra_gen/hal_data.o
                0x00008f90                g_adc0_virtual_channel_4_cfg
 .rodata.g_adc0_virtual_channel_3_cfg
                0x00008fa4       0x14 ./ra_gen/hal_data.o
                0x00008fa4                g_adc0_virtual_channel_3_cfg
 .rodata.g_adc0_virtual_channel_2_cfg
                0x00008fb8       0x14 ./ra_gen/hal_data.o
                0x00008fb8                g_adc0_virtual_channel_2_cfg
 .rodata.g_adc0_virtual_channel_1_cfg
                0x00008fcc       0x14 ./ra_gen/hal_data.o
                0x00008fcc                g_adc0_virtual_channel_1_cfg
 .rodata.g_adc0_virtual_channel_0_cfg
                0x00008fe0       0x14 ./ra_gen/hal_data.o
                0x00008fe0                g_adc0_virtual_channel_0_cfg
 .rodata.g_three_phase0_cfg
                0x00008ff4       0x20 ./ra_gen/hal_data.o
                0x00008ff4                g_three_phase0_cfg
 .rodata.g_timer_gpt4
                0x00009014        0xc ./ra_gen/hal_data.o
                0x00009014                g_timer_gpt4
 .rodata.g_timer_gpt4_cfg
                0x00009020       0x20 ./ra_gen/hal_data.o
                0x00009020                g_timer_gpt4_cfg
 .rodata.g_timer_gpt4_extend
                0x00009040       0x3c ./ra_gen/hal_data.o
                0x00009040                g_timer_gpt4_extend
 .rodata.g_timer_gpt4_pwm_extend
                0x0000907c       0x20 ./ra_gen/hal_data.o
                0x0000907c                g_timer_gpt4_pwm_extend
 .rodata.g_timer_gpt5
                0x0000909c        0xc ./ra_gen/hal_data.o
                0x0000909c                g_timer_gpt5
 .rodata.g_timer_gpt5_cfg
                0x000090a8       0x20 ./ra_gen/hal_data.o
                0x000090a8                g_timer_gpt5_cfg
 .rodata.g_timer_gpt5_extend
                0x000090c8       0x3c ./ra_gen/hal_data.o
                0x000090c8                g_timer_gpt5_extend
 .rodata.g_timer_gpt5_pwm_extend
                0x00009104       0x20 ./ra_gen/hal_data.o
                0x00009104                g_timer_gpt5_pwm_extend
 .rodata.g_timer_gpt6
                0x00009124        0xc ./ra_gen/hal_data.o
                0x00009124                g_timer_gpt6
 .rodata.g_timer_gpt6_cfg
                0x00009130       0x20 ./ra_gen/hal_data.o
                0x00009130                g_timer_gpt6_cfg
 .rodata.g_timer_gpt6_extend
                0x00009150       0x3c ./ra_gen/hal_data.o
                0x00009150                g_timer_gpt6_extend
 .rodata.g_timer_gpt6_pwm_extend
                0x0000918c       0x20 ./ra_gen/hal_data.o
                0x0000918c                g_timer_gpt6_pwm_extend
 .rodata.g_poeg3
                0x000091ac        0xc ./ra_gen/hal_data.o
                0x000091ac                g_poeg3
 .rodata.g_poeg3_cfg
                0x000091b8       0x18 ./ra_gen/hal_data.o
                0x000091b8                g_poeg3_cfg
 .rodata.g_agt0_cfg
                0x000091d0       0x20 ./ra_gen/hal_data.o
                0x000091d0                g_agt0_cfg
 .rodata.g_agt0_extend
                0x000091f0        0x8 ./ra_gen/hal_data.o
                0x000091f0                g_agt0_extend
 .rodata.g_timer_gpt1_cfg
                0x000091f8       0x20 ./ra_gen/hal_data.o
                0x000091f8                g_timer_gpt1_cfg
 .rodata.g_timer_gpt1_extend
                0x00009218       0x3c ./ra_gen/hal_data.o
                0x00009218                g_timer_gpt1_extend
 .rodata.g_timer_gpt1_pwm_extend
                0x00009254       0x20 ./ra_gen/hal_data.o
                0x00009254                g_timer_gpt1_pwm_extend
 .rodata.g_agt1_cfg
                0x00009274       0x20 ./ra_gen/hal_data.o
                0x00009274                g_agt1_cfg
 .rodata.g_agt1_extend
                0x00009294        0x8 ./ra_gen/hal_data.o
                0x00009294                g_agt1_extend
 .rodata.g_bsp_pin_cfg
                0x0000929c        0xc ./ra_gen/pin_data.o
                0x0000929c                g_bsp_pin_cfg
 .rodata.g_bsp_pin_cfg_data
                0x000092a8       0xc0 ./ra_gen/pin_data.o
                0x000092a8                g_bsp_pin_cfg_data
 .rodata.g_interrupt_event_link_select
                0x00009368       0xc0 ./ra_gen/vector_data.o
                0x00009368                g_interrupt_event_link_select
 .rodata.g_poeg_on_poeg
                0x00009428       0x18 ./ra/fsp/src/r_poeg/r_poeg.o
                0x00009428                g_poeg_on_poeg
 .rodata.g_ioport_on_ioport
                0x00009440       0x34 ./ra/fsp/src/r_ioport/r_ioport.o
                0x00009440                g_ioport_on_ioport
 .rodata.g_timer_on_gpt
                0x00009474       0x34 ./ra/fsp/src/r_gpt/r_gpt.o
                0x00009474                g_timer_on_gpt
 .rodata.CSWTCH.46
                0x000094a8       0x18 ./ra/fsp/src/r_adc_b/r_adc_b.o
 .rodata.CSWTCH.45
                0x000094c0        0x6 ./ra/fsp/src/r_adc_b/r_adc_b.o
 *fill*         0x000094c6        0x2 ff
 .rodata.g_prcr_masks
                0x000094c8        0x8 ./ra/fsp/src/bsp/mcu/all/bsp_register_protection.o
 .rodata.atanlo
                0x000094d0       0x10 C:/Program Files (x86)/Arm GNU Toolchain arm-none-eabi/13.3 rel1/bin/../lib/gcc/arm-none-eabi/13.3.1/thumb/v8-m.main+fp/hard\libm.a(libm_a-sf_atan.o)
 .rodata.atanhi
                0x000094e0       0x10 C:/Program Files (x86)/Arm GNU Toolchain arm-none-eabi/13.3 rel1/bin/../lib/gcc/arm-none-eabi/13.3.1/thumb/v8-m.main+fp/hard\libm.a(libm_a-sf_atan.o)
 .rodata.tiny   0x000094f0        0x8 C:/Program Files (x86)/Arm GNU Toolchain arm-none-eabi/13.3 rel1/bin/../lib/gcc/arm-none-eabi/13.3.1/thumb/v8-m.main+fp/hard\libm.a(libm_a-e_sqrt.o)
 .rodata.one    0x000094f8        0x8 C:/Program Files (x86)/Arm GNU Toolchain arm-none-eabi/13.3 rel1/bin/../lib/gcc/arm-none-eabi/13.3.1/thumb/v8-m.main+fp/hard\libm.a(libm_a-e_sqrt.o)
 .rodata.CSWTCH.9
                0x00009500        0xc C:/Program Files (x86)/Arm GNU Toolchain arm-none-eabi/13.3 rel1/bin/../lib/gcc/arm-none-eabi/13.3.1/thumb/v8-m.main+fp/hard\libm.a(libm_a-ef_atan2.o)
 .rodata.CSWTCH.8
                0x0000950c        0xc C:/Program Files (x86)/Arm GNU Toolchain arm-none-eabi/13.3 rel1/bin/../lib/gcc/arm-none-eabi/13.3.1/thumb/v8-m.main+fp/hard\libm.a(libm_a-ef_atan2.o)
 .rodata.npio2_hw
                0x00009518       0x80 C:/Program Files (x86)/Arm GNU Toolchain arm-none-eabi/13.3 rel1/bin/../lib/gcc/arm-none-eabi/13.3.1/thumb/v8-m.main+fp/hard\libm.a(libm_a-ef_rem_pio2.o)
 .rodata.two_over_pi
                0x00009598      0x318 C:/Program Files (x86)/Arm GNU Toolchain arm-none-eabi/13.3 rel1/bin/../lib/gcc/arm-none-eabi/13.3.1/thumb/v8-m.main+fp/hard\libm.a(libm_a-ef_rem_pio2.o)
 .rodata.PIo2   0x000098b0       0x2c C:/Program Files (x86)/Arm GNU Toolchain arm-none-eabi/13.3 rel1/bin/../lib/gcc/arm-none-eabi/13.3.1/thumb/v8-m.main+fp/hard\libm.a(libm_a-kf_rem_pio2.o)
 .rodata.init_jk
                0x000098dc        0xc C:/Program Files (x86)/Arm GNU Toolchain arm-none-eabi/13.3 rel1/bin/../lib/gcc/arm-none-eabi/13.3.1/thumb/v8-m.main+fp/hard\libm.a(libm_a-kf_rem_pio2.o)
                0x000098e8                        __usb_dev_descriptor_start_fs = .
 *(.usb_device_desc_fs*)
                0x000098e8                        __usb_cfg_descriptor_start_fs = .
 *(.usb_config_desc_fs*)
                0x000098e8                        __usb_interface_descriptor_start_fs = .
 *(.usb_interface_desc_fs*)