Renesas Optimizing Linker
_g_st_rmw_input_buffer
20000588  ec  data ,g
struct  {
_g_st_rmw_input_buffer.u2_offset_calc_time
20000588  2  unsigned short
_g_st_rmw_input_buffer.u2_charge_bootstrap_time
2000058a  2  unsigned short
_g_st_rmw_input_buffer.st_motor
2000058c  1c
struct  {
_g_st_rmw_input_buffer.st_motor.u2_mtr_pp
2000058c  2  unsigned short
_g_st_rmw_input_buffer.st_motor.f4_mtr_r
20000590  4  float
_g_st_rmw_input_buffer.st_motor.f4_mtr_ld
20000594  4  float
_g_st_rmw_input_buffer.st_motor.f4_mtr_lq
20000598  4  float
_g_st_rmw_input_buffer.st_motor.f4_mtr_m
2000059c  4  float
_g_st_rmw_input_buffer.st_motor.f4_mtr_j
200005a0  4  float
_g_st_rmw_input_buffer.st_motor.f4_nominal_current_rms
200005a4  4  float
}
_g_st_rmw_input_buffer.f4_max_speed_rpm
200005a8  4  float
_g_st_rmw_input_buffer.u1_ctrl_loop_mode
200005ac  1  unsigned char
_g_st_rmw_input_buffer.f4_ol_ref_id
200005b0  4  float
_g_st_rmw_input_buffer.f4_id_up_time
200005b4  4  float
_g_st_rmw_input_buffer.f4_id_down_time
200005b8  4  float
_g_st_rmw_input_buffer.f4_id_down_speed_rpm
200005bc  4  float
_g_st_rmw_input_buffer.f4_id_up_speed_rpm
200005c0  4  float
_g_st_rmw_input_buffer.f4_current_omega_hz
200005c4  4  float
_g_st_rmw_input_buffer.f4_current_zeta
200005c8  4  float
_g_st_rmw_input_buffer.f4_speed_omega_hz
200005cc  4  float
_g_st_rmw_input_buffer.f4_speed_zeta
200005d0  4  float
_g_st_rmw_input_buffer.f4_speed_lpf_hz
200005d4  4  float
_g_st_rmw_input_buffer.f4_ref_speed_rpm
200005d8  4  float
_g_st_rmw_input_buffer.f4_speed_rate_limit_rpm
200005dc  4  float
_g_st_rmw_input_buffer.f4_overspeed_limit_rpm
200005e0  4  float
_g_st_rmw_input_buffer.u1_flag_volt_err_comp_use
200005e4  1  unsigned char
_g_st_rmw_input_buffer.u1_flag_fluxwkn_use
200005e5  1  unsigned char
_g_st_rmw_input_buffer.u1_flag_mtpa_use
200005e6  1  unsigned char
_g_st_rmw_input_buffer.u1_flag_flying_start_use
200005e7  1  unsigned char
_g_st_rmw_input_buffer.u1_flag_stall_detection_use
200005e8  1  unsigned char
_g_st_rmw_input_buffer.u1_flag_trq_vibration_comp_use
200005e9  1  unsigned char
_g_st_rmw_input_buffer.u1_flag_trq_vibration_comp_mode
200005ea  1  unsigned char
_g_st_rmw_input_buffer.f4_e_obs_omega_hz
200005ec  4  float
_g_st_rmw_input_buffer.f4_e_obs_zeta
200005f0  4  float
_g_st_rmw_input_buffer.f4_pll_est_omega_hz
200005f4  4  float
_g_st_rmw_input_buffer.f4_pll_est_zeta
200005f8  4  float
_g_st_rmw_input_buffer.u1_flag_less_switch_use
200005fc  1  unsigned char
_g_st_rmw_input_buffer.f4_switch_phase_err_deg
20000600  4  float
_g_st_rmw_input_buffer.f4_opl2less_sw_time
20000604  4  float
_g_st_rmw_input_buffer.f4_phase_err_lpf_cut_freq
20000608  4  float
_g_st_rmw_input_buffer.u1_flag_openloop_damping_use
2000060c  1  unsigned char
_g_st_rmw_input_buffer.f4_ed_hpf_omega
20000610  4  float
_g_st_rmw_input_buffer.f4_ol_damping_zeta
20000614  4  float
_g_st_rmw_input_buffer.f4_ol_damping_fb_limit_rate
20000618  4  float
_g_st_rmw_input_buffer.f4_id_hpf_time
2000061c  4  float
_g_st_rmw_input_buffer.f4_iq_hpf_time
20000620  4  float
_g_st_rmw_input_buffer.f4_threshold_level
20000624  4  float
_g_st_rmw_input_buffer.f4_threshold_time
20000628  4  float
_g_st_rmw_input_buffer.u1_target_2f
2000062c  1  unsigned char
_g_st_rmw_input_buffer.f4_timelead_1f
20000630  4  float
_g_st_rmw_input_buffer.f4_timelead_2f
20000634  4  float
_g_st_rmw_input_buffer.f4_tf_lpf_omega
20000638  4  float
_g_st_rmw_input_buffer.f4_output_gain_1f
2000063c  4  float
_g_st_rmw_input_buffer.f4_output_gain_2f
20000640  4  float
_g_st_rmw_input_buffer.f4_input_weight2
20000644  4  float
_g_st_rmw_input_buffer.f4_input_weight1
20000648  4  float
_g_st_rmw_input_buffer.f4_input_weight0
2000064c  4  float
_g_st_rmw_input_buffer.f4_suppression_th_1f
20000650  4  float
_g_st_rmw_input_buffer.f4_suppression_th_2f
20000654  4  float
_g_st_rmw_input_buffer.f4_abnormal_output_th_1f
20000658  4  float
_g_st_rmw_input_buffer.f4_abnormal_output_th_2f
2000065c  4  float
_g_st_rmw_input_buffer.f4_restart_speed
20000660  4  float
_g_st_rmw_input_buffer.f4_off_time
20000664  4  float
_g_st_rmw_input_buffer.f4_over_time
20000668  4  float
_g_st_rmw_input_buffer.f4_active_brake_time
2000066c  4  float
_g_st_rmw_input_buffer.f4_on_current_th
20000670  4  float
}
_com_u1_system_mode
20000585  1  data ,g
_g_u1_system_mode
20000584  1  data ,g
_com_u1_enable_write
20000583  1  data ,g
_g_u1_enable_write
20000582  1  data ,g
_com_u2_offset_calc_time
20000580  2  data ,g
_com_u2_charge_bootstrap_time
2000057e  2  data ,g
_com_u2_mtr_pp
2000057c  2  data ,g
_com_f4_mtr_r
20000578  4  data ,g
_com_f4_mtr_ld
20000574  4  data ,g
_com_f4_mtr_lq
20000570  4  data ,g
_com_f4_mtr_m
2000056c  4  data ,g
_com_f4_mtr_j
20000568  4  data ,g
_com_f4_nominal_current_rms
20000564  4  data ,g
_com_f4_max_speed_rpm
20000560  4  data ,g
_com_u1_ctrl_loop_mode
2000055c  1  data ,g
_com_f4_ol_ref_id
20000558  4  data ,g
_com_f4_id_up_time
20000554  4  data ,g
_com_f4_id_down_time
20000550  4  data ,g
_com_f4_id_down_speed_rpm
2000054c  4  data ,g
_com_f4_id_up_speed_rpm
20000548  4  data ,g
_com_f4_current_omega_hz
20000544  4  data ,g
_com_f4_current_zeta
20000540  4  data ,g
_com_f4_speed_omega_hz
2000053c  4  data ,g
_com_f4_speed_zeta
20000538  4  data ,g
_com_f4_speed_lpf_hz
20000534  4  data ,g
_com_f4_ref_speed_rpm
20000530  4  data ,g
_com_f4_speed_rate_limit_rpm
2000052c  4  data ,g
_com_f4_overspeed_limit_rpm
20000528  4  data ,g
_com_u1_flag_volt_err_comp_use
20000526  1  data ,g
_com_u1_flag_fluxwkn_use
20000525  1  data ,g
_com_u1_flag_mtpa_use
20000524  1  data ,g
_com_u1_flag_flying_start_use
20000523  1  data ,g
_com_u1_flag_stall_detection_use
20000522  1  data ,g
_com_u1_flag_trq_vibration_comp_use
20000521  1  data ,g
_com_u1_flag_trq_vibration_comp_mode
20000520  1  data ,g
_com_f4_e_obs_omega_hz
2000051c  4  data ,g
_com_f4_e_obs_zeta
20000518  4  data ,g
_com_f4_pll_est_omega_hz
20000514  4  data ,g
_com_f4_pll_est_zeta
20000510  4  data ,g
_com_u1_flag_less_switch_use
2000050c  1  data ,g
_com_f4_switch_phase_err_deg
20000508  4  data ,g
_com_f4_opl2less_sw_time
20000504  4  data ,g
_com_f4_phase_err_lpf_cut_freq
20000500  4  data ,g
_com_u1_flag_openloop_damping_use
200004fc  1  data ,g
_com_f4_ed_hpf_omega
200004f8  4  data ,g
_com_f4_ol_damping_zeta
200004f4  4  data ,g
_com_f4_ol_damping_fb_limit_rate
200004f0  4  data ,g
_com_f4_id_hpf_time
200004ec  4  data ,g
_com_f4_iq_hpf_time
200004e8  4  data ,g
_com_f4_threshold_level
200004e4  4  data ,g
_com_f4_threshold_time
200004e0  4  data ,g
_com_f4_tf_lpf_omega
200004d0  4  data ,g
_com_f4_output_gain_1f
200004cc  4  data ,g
_com_f4_output_gain_2f
200004c8  4  data ,g
_com_f4_timelead_1f
200004d8  4  data ,g
_com_f4_timelead_2f
200004d4  4  data ,g
_com_f4_input_weight2
200004c4  4  data ,g
_com_f4_input_weight1
200004c0  4  data ,g
_com_f4_input_weight0
200004bc  4  data ,g
_com_f4_suppression_th_1f
200004b8  4  data ,g
_com_f4_suppression_th_2f
200004b4  4  data ,g
_com_f4_abnormal_output_th_1f
200004b0  4  data ,g
_com_f4_abnormal_output_th_2f
200004ac  4  data ,g
_com_f4_restart_speed
200004a8  4  data ,g
_com_f4_off_time
200004a4  4  data ,g
_com_f4_over_time
200004a0  4  data ,g
_com_f4_active_brake_time
2000049c  4  data ,g
_com_f4_on_current_th
20000498  4  data ,g
_g_u2_conf_hw
200006c2  2  data ,g
_g_u2_conf_sw
200006c0  2  data ,g
_g_u2_conf_tool
200006be  2  data ,g
_gui_u1_active_gui
00000000  1  data ,g
_g_u2_conf_sw_ver
00000000  2  data ,g
_g_u1_conf_motor_type_len
200006bc  1  data ,g
_g_u1_conf_control_len
200006bb  1  data ,g
_g_u1_conf_inverter_len
200006ba  1  data ,g
_g_u1_conf_motor_type
200006a8  12  data ,g
_g_u1_conf_control
2000067c  29  data ,g
_g_u1_conf_inverter
20000674  8  data ,g
_g_u1_update_param_flag
20000586  1  data ,g
_com_u1_target_2f
200004dc  1  data ,g
_g_st_sc
200006c4  c8  data ,g
struct  {
_g_st_sc.u1_state_id_ref
200006c4  1  unsigned char
_g_st_sc.u1_state_iq_ref
200006c5  1  unsigned char
_g_st_sc.u1_active
200006c6  1  unsigned char
_g_st_sc.u1_state_speed_ref
200006c7  1  unsigned char
_g_st_sc.u1_flag_fluxwkn_use
200006c8  1  unsigned char
_g_st_sc.u1_flag_switching
200006c9  1  unsigned char
_g_st_sc.u1_flag_mtpa_use
200006ca  1  unsigned char
_g_st_sc.f4_speed_ctrl_period
200006cc  4  float
_g_st_sc.f4_ref_speed_rad_ctrl
200006d0  4  float
_g_st_sc.f4_ref_speed_rad
200006d4  4  float
_g_st_sc.f4_ref_speed_rad_manual
200006d8  4  float
_g_st_sc.f4_speed_rad_ctrl
200006dc  4  float
_g_st_sc.f4_speed_rad
200006e0  4  float
_g_st_sc.f4_max_speed_rad
200006e4  4  float
_g_st_sc.f4_speed_rate_limit_rad
200006e8  4  float
_g_st_sc.f4_id_ref_output
200006ec  4  float
_g_st_sc.f4_iq_ref_output
200006f0  4  float
_g_st_sc.f4_va_max
200006f4  4  float
_g_st_sc.f4_id_ad
200006f8  4  float
_g_st_sc.f4_iq_ad
200006fc  4  float
_g_st_sc.f4_opl2less_sw_time
20000700  4  float
_g_st_sc.f4_torque_current
20000704  4  float
_g_st_sc.st_motor
20000708  1c
struct  {
_g_st_sc.st_motor.u2_mtr_pp
20000708  2  unsigned short
_g_st_sc.st_motor.f4_mtr_r
2000070c  4  float
_g_st_sc.st_motor.f4_mtr_ld
20000710  4  float
_g_st_sc.st_motor.f4_mtr_lq
20000714  4  float
_g_st_sc.st_motor.f4_mtr_m
20000718  4  float
_g_st_sc.st_motor.f4_mtr_j
2000071c  4  float
_g_st_sc.st_motor.f4_nominal_current_rms
20000720  4  float
}
_g_st_sc.st_pi_speed
20000724  14
struct  {
_g_st_sc.st_pi_speed.f4_err
20000724  4  float
_g_st_sc.st_pi_speed.f4_kp
20000728  4  float
_g_st_sc.st_pi_speed.f4_ki
2000072c  4  float
_g_st_sc.st_pi_speed.f4_refi
20000730  4  float
_g_st_sc.st_pi_speed.f4_ilimit
20000734  4  float
}
_g_st_sc.st_fluxwkn
20000738  20
struct  {
_g_st_sc.st_fluxwkn.p_motor
20000738  4  [pointer]
_g_st_sc.st_fluxwkn.f4_ia_max
2000073c  4  float
_g_st_sc.st_fluxwkn.f4_va_max
20000740  4  float
_g_st_sc.st_fluxwkn.f4_vfw_ratio
20000744  4  float
_g_st_sc.st_fluxwkn.f4_id_demag
20000748  4  float
_g_st_sc.st_fluxwkn.f4_id_min
2000074c  4  float
_g_st_sc.st_fluxwkn.f4_v_fw
20000750  4  float
_g_st_sc.st_fluxwkn.u2_fw_status
20000754  2  unsigned short
}
_g_st_sc.st_opl_damp
20000758  1c
struct  {
_g_st_sc.st_opl_damp.st_ed_lpf
20000758  14
struct  {
_g_st_sc.st_opl_damp.st_ed_lpf.f4_pre_output
20000758  4  float
_g_st_sc.st_opl_damp.st_ed_lpf.f4_pre_input
2000075c  4  float
_g_st_sc.st_opl_damp.st_ed_lpf.f4_omega_t
20000760  4  float
_g_st_sc.st_opl_damp.st_ed_lpf.f4_gain_ka
20000764  4  float
_g_st_sc.st_opl_damp.st_ed_lpf.f4_gain_kb
20000768  4  float
}
_g_st_sc.st_opl_damp.f4_damp_comp_gain
2000076c  4  float
_g_st_sc.st_opl_damp.f4_fb_speed_limit_rate
20000770  4  float
}
_g_st_sc.st_slpf
20000774  14
struct  {
_g_st_sc.st_slpf.f4_pre_output
20000774  4  float
_g_st_sc.st_slpf.f4_pre_input
20000778  4  float
_g_st_sc.st_slpf.f4_omega_t
2000077c  4  float
_g_st_sc.st_slpf.f4_gain_ka
20000780  4  float
_g_st_sc.st_slpf.f4_gain_kb
20000784  4  float
}
_g_st_sc.st_mtpa
20000788  4
struct  {
_g_st_sc.st_mtpa.p_motor
20000788  4  [pointer]
}
}
_g_st_sensorless_vector
2000078c  150  data ,g
struct  {
_g_st_sensorless_vector.u1_flag_flying_start_use
2000078c  1  unsigned char
_g_st_sensorless_vector.u1_flag_less_switch_use
2000078d  1  unsigned char
_g_st_sensorless_vector.u1_flag_openloop_damping_use
2000078e  1  unsigned char
_g_st_sensorless_vector.u1_flag_down_to_ol
2000078f  1  unsigned char
_g_st_sensorless_vector.u1_state_id_ref
20000790  1  unsigned char
_g_st_sensorless_vector.u1_state_iq_ref
20000791  1  unsigned char
_g_st_sensorless_vector.u1_state_speed_ref
20000792  1  unsigned char
_g_st_sensorless_vector.u1_direction
20000793  1  unsigned char
_g_st_sensorless_vector.u1_ctrl_loop_mode
20000794  1  unsigned char
_g_st_sensorless_vector.u2_error_status
20000796  2  unsigned short
_g_st_sensorless_vector.u2_run_mode
20000798  2  unsigned short
_g_st_sensorless_vector.f4_vdc_ad
2000079c  4  float
_g_st_sensorless_vector.f4_pfc_vdc_ad
200007a0  4  float
_g_st_sensorless_vector.f4_iu_ad
200007a4  4  float
_g_st_sensorless_vector.f4_iv_ad
200007a8  4  float
_g_st_sensorless_vector.f4_iw_ad
200007ac  4  float
_g_st_sensorless_vector.f4_iu_ref_ad
200007b0  4  float
_g_st_sensorless_vector.f4_iv_ref_ad
200007b4  4  float
_g_st_sensorless_vector.f4_iw_ref_ad
200007b8  4  float
_g_st_sensorless_vector.f4_overcurrent_limit
200007bc  4  float
_g_st_sensorless_vector.f4_overvoltage_limit
200007c0  4  float
_g_st_sensorless_vector.f4_undervoltage_limit
200007c4  4  float
_g_st_sensorless_vector.f4_overspeed_limit_rad
200007c8  4  float
_g_st_sensorless_vector.f4_phase_err_rad_lpf
200007cc  4  float
_g_st_sensorless_vector.f4_switch_phase_err_rad
200007d0  4  float
_g_st_sensorless_vector.f4_id_down_speed_rad
200007d4  4  float
_g_st_sensorless_vector.f4_id_up_speed_rad
200007d8  4  float
_g_st_sensorless_vector.f4_damp_comp_speed
200007dc  4  float
_g_st_sensorless_vector.f4_ol_speed_rad
200007e0  4  float
_g_st_sensorless_vector.u1_relay_first_on
200007e4  1  unsigned char
_g_st_sensorless_vector.st_phase_err_lpf
200007e8  14
struct  {
_g_st_sensorless_vector.st_phase_err_lpf.f4_pre_output
200007e8  4  float
_g_st_sensorless_vector.st_phase_err_lpf.f4_pre_input
200007ec  4  float
_g_st_sensorless_vector.st_phase_err_lpf.f4_omega_t
200007f0  4  float
_g_st_sensorless_vector.st_phase_err_lpf.f4_gain_ka
200007f4  4  float
_g_st_sensorless_vector.st_phase_err_lpf.f4_gain_kb
200007f8  4  float
}
_g_st_sensorless_vector.st_current_output
200007fc  2c
struct  {
_g_st_sensorless_vector.st_current_output.u1_flag_offset_calc
200007fc  1  unsigned char
_g_st_sensorless_vector.st_current_output.u1_flag_charge_bootstrap
200007fd  1  unsigned char
_g_st_sensorless_vector.st_current_output.f4_modu
20000800  4  float
_g_st_sensorless_vector.st_current_output.f4_modv
20000804  4  float
_g_st_sensorless_vector.st_current_output.f4_modw
20000808  4  float
_g_st_sensorless_vector.st_current_output.f4_neutral_duty
2000080c  4  float
_g_st_sensorless_vector.st_current_output.f4_va_max
20000810  4  float
_g_st_sensorless_vector.st_current_output.f4_ref_id_ctrl
20000814  4  float
_g_st_sensorless_vector.st_current_output.f4_speed_rad
20000818  4  float
_g_st_sensorless_vector.st_current_output.f4_ed
2000081c  4  float
_g_st_sensorless_vector.st_current_output.f4_eq
20000820  4  float
_g_st_sensorless_vector.st_current_output.f4_phase_err_rad
20000824  4  float
}
_g_st_sensorless_vector.st_speed_output
20000828  10
struct  {
_g_st_sensorless_vector.st_speed_output.f4_id_ref
20000828  4  float
_g_st_sensorless_vector.st_speed_output.f4_iq_ref
2000082c  4  float
_g_st_sensorless_vector.st_speed_output.f4_ref_speed_rad_ctrl
20000830  4  float
_g_st_sensorless_vector.st_speed_output.f4_speed_rad_lpf
20000834  4  float
}
_g_st_sensorless_vector.st_stm
20000838  6
struct  {
_g_st_sensorless_vector.st_stm.u1_status
20000838  1  unsigned char
_g_st_sensorless_vector.st_stm.u1_status_next
20000839  1  unsigned char
_g_st_sensorless_vector.st_stm.u2_error_status
2000083a  2  unsigned short
_g_st_sensorless_vector.st_stm.u1_current_event
2000083c  1  unsigned char
}
_g_st_sensorless_vector.st_motor
20000840  1c
struct  {
_g_st_sensorless_vector.st_motor.u2_mtr_pp
20000840  2  unsigned short
_g_st_sensorless_vector.st_motor.f4_mtr_r
20000844  4  float
_g_st_sensorless_vector.st_motor.f4_mtr_ld
20000848  4  float
_g_st_sensorless_vector.st_motor.f4_mtr_lq
2000084c  4  float
_g_st_sensorless_vector.st_motor.f4_mtr_m
20000850  4  float
_g_st_sensorless_vector.st_motor.f4_mtr_j
20000854  4  float
_g_st_sensorless_vector.st_motor.f4_nominal_current_rms
20000858  4  float
}
_g_st_sensorless_vector.st_flystart
2000085c  74
struct  {
_g_st_sensorless_vector.st_flystart.f4_iu_ad
2000085c  4  float
_g_st_sensorless_vector.st_flystart.f4_iv_ad
20000860  4  float
_g_st_sensorless_vector.st_flystart.f4_iw_ad
20000864  4  float
_g_st_sensorless_vector.st_flystart.f4_ia_ad
20000868  4  float
_g_st_sensorless_vector.st_flystart.f4_ib_ad
2000086c  4  float
_g_st_sensorless_vector.st_flystart.f4_current_mag
20000870  4  float
_g_st_sensorless_vector.st_flystart.f4_ia_ad1st
20000874  4  float
_g_st_sensorless_vector.st_flystart.f4_ib_ad1st
20000878  4  float
_g_st_sensorless_vector.st_flystart.f4_ia_ad2nd
2000087c  4  float
_g_st_sensorless_vector.st_flystart.f4_ib_ad2nd
20000880  4  float
_g_st_sensorless_vector.st_flystart.f4_id_ad
20000884  4  float
_g_st_sensorless_vector.st_flystart.f4_iq_ad
20000888  4  float
_g_st_sensorless_vector.st_flystart.f4_angle1st
2000088c  4  float
_g_st_sensorless_vector.st_flystart.f4_angle2nd
20000890  4  float
_g_st_sensorless_vector.st_flystart.f4_omega_e_ini
20000894  4  float
_g_st_sensorless_vector.st_flystart.f4_omega_m_ini
20000898  4  float
_g_st_sensorless_vector.st_flystart.f4_angle_dq
2000089c  4  float
_g_st_sensorless_vector.st_flystart.f4_angle_e_ini
200008a0  4  float
_g_st_sensorless_vector.st_flystart.f4_angle_rotate
200008a4  4  float
_g_st_sensorless_vector.st_flystart.f4_emf_volt
200008a8  4  float
_g_st_sensorless_vector.st_flystart.f4_restart_speed
200008ac  4  float
_g_st_sensorless_vector.st_flystart.f4_ctrl_period
200008b0  4  float
_g_st_sensorless_vector.st_flystart.f4_on_time
200008b4  4  float
_g_st_sensorless_vector.st_flystart.f4_off_time
200008b8  4  float
_g_st_sensorless_vector.st_flystart.f4_on_current_th
200008bc  4  float
_g_st_sensorless_vector.st_flystart.u2_time_cnt
200008c0  2  unsigned short
_g_st_sensorless_vector.st_flystart.u2_on_time_cnt
200008c2  2  unsigned short
_g_st_sensorless_vector.st_flystart.u2_off_time_cnt
200008c4  2  unsigned short
_g_st_sensorless_vector.st_flystart.u2_over_time_cnt
200008c6  2  unsigned short
_g_st_sensorless_vector.st_flystart.u2_active_brake_time_cnt
200008c8  2  unsigned short
_g_st_sensorless_vector.st_flystart.u1_state
200008ca  1  unsigned char
_g_st_sensorless_vector.st_flystart.u1_action
200008cb  1  unsigned char
_g_st_sensorless_vector.st_flystart.p_st_motor
200008cc  4  [pointer]
}
_g_st_sensorless_vector.p_st_driver
200008d0  4  [pointer]
_g_st_sensorless_vector.p_st_cc
200008d4  4  [pointer]
_g_st_sensorless_vector.p_st_sc
200008d8  4  [pointer]
}
_g_st_driver
200008dc  28  data ,g
struct  {
_g_st_driver.ADCDataGet
200008dc  4  [pointer]
_g_st_driver.BLDCDutySet
200008e0  4  [pointer]
_g_st_driver.BLDCZeroDutySet
200008e4  4  [pointer]
_g_st_driver.BLDCCompareDutySet
200008e8  4  [pointer]
_g_st_driver.PWMOutputStop
200008ec  4  [pointer]
_g_st_driver.PWMOutputStart
200008f0  4  [pointer]
_g_st_driver.f4_ad_crnt_per_digit
200008f4  4  float
_g_st_driver.f4_ad_vdc_per_digit
200008f8  4  float
_g_st_driver.f4_pwm_period_cnt
200008fc  4  float
_g_st_driver.f4_pwm_dead_time_cnt
20000900  4  float
}
_g_st_cc
20000908  b18  data ,g
struct  {
_g_st_cc.u1_active
20000908  1  unsigned char
_g_st_cc.u1_flag_volt_err_comp_use
20000909  1  unsigned char
_g_st_cc.u1_flag_stall_detection_use
2000090a  1  unsigned char
_g_st_cc.u1_flag_trq_vibration_comp_use
2000090b  1  unsigned char
_g_st_cc.u1_flag_trq_vibration_comp_mode
2000090c  1  unsigned char
_g_st_cc.u1_state_id_ref
2000090d  1  unsigned char
_g_st_cc.u1_state_iq_ref
2000090e  1  unsigned char
_g_st_cc.u1_flag_offset_calc
2000090f  1  unsigned char
_g_st_cc.u1_flag_charge_bootstrap
20000910  1  unsigned char
_g_st_cc.u2_offset_calc_time
20000912  2  unsigned short
_g_st_cc.u2_crnt_offset_cnt
20000914  2  unsigned short
_g_st_cc.u2_charge_bootstrap_time
20000916  2  unsigned short
_g_st_cc.u2_charge_bootstrap_cnt
20000918  2  unsigned short
_g_st_cc.f4_ctrl_period
2000091c  4  float
_g_st_cc.f4_refu
20000920  4  float
_g_st_cc.f4_refv
20000924  4  float
_g_st_cc.f4_refw
20000928  4  float
_g_st_cc.f4_vd_ref
2000092c  4  float
_g_st_cc.f4_vq_ref
20000930  4  float
_g_st_cc.f4_id_ref
20000934  4  float
_g_st_cc.f4_iq_ref
20000938  4  float
_g_st_cc.f4_id_ad
2000093c  4  float
_g_st_cc.f4_iq_ad
20000940  4  float
_g_st_cc.f4_lim_iq
20000944  4  float
_g_st_cc.f4_offset_iu
20000948  4  float
_g_st_cc.f4_offset_iw
2000094c  4  float
_g_st_cc.f4_offset_iv
20000950  4  float
_g_st_cc.f4_sum_iu_ad
20000954  4  float
_g_st_cc.f4_sum_iw_ad
20000958  4  float
_g_st_cc.f4_sum_iv_ad
2000095c  4  float
_g_st_cc.f4_iu_ref_ad
20000960  4  float
_g_st_cc.f4_iv_ref_ad
20000964  4  float
_g_st_cc.f4_iw_ref_ad
20000968  4  float
_g_st_cc.f4_vdc_ad
2000096c  4  float
_g_st_cc.f4_iu_ad
20000970  4  float
_g_st_cc.f4_iv_ad
20000974  4  float
_g_st_cc.f4_iw_ad
20000978  4  float
_g_st_cc.f4_modu
2000097c  4  float
_g_st_cc.f4_modv
20000980  4  float
_g_st_cc.f4_modw
20000984  4  float
_g_st_cc.f4_speed_rad
20000988  4  float
_g_st_cc.f4_ref_id_ctrl
2000098c  4  float
_g_st_cc.f4_ref_iq_ctrl
20000990  4  float
_g_st_cc.f4_id_up_step
20000994  4  float
_g_st_cc.f4_id_down_step
20000998  4  float
_g_st_cc.f4_iq_down_step
2000099c  4  float
_g_st_cc.f4_iq_down_step_time_inv
200009a0  4  float
_g_st_cc.f4_ol_ref_id
200009a4  4  float
_g_st_cc.f4_va_max
200009a8  4  float
_g_st_cc.f4_ed
200009ac  4  float
_g_st_cc.f4_eq
200009b0  4  float
_g_st_cc.f4_phase_err_rad
200009b4  4  float
_g_st_cc.f4_ol_speed_rad
200009b8  4  float
_g_st_cc.f4_ref_speed_rad_ctrl
200009bc  4  float
_g_st_cc.st_mod
200009c0  18
struct  {
_g_st_cc.st_mod.f4_vdc
200009c0  4  float
_g_st_cc.st_mod.f4_1_div_vdc
200009c4  4  float
_g_st_cc.st_mod.f4_voltage_error_ratio
200009c8  4  float
_g_st_cc.st_mod.f4_max_duty
200009cc  4  float
_g_st_cc.st_mod.f4_min_duty
200009d0  4  float
_g_st_cc.st_mod.f4_neutral_duty
200009d4  4  float
}
_g_st_cc.st_volt_comp
200009d8  74
struct  {
_g_st_cc.st_volt_comp.f4_comp_v
200009d8  14  float
_g_st_cc.st_volt_comp.f4_comp_i
200009ec  14  float
_g_st_cc.st_volt_comp.f4_slope
20000a00  18  float
_g_st_cc.st_volt_comp.f4_intcept
20000a18  18  float
_g_st_cc.st_volt_comp.f4_volt_comp_array
20000a30  c  float
_g_st_cc.st_volt_comp.f4_vdc
20000a3c  4  float
_g_st_cc.st_volt_comp.f4_volt_comp_limit
20000a40  4  float
_g_st_cc.st_volt_comp.f4_volt_comp_limit_ratio
20000a44  4  float
_g_st_cc.st_volt_comp.u1_volt_err_comp_enable
20000a48  1  unsigned char
_g_st_cc.st_volt_comp.u1_volt_comp_use_motor_type
20000a49  1  unsigned char
}
_g_st_cc.st_bemf_observer
20000a4c  40
struct  {
_g_st_cc.st_bemf_observer.f4_dt
20000a4c  4  float
_g_st_cc.st_bemf_observer.p_st_motor
20000a50  4  [pointer]
_g_st_cc.st_bemf_observer.st_d_axis
20000a54  1c
struct  {
_g_st_cc.st_bemf_observer.st_d_axis.f4_k_e_obs_1
20000a54  4  float
_g_st_cc.st_bemf_observer.st_d_axis.f4_k_e_obs_2
20000a58  4  float
_g_st_cc.st_bemf_observer.st_d_axis.f4_i_pre
20000a5c  4  float
_g_st_cc.st_bemf_observer.st_d_axis.f4_i_est_pre
20000a60  4  float
_g_st_cc.st_bemf_observer.st_d_axis.f4_d_est
20000a64  4  float
_g_st_cc.st_bemf_observer.st_d_axis.f4_d_est_pre
20000a68  4  float
_g_st_cc.st_bemf_observer.st_d_axis.f4_d_est_limit
20000a6c  4  float
}
_g_st_cc.st_bemf_observer.st_q_axis
20000a70  1c
struct  {
_g_st_cc.st_bemf_observer.st_q_axis.f4_k_e_obs_1
20000a70  4  float
_g_st_cc.st_bemf_observer.st_q_axis.f4_k_e_obs_2
20000a74  4  float
_g_st_cc.st_bemf_observer.st_q_axis.f4_i_pre
20000a78  4  float
_g_st_cc.st_bemf_observer.st_q_axis.f4_i_est_pre
20000a7c  4  float
_g_st_cc.st_bemf_observer.st_q_axis.f4_d_est
20000a80  4  float
_g_st_cc.st_bemf_observer.st_q_axis.f4_d_est_pre
20000a84  4  float
_g_st_cc.st_bemf_observer.st_q_axis.f4_d_est_limit
20000a88  4  float
}
}
_g_st_cc.st_pll_est
20000a8c  c
struct  {
_g_st_cc.st_pll_est.f4_kp_est_speed
20000a8c  4  float
_g_st_cc.st_pll_est.f4_ki_est_speed
20000a90  4  float
_g_st_cc.st_pll_est.f4_i_est_speed
20000a94  4  float
}
_g_st_cc.st_pi_id
20000a98  14
struct  {
_g_st_cc.st_pi_id.f4_err
20000a98  4  float
_g_st_cc.st_pi_id.f4_kp
20000a9c  4  float
_g_st_cc.st_pi_id.f4_ki
20000aa0  4  float
_g_st_cc.st_pi_id.f4_refi
20000aa4  4  float
_g_st_cc.st_pi_id.f4_ilimit
20000aa8  4  float
}
_g_st_cc.st_pi_iq
20000aac  14
struct  {
_g_st_cc.st_pi_iq.f4_err
20000aac  4  float
_g_st_cc.st_pi_iq.f4_kp
20000ab0  4  float
_g_st_cc.st_pi_iq.f4_ki
20000ab4  4  float
_g_st_cc.st_pi_iq.f4_refi
20000ab8  4  float
_g_st_cc.st_pi_iq.f4_ilimit
20000abc  4  float
}
_g_st_cc.st_rotor_angle
20000ac0  c
struct  {
_g_st_cc.st_rotor_angle.f4_rotor_angle_rad
20000ac0  4  float
_g_st_cc.st_rotor_angle.f4_sin
20000ac4  4  float
_g_st_cc.st_rotor_angle.f4_cos
20000ac8  4  float
}
_g_st_cc.st_rotor_angle_phasecomp
20000acc  c
struct  {
_g_st_cc.st_rotor_angle_phasecomp.f4_rotor_angle_rad
20000acc  4  float
_g_st_cc.st_rotor_angle_phasecomp.f4_sin
20000ad0  4  float
_g_st_cc.st_rotor_angle_phasecomp.f4_cos
20000ad4  4  float
}
_g_st_cc.st_motor
20000ad8  1c
struct  {
_g_st_cc.st_motor.u2_mtr_pp
20000ad8  2  unsigned short
_g_st_cc.st_motor.f4_mtr_r
20000adc  4  float
_g_st_cc.st_motor.f4_mtr_ld
20000ae0  4  float
_g_st_cc.st_motor.f4_mtr_lq
20000ae4  4  float
_g_st_cc.st_motor.f4_mtr_m
20000ae8  4  float
_g_st_cc.st_motor.f4_mtr_j
20000aec  4  float
_g_st_cc.st_motor.f4_nominal_current_rms
20000af0  4  float
}
_g_st_cc.st_stalldet
20000af4  1c
struct  {
_g_st_cc.st_stalldet.f4_threshold_level
20000af4  4  float
_g_st_cc.st_stalldet.f4_id_hpf_time
20000af8  4  float
_g_st_cc.st_stalldet.f4_iq_hpf_time
20000afc  4  float
_g_st_cc.st_stalldet.f4_threshold_time
20000b00  4  float
_g_st_cc.st_stalldet.f4_id_current_abs_val
20000b04  4  float
_g_st_cc.st_stalldet.f4_iq_current_abs_val
20000b08  4  float
_g_st_cc.st_stalldet.u1_stall_detected
20000b0c  1  unsigned char
}
_g_st_cc.st_trqvib_comp
20000b10  910
struct  {
_g_st_cc.st_trqvib_comp.u1_target_2f
20000b10  1  unsigned char
_g_st_cc.st_trqvib_comp.u1_flag_trqvib_comp_learning
20000b11  1  unsigned char
_g_st_cc.st_trqvib_comp.u2_trqcomp_state
20000b12  2  unsigned short
_g_st_cc.st_trqvib_comp.u2_trqcomp_action
20000b14  2  unsigned short
_g_st_cc.st_trqvib_comp.f4_repetitive_table
20000b18  18  float
_g_st_cc.st_trqvib_comp.f4_last_spd_ref
20000b30  4  float
_g_st_cc.st_trqvib_comp.f4_last_spd_det
20000b34  4  float
_g_st_cc.st_trqvib_comp.f4_input_weight2
20000b38  4  float
_g_st_cc.st_trqvib_comp.f4_input_weight1
20000b3c  4  float
_g_st_cc.st_trqvib_comp.f4_input_weight0
20000b40  4  float
_g_st_cc.st_trqvib_comp.f4_tf_lpf_buf_x
20000b44  4  float
_g_st_cc.st_trqvib_comp.f4_tf_lpf_buf_y
20000b48  4  float
_g_st_cc.st_trqvib_comp.f4_tf_lpf_time
20000b4c  4  float
_g_st_cc.st_trqvib_comp.f4_tf_output
20000b50  4  float
_g_st_cc.st_trqvib_comp.f4_tvc_max_1cycle
20000b54  4  float
_g_st_cc.st_trqvib_comp.f4_tvc_min_1cycle
20000b58  4  float
_g_st_cc.st_trqvib_comp.f4_tvc_max
20000b5c  4  float
_g_st_cc.st_trqvib_comp.f4_tvc_min
20000b60  4  float
_g_st_cc.st_trqvib_comp.f4_tvc_amp_standby
20000b64  4  float
_g_st_cc.st_trqvib_comp.f4_tvc_amp_standby_pre
20000b68  4  float
_g_st_cc.st_trqvib_comp.f4_tvc_amp_learning
20000b6c  4  float
_g_st_cc.st_trqvib_comp.f4_tf_lpf_x_dc
20000b70  4  float
_g_st_cc.st_trqvib_comp.f4_tf_lpf_y_dc
20000b74  4  float
_g_st_cc.st_trqvib_comp.f4_tf_lpf_x_ac
20000b78  4  float
_g_st_cc.st_trqvib_comp.f4_tf_lpf_y_ac
20000b7c  4  float
_g_st_cc.st_trqvib_comp.f4_tf_lpf_x_max_1cycle
20000b80  4  float
_g_st_cc.st_trqvib_comp.f4_tf_lpf_x_min_1cycle
20000b84  4  float
_g_st_cc.st_trqvib_comp.f4_tf_lpf_y_max_1cycle
20000b88  4  float
_g_st_cc.st_trqvib_comp.f4_tf_lpf_y_min_1cycle
20000b8c  4  float
_g_st_cc.st_trqvib_comp.st_trqvib_comp_1f
20000b90  448
struct  {
_g_st_cc.st_trqvib_comp.st_trqvib_comp_1f.u1_target_learning_done
20000b90  1  unsigned char
_g_st_cc.st_trqvib_comp.st_trqvib_comp_1f.u1_target_output_enable
20000b91  1  unsigned char
_g_st_cc.st_trqvib_comp.st_trqvib_comp_1f.s2_last_index
20000b92  2  short
_g_st_cc.st_trqvib_comp.st_trqvib_comp_1f.u2_motor_pp
20000b94  2  unsigned short
_g_st_cc.st_trqvib_comp.st_trqvib_comp_1f.f4_angle_rad_machine
20000b98  4  float
_g_st_cc.st_trqvib_comp.st_trqvib_comp_1f.f4_angle_electric_last
20000b9c  4  float
_g_st_cc.st_trqvib_comp.st_trqvib_comp_1f.f4_last_spd_comp
20000ba0  4  float
_g_st_cc.st_trqvib_comp.st_trqvib_comp_1f.f4_output_gain
20000ba4  4  float
_g_st_cc.st_trqvib_comp.st_trqvib_comp_1f.f4_harmonic_order
20000ba8  4  float
_g_st_cc.st_trqvib_comp.st_trqvib_comp_1f.f4_suppression_th
20000bac  4  float
_g_st_cc.st_trqvib_comp.st_trqvib_comp_1f.f4_abnormal_output_th
20000bb0  4  float
_g_st_cc.st_trqvib_comp.st_trqvib_comp_1f.f4_fitting_coeff
20000bb4  18  float
_g_st_cc.st_trqvib_comp.st_trqvib_comp_1f.f4_k2_timelead
20000bcc  4  float
_g_st_cc.st_trqvib_comp.st_trqvib_comp_1f.f4_last_index_comp
20000bd0  4  float
_g_st_cc.st_trqvib_comp.st_trqvib_comp_1f.f4_repetitive_table
20000bd4  400  float
_g_st_cc.st_trqvib_comp.st_trqvib_comp_1f.u2_k2_timelead
20000fd4  2  unsigned short
_g_st_cc.st_trqvib_comp.st_trqvib_comp_1f.s2_last_index_comp
20000fd6  2  short
}
_g_st_cc.st_trqvib_comp.st_trqvib_comp_2f
20000fd8  448
struct  {
_g_st_cc.st_trqvib_comp.st_trqvib_comp_2f.u1_target_learning_done
20000fd8  1  unsigned char
_g_st_cc.st_trqvib_comp.st_trqvib_comp_2f.u1_target_output_enable
20000fd9  1  unsigned char
_g_st_cc.st_trqvib_comp.st_trqvib_comp_2f.s2_last_index
20000fda  2  short
_g_st_cc.st_trqvib_comp.st_trqvib_comp_2f.u2_motor_pp
20000fdc  2  unsigned short
_g_st_cc.st_trqvib_comp.st_trqvib_comp_2f.f4_angle_rad_machine
20000fe0  4  float
_g_st_cc.st_trqvib_comp.st_trqvib_comp_2f.f4_angle_electric_last
20000fe4  4  float
_g_st_cc.st_trqvib_comp.st_trqvib_comp_2f.f4_last_spd_comp
20000fe8  4  float
_g_st_cc.st_trqvib_comp.st_trqvib_comp_2f.f4_output_gain
20000fec  4  float
_g_st_cc.st_trqvib_comp.st_trqvib_comp_2f.f4_harmonic_order
20000ff0  4  float
_g_st_cc.st_trqvib_comp.st_trqvib_comp_2f.f4_suppression_th
20000ff4  4  float
_g_st_cc.st_trqvib_comp.st_trqvib_comp_2f.f4_abnormal_output_th
20000ff8  4  float
_g_st_cc.st_trqvib_comp.st_trqvib_comp_2f.f4_fitting_coeff
20000ffc  18  float
_g_st_cc.st_trqvib_comp.st_trqvib_comp_2f.f4_k2_timelead
20001014  4  float
_g_st_cc.st_trqvib_comp.st_trqvib_comp_2f.f4_last_index_comp
20001018  4  float
_g_st_cc.st_trqvib_comp.st_trqvib_comp_2f.f4_repetitive_table
2000101c  400  float
_g_st_cc.st_trqvib_comp.st_trqvib_comp_2f.u2_k2_timelead
2000141c  2  unsigned short
_g_st_cc.st_trqvib_comp.st_trqvib_comp_2f.s2_last_index_comp
2000141e  2  short
}
}
}
_g_u1_trq_vibration_comp_update_flag
20000904  1  data ,g
_u2_ad_conv_iu
2000142e  2  data ,g
_u2_ad_conv_iw
2000142c  2  data ,g
_u2_ad_conv_iv
2000142a  2  data ,g
_u2_ad_conv_vdc
20001428  2  data ,g
_u2_ad_conv_iu_ref
20001426  2  data ,g
_u2_ad_conv_iw_ref
20001424  2  data ,g
_u2_ad_conv_iv_ref
20001422  2  data ,g
_g_ioport_ctrl
20001430  8  data ,g
struct  {
_g_ioport_ctrl.open
20001430  4  unsigned long
_g_ioport_ctrl.p_context
20001434  4  [pointer]
}
_g_wdt0_ctrl
20001554  10  data ,g
struct  {
_g_wdt0_ctrl.wdt_open
20001554  4  unsigned long
_g_wdt0_ctrl.p_context
20001558  4  [pointer]
_g_wdt0_ctrl.p_callback
2000155c  4  [pointer]
_g_wdt0_ctrl.p_callback_memory
20001560  4  [pointer]
}
_g_agt1_ctrl
20001534  20  data ,g
struct  {
_g_agt1_ctrl.open
20001534  4  unsigned long
_g_agt1_ctrl.p_cfg
20001538  4  [pointer]
_g_agt1_ctrl.p_reg
2000153c  4  [pointer]
_g_agt1_ctrl.is_agtw
20001540  1  _Bool
_g_agt1_ctrl.period
20001544  4  unsigned long
_g_agt1_ctrl.p_callback
20001548  4  [pointer]
_g_agt1_ctrl.p_callback_memory
2000154c  4  [pointer]
_g_agt1_ctrl.p_context
20001550  4  [pointer]
}
_g_timer_gpt1_ctrl
20001514  20  data ,g
struct  {
_g_timer_gpt1_ctrl.open
20001514  4  unsigned long
_g_timer_gpt1_ctrl.p_cfg
20001518  4  [pointer]
_g_timer_gpt1_ctrl.p_reg
2000151c  4  [pointer]
_g_timer_gpt1_ctrl.channel_mask
20001520  4  unsigned long
_g_timer_gpt1_ctrl.variant
20001524  1  enum
_g_timer_gpt1_ctrl.p_callback
20001528  4  [pointer]
_g_timer_gpt1_ctrl.p_callback_memory
2000152c  4  [pointer]
_g_timer_gpt1_ctrl.p_context
20001530  4  [pointer]
}
_g_agt0_ctrl
200014f4  20  data ,g
struct  {
_g_agt0_ctrl.open
200014f4  4  unsigned long
_g_agt0_ctrl.p_cfg
200014f8  4  [pointer]
_g_agt0_ctrl.p_reg
200014fc  4  [pointer]
_g_agt0_ctrl.is_agtw
20001500  1  _Bool
_g_agt0_ctrl.period
20001504  4  unsigned long
_g_agt0_ctrl.p_callback
20001508  4  [pointer]
_g_agt0_ctrl.p_callback_memory
2000150c  4  [pointer]
_g_agt0_ctrl.p_context
20001510  4  [pointer]
}
_g_poeg3_ctrl
200014dc  18  data ,g
struct  {
_g_poeg3_ctrl.open
200014dc  4  unsigned long
_g_poeg3_ctrl.p_cfg
200014e0  4  [pointer]
_g_poeg3_ctrl.p_reg
200014e4  4  [pointer]
_g_poeg3_ctrl.p_callback
200014e8  4  [pointer]
_g_poeg3_ctrl.p_callback_memory
200014ec  4  [pointer]
_g_poeg3_ctrl.p_context
200014f0  4  [pointer]
}
_g_timer_gpt6_ctrl
200014bc  20  data ,g
struct  {
_g_timer_gpt6_ctrl.open
200014bc  4  unsigned long
_g_timer_gpt6_ctrl.p_cfg
200014c0  4  [pointer]
_g_timer_gpt6_ctrl.p_reg
200014c4  4  [pointer]
_g_timer_gpt6_ctrl.channel_mask
200014c8  4  unsigned long
_g_timer_gpt6_ctrl.variant
200014cc  1  enum
_g_timer_gpt6_ctrl.p_callback
200014d0  4  [pointer]
_g_timer_gpt6_ctrl.p_callback_memory
200014d4  4  [pointer]
_g_timer_gpt6_ctrl.p_context
200014d8  4  [pointer]
}
_g_timer_gpt5_ctrl
2000149c  20  data ,g
struct  {
_g_timer_gpt5_ctrl.open
2000149c  4  unsigned long
_g_timer_gpt5_ctrl.p_cfg
200014a0  4  [pointer]
_g_timer_gpt5_ctrl.p_reg
200014a4  4  [pointer]
_g_timer_gpt5_ctrl.channel_mask
200014a8  4  unsigned long
_g_timer_gpt5_ctrl.variant
200014ac  1  enum
_g_timer_gpt5_ctrl.p_callback
200014b0  4  [pointer]
_g_timer_gpt5_ctrl.p_callback_memory
200014b4  4  [pointer]
_g_timer_gpt5_ctrl.p_context
200014b8  4  [pointer]
}
_g_timer_gpt4_ctrl
2000147c  20  data ,g
struct  {
_g_timer_gpt4_ctrl.open
2000147c  4  unsigned long
_g_timer_gpt4_ctrl.p_cfg
20001480  4  [pointer]
_g_timer_gpt4_ctrl.p_reg
20001484  4  [pointer]
_g_timer_gpt4_ctrl.channel_mask
20001488  4  unsigned long
_g_timer_gpt4_ctrl.variant
2000148c  1  enum
_g_timer_gpt4_ctrl.p_callback
20001490  4  [pointer]
_g_timer_gpt4_ctrl.p_callback_memory
20001494  4  [pointer]
_g_timer_gpt4_ctrl.p_context
20001498  4  [pointer]
}
_g_three_phase0_ctrl
20001460  1c  data ,g
struct  {
_g_three_phase0_ctrl.open
20001460  4  unsigned long
_g_three_phase0_ctrl.p_reg
20001464  c  [pointer]
_g_three_phase0_ctrl.channel_mask
20001470  4  unsigned long
_g_three_phase0_ctrl.buffer_mode
20001474  1  enum
_g_three_phase0_ctrl.p_cfg
20001478  4  [pointer]
}
_g_adc0_ctrl
20001438  28  data ,g
struct  {
_g_adc0_ctrl.adc_state
20001438  1  enum
_g_adc0_ctrl.cached_adtrgenr
2000143c  4  unsigned long
_g_adc0_ctrl.cached_adsystr
20001440  4  unsigned long
_g_adc0_ctrl.trigger_disable_wait_cycles
20001444  4  unsigned long
_g_adc0_ctrl.p_cfg
20001448  4  [pointer]
_g_adc0_ctrl.p_callback
2000144c  4  [pointer]
_g_adc0_ctrl.p_callback_memory
20001450  4  [pointer]
_g_adc0_ctrl.p_context
20001454  4  [pointer]
_g_adc0_ctrl.initialized
20001458  4  unsigned long
_g_adc0_ctrl.opened
2000145c  4  unsigned long
}
_g_bsp_group_irq_sources
2000156c  40  data ,g
_g_protect_pfswe_counter
200015ac  4  data ,g
_gp_renesas_isr_context
200015b0  20  data ,g
_g_protect_counters
200015d0  a  data ,g
_g_main_stack
20000060  400  data ,g
_SystemCoreClock
200015dc  4  data ,g
_g_f4_stalldet_id_ave
20001678  4  data ,g
_g_f4_stalldet_iq_ave
20001674  4  data ,g
_g_f4_stalldet_id_hbf_abs_sum
20001670  4  data ,g
_g_f4_stalldet_iq_hbf_abs_sum
2000166c  4  data ,g
_g_f4_last_values
20001858  c  data ,g
_g_s2_last_index
20001850  6  data ,g
_g_f4_matrix_A
200017c0  90  data ,g
_g_f4_matrix_L
20001730  90  data ,g
_g_f4_matrix_U
200016a0  90  data ,g
_g_f4_y
20001688  18  data ,g
_g_u2_trq_comp_counter
20001684  2  data ,g
_g_f4_tf_lpf_sum_x
20001680  4  data ,g
_g_f4_tf_lpf_sum_y
2000167c  4  data ,g
