Renesas Optimizing Linker
_g_st_rmw_input_buffer
20000710  b4  data ,g
struct  {
_g_st_rmw_input_buffer.u2_offset_calc_time
20000710  2  unsigned short
_g_st_rmw_input_buffer.st_motor
20000714  1c
struct  {
_g_st_rmw_input_buffer.st_motor.u2_mtr_pp
20000714  2  unsigned short
_g_st_rmw_input_buffer.st_motor.f4_mtr_r
20000718  4  float
_g_st_rmw_input_buffer.st_motor.f4_mtr_ld
2000071c  4  float
_g_st_rmw_input_buffer.st_motor.f4_mtr_lq
20000720  4  float
_g_st_rmw_input_buffer.st_motor.f4_mtr_m
20000724  4  float
_g_st_rmw_input_buffer.st_motor.f4_mtr_j
20000728  4  float
_g_st_rmw_input_buffer.st_motor.f4_nominal_current_rms
2000072c  4  float
}
_g_st_rmw_input_buffer.f4_max_speed_rpm
20000730  4  float
_g_st_rmw_input_buffer.u1_ctrl_loop_mode
20000734  1  unsigned char
_g_st_rmw_input_buffer.f4_current_omega_hz
20000738  4  float
_g_st_rmw_input_buffer.f4_current_zeta
2000073c  4  float
_g_st_rmw_input_buffer.f4_speed_omega_hz
20000740  4  float
_g_st_rmw_input_buffer.f4_speed_zeta
20000744  4  float
_g_st_rmw_input_buffer.f4_speed_lpf_hz
20000748  4  float
_g_st_rmw_input_buffer.f4_ref_speed_rpm
2000074c  4  float
_g_st_rmw_input_buffer.f4_speed_rate_limit_rpm
20000750  4  float
_g_st_rmw_input_buffer.f4_overspeed_limit_rpm
20000754  4  float
_g_st_rmw_input_buffer.u1_flag_volt_err_comp_use
20000758  1  unsigned char
_g_st_rmw_input_buffer.u1_flag_fluxwkn_use
20000759  1  unsigned char
_g_st_rmw_input_buffer.u1_flag_extobserver_use
2000075a  1  unsigned char
_g_st_rmw_input_buffer.f4_extobs_omega
2000075c  4  float
_g_st_rmw_input_buffer.u1_flag_mtpa_use
20000760  1  unsigned char
_g_st_rmw_input_buffer.u1_flag_flying_start_use
20000761  1  unsigned char
_g_st_rmw_input_buffer.u1_flag_stall_detection_use
20000762  1  unsigned char
_g_st_rmw_input_buffer.u1_flag_trq_vibration_comp_use
20000763  1  unsigned char
_g_st_rmw_input_buffer.f4_e_obs_omega_hz
20000764  4  float
_g_st_rmw_input_buffer.f4_e_obs_zeta
20000768  4  float
_g_st_rmw_input_buffer.f4_pll_est_omega_hz
2000076c  4  float
_g_st_rmw_input_buffer.f4_pll_est_zeta
20000770  4  float
_g_st_rmw_input_buffer.f4_pll_estlow_omega_hz
20000774  4  float
_g_st_rmw_input_buffer.f4_pll_estlow_zeta
20000778  4  float
_g_st_rmw_input_buffer.f4_highspd_threshold
2000077c  4  float
_g_st_rmw_input_buffer.f4_lowspd_threshold
20000780  4  float
_g_st_rmw_input_buffer.f4_id_hpf_time
20000784  4  float
_g_st_rmw_input_buffer.f4_iq_hpf_time
20000788  4  float
_g_st_rmw_input_buffer.f4_threshold_level
2000078c  4  float
_g_st_rmw_input_buffer.f4_threshold_time
20000790  4  float
_g_st_rmw_input_buffer.u1_flag_trqvib_comp_learning
20000794  1  unsigned char
_g_st_rmw_input_buffer.f4_timelead
20000798  4  float
_g_st_rmw_input_buffer.f4_tf_lpf_time
2000079c  4  float
_g_st_rmw_input_buffer.f4_output_gain
200007a0  4  float
_g_st_rmw_input_buffer.f4_input_weight2
200007a4  4  float
_g_st_rmw_input_buffer.f4_input_weight1
200007a8  4  float
_g_st_rmw_input_buffer.f4_input_weight0
200007ac  4  float
_g_st_rmw_input_buffer.f4_restart_speed
200007b0  4  float
_g_st_rmw_input_buffer.f4_off_time
200007b4  4  float
_g_st_rmw_input_buffer.f4_over_time
200007b8  4  float
_g_st_rmw_input_buffer.f4_active_brake_time
200007bc  4  float
_g_st_rmw_input_buffer.f4_on_current_th
200007c0  4  float
}
_com_u1_system_mode
2000070b  1  data ,g
_g_u1_system_mode
2000070a  1  data ,g
_com_u1_enable_write
20000709  1  data ,g
_g_u1_enable_write
20000708  1  data ,g
_com_u2_offset_calc_time
20000706  2  data ,g
_com_u2_mtr_pp
20000704  2  data ,g
_com_f4_mtr_r
20000700  4  data ,g
_com_f4_mtr_ld
200006fc  4  data ,g
_com_f4_mtr_lq
200006f8  4  data ,g
_com_f4_mtr_m
200006f4  4  data ,g
_com_f4_mtr_j
200006f0  4  data ,g
_com_f4_nominal_current_rms
200006ec  4  data ,g
_com_f4_max_speed_rpm
200006e8  4  data ,g
_com_u1_ctrl_loop_mode
200006e4  1  data ,g
_com_f4_current_omega_hz
200006e0  4  data ,g
_com_f4_current_zeta
200006dc  4  data ,g
_com_f4_speed_omega_hz
200006d8  4  data ,g
_com_f4_speed_zeta
200006d4  4  data ,g
_com_f4_speed_lpf_hz
200006d0  4  data ,g
_com_f4_ref_speed_rpm
200006cc  4  data ,g
_com_f4_speed_rate_limit_rpm
200006c8  4  data ,g
_com_f4_overspeed_limit_rpm
200006c4  4  data ,g
_com_u1_flag_volt_err_comp_use
200006b5  1  data ,g
_com_u1_flag_fluxwkn_use
200006b4  1  data ,g
_com_u1_flag_mtpa_use
200006b3  1  data ,g
_com_u1_flag_flying_start_use
200006b2  1  data ,g
_com_u1_flag_stall_detection_use
200006b1  1  data ,g
_com_u1_flag_trq_vibration_comp_use
200006b0  1  data ,g
_com_f4_e_obs_omega_hz
200006ac  4  data ,g
_com_f4_e_obs_zeta
200006a8  4  data ,g
_com_f4_pll_est_omega_hz
200006a4  4  data ,g
_com_f4_pll_est_zeta
200006a0  4  data ,g
_com_f4_pll_estlow_omega_hz
2000069c  4  data ,g
_com_f4_pll_estlow_zeta
20000698  4  data ,g
_com_u1_flag_extobserver_use
20000694  1  data ,g
_com_f4_extobs_omega
20000690  4  data ,g
_com_f4_spd_low_to_high_threshold
2000068c  4  data ,g
_com_f4_spd_high_to_low_threshold
20000688  4  data ,g
_com_f4_id_hpf_time
20000684  4  data ,g
_com_f4_iq_hpf_time
20000680  4  data ,g
_com_f4_threshold_level
2000067c  4  data ,g
_com_f4_threshold_time
20000678  4  data ,g
_com_u1_flag_trqvib_comp_learning
20000674  1  data ,g
_com_f4_tf_lpf_time
2000066c  4  data ,g
_com_f4_output_gain
20000668  4  data ,g
_com_f4_input_weight2
20000664  4  data ,g
_com_f4_input_weight1
20000660  4  data ,g
_com_f4_input_weight0
2000065c  4  data ,g
_com_f4_restart_speed
20000658  4  data ,g
_com_f4_off_time
20000654  4  data ,g
_com_f4_over_time
20000650  4  data ,g
_com_f4_active_brake_time
2000064c  4  data ,g
_com_f4_on_current_th
20000648  4  data ,g
_g_u2_conf_hw
20000812  2  data ,g
_g_u2_conf_sw
20000810  2  data ,g
_g_u2_conf_tool
2000080e  2  data ,g
_gui_u1_active_gui
00000000  1  data ,g
_g_u2_conf_sw_ver
00000000  2  data ,g
_g_u1_conf_motor_type_len
2000080c  1  data ,g
_g_u1_conf_control_len
2000080b  1  data ,g
_g_u1_conf_inverter_len
2000080a  1  data ,g
_g_u1_conf_motor_type
200007f8  12  data ,g
_g_u1_conf_control
200007cc  29  data ,g
_g_u1_conf_inverter
200007c4  8  data ,g
_g_u1_update_param_flag
2000070c  1  data ,g
_com_f4_speed_rate_limit_rpm1
200006c0  4  data ,g
_com_f4_speed_rate_limit_rpm2
200006bc  4  data ,g
_com_f4_speed_rate_limit_rpm3
200006b8  4  data ,g
_com_f4_timelead
20000670  4  data ,g
_g_u2_pfc_status_pre
20000816  2  data ,g
_g_u1_relay_flg
20000814  1  data ,g
_g_st_pfc_manager
20000818  5d0  data ,g
struct  {
_g_st_pfc_manager.u1_pfc_ctrl_enable_flg
20000818  1  unsigned char
_g_st_pfc_manager.u1_relay_ctrl_on_flg
20000819  1  unsigned char
_g_st_pfc_manager.u1_error_cancel_flg
2000081a  1  unsigned char
_g_st_pfc_manager.u1_volt_dip_flg
2000081b  1  unsigned char
_g_st_pfc_manager.u2_error_status
2000081c  2  unsigned short
_g_st_pfc_manager.u2_run_mode
2000081e  2  unsigned short
_g_st_pfc_manager.f4_vac_ad
20000820  4  float
_g_st_pfc_manager.f4_vdc_ad
20000824  4  float
_g_st_pfc_manager.f4_ichp_ad
20000828  4  float
_g_st_pfc_manager.f4_vac_ad_lpf
2000082c  4  float
_g_st_pfc_manager.f4_vdc_ad_lpf
20000830  4  float
_g_st_pfc_manager.f4_ref_vdc_ctrl
20000834  4  float
_g_st_pfc_manager.f4_vdc_up_step
20000838  4  float
_g_st_pfc_manager.f4_target_vdc
2000083c  4  float
_g_st_pfc_manager.f4_ac_overvoltage_limit
20000840  4  float
_g_st_pfc_manager.f4_bus_overvoltage_limit
20000844  4  float
_g_st_pfc_manager.f4_bus_undervoltage_limit
20000848  4  float
_g_st_pfc_manager.f4_overcurrent_limit
2000084c  4  float
_g_st_pfc_manager.u1_overheat_detect_level
20000850  1  unsigned char
_g_st_pfc_manager.st_vac_ad_lpf
20000854  14
struct  {
_g_st_pfc_manager.st_vac_ad_lpf.f4_pre_output
20000854  4  float
_g_st_pfc_manager.st_vac_ad_lpf.f4_pre_input
20000858  4  float
_g_st_pfc_manager.st_vac_ad_lpf.f4_omega_t
2000085c  4  float
_g_st_pfc_manager.st_vac_ad_lpf.f4_gain_ka
20000860  4  float
_g_st_pfc_manager.st_vac_ad_lpf.f4_gain_kb
20000864  4  float
}
_g_st_pfc_manager.st_vdc_ad_lpf
20000868  14
struct  {
_g_st_pfc_manager.st_vdc_ad_lpf.f4_pre_output
20000868  4  float
_g_st_pfc_manager.st_vdc_ad_lpf.f4_pre_input
2000086c  4  float
_g_st_pfc_manager.st_vdc_ad_lpf.f4_omega_t
20000870  4  float
_g_st_pfc_manager.st_vdc_ad_lpf.f4_gain_ka
20000874  4  float
_g_st_pfc_manager.st_vdc_ad_lpf.f4_gain_kb
20000878  4  float
}
_g_st_pfc_manager.st_vdc_notch_fil
2000087c  34
struct  {
_g_st_pfc_manager.st_vdc_notch_fil.f4_in_data
2000087c  c  float
_g_st_pfc_manager.st_vdc_notch_fil.f4_out_data
20000888  c  float
_g_st_pfc_manager.st_vdc_notch_fil.f4_coef_n
20000894  c  float
_g_st_pfc_manager.st_vdc_notch_fil.f4_coef_d
200008a0  c  float
_g_st_pfc_manager.st_vdc_notch_fil.f4_omega_t
200008ac  4  float
}
_g_st_pfc_manager.st_pfc_ctrl_output
200008b0  4
struct  {
_g_st_pfc_manager.st_pfc_ctrl_output.f4_duty
200008b0  4  float
}
_g_st_pfc_manager.st_ac_fil
200008b4  514
struct  {
_g_st_pfc_manager.st_ac_fil.u2_data_num
200008b4  2  unsigned short
_g_st_pfc_manager.st_ac_fil.f4_data_sum
200008b8  4  float
_g_st_pfc_manager.st_ac_fil.f4_data_array
200008bc  500  float
_g_st_pfc_manager.st_ac_fil.f4_data_ave
20000dbc  4  float
_g_st_pfc_manager.st_ac_fil.f4_data_peak
20000dc0  4  float
_g_st_pfc_manager.st_ac_fil.f4_data_rms
20000dc4  4  float
}
_g_st_pfc_manager.st_relay_ctrl
20000dc8  18
struct  {
_g_st_pfc_manager.st_relay_ctrl.u2_relay_on_delay_cnt
20000dc8  2  unsigned short
_g_st_pfc_manager.st_relay_ctrl.u2_relay_off_delay_cnt
20000dca  2  unsigned short
_g_st_pfc_manager.st_relay_ctrl.u2_relay_on_delay_cnt_limit
20000dcc  2  unsigned short
_g_st_pfc_manager.st_relay_ctrl.u2_relay_off_delay_cnt_limit
20000dce  2  unsigned short
_g_st_pfc_manager.st_relay_ctrl.f4_relay_on_vac_rms_min
20000dd0  4  float
_g_st_pfc_manager.st_relay_ctrl.f4_relay_off_vac_rms_min
20000dd4  4  float
_g_st_pfc_manager.st_relay_ctrl.f4_relay_on_div_min
20000dd8  4  float
_g_st_pfc_manager.st_relay_ctrl.f4_relay_off_div_max
20000ddc  4  float
}
_g_st_pfc_manager.p_st_pfc_driver
20000de0  4  [pointer]
_g_st_pfc_manager.p_st_pfc_ctrl
20000de4  4  [pointer]
}
_g_st_pfc_driver
20000de8  38  data ,g
struct  {
_g_st_pfc_driver.ADCDataGet
20000de8  4  [pointer]
_g_st_pfc_driver.DutySet
20000dec  4  [pointer]
_g_st_pfc_driver.PWMOutputStop
20000df0  4  [pointer]
_g_st_pfc_driver.PWMOutputStart
20000df4  4  [pointer]
_g_st_pfc_driver.RelayOn
20000df8  4  [pointer]
_g_st_pfc_driver.RelayOff
20000dfc  4  [pointer]
_g_st_pfc_driver.OverheatCheck
20000e00  4  [pointer]
_g_st_pfc_driver.f4_ad_vac_per_digit
20000e04  4  float
_g_st_pfc_driver.f4_ad_vdc_per_digit
20000e08  4  float
_g_st_pfc_driver.f4_ad_crnt_per_digit
20000e0c  4  float
_g_st_pfc_driver.f4_pwm_period_cnt
20000e10  4  float
_g_st_pfc_driver.s2_input_volt_offset
20000e14  2  short
_g_st_pfc_driver.s2_bus_volt_offset
20000e16  2  short
_g_st_pfc_driver.s2_pfc_crnt_offset
20000e18  2  short
_g_st_pfc_driver.u2_pwm_valid_max_cnt
20000e1a  2  unsigned short
_g_st_pfc_driver.u2_pwm_valid_min_cnt
20000e1c  2  unsigned short
}
_g_st_pfc_ctrl
20000e20  80  data ,g
struct  {
_g_st_pfc_ctrl.f4_vac_ad
20000e20  4  float
_g_st_pfc_ctrl.f4_vdc_ad
20000e24  4  float
_g_st_pfc_ctrl.f4_ichp_ad
20000e28  4  float
_g_st_pfc_ctrl.f4_vac_rms
20000e2c  4  float
_g_st_pfc_ctrl.f4_ref_vdc_ctrl
20000e30  4  float
_g_st_pfc_ctrl.f4_ref_ichp_ctrl
20000e34  4  float
_g_st_pfc_ctrl.f4_power_max_limit
20000e38  4  float
_g_st_pfc_ctrl.f4_power_min_limit
20000e3c  4  float
_g_st_pfc_ctrl.f4_power_slope
20000e40  4  float
_g_st_pfc_ctrl.f4_avr_ff_comp_min_limit
20000e44  4  float
_g_st_pfc_ctrl.f4_acr_ff_comp_min_limit
20000e48  4  float
_g_st_pfc_ctrl.u2_duty_ff_softstart_cnt
20000e4c  2  unsigned short
_g_st_pfc_ctrl.u2_duty_ff_softstart_max_cnt
20000e4e  2  unsigned short
_g_st_pfc_ctrl.f4_duty_ff_softstart_up_step
20000e50  4  float
_g_st_pfc_ctrl.f4_duty_ff_comp
20000e54  4  float
_g_st_pfc_ctrl.f4_duty_ff_comp_coef
20000e58  4  float
_g_st_pfc_ctrl.f4_duty
20000e5c  4  float
_g_st_pfc_ctrl.f4_duty_max
20000e60  4  float
_g_st_pfc_ctrl.f4_duty_min
20000e64  4  float
_g_st_pfc_ctrl.f4_avr_pi_output
20000e68  4  float
_g_st_pfc_ctrl.f4_acr_pi_output
20000e6c  4  float
_g_st_pfc_ctrl.st_pi_voltage
20000e70  18
struct  {
_g_st_pfc_ctrl.st_pi_voltage.f4_err
20000e70  4  float
_g_st_pfc_ctrl.st_pi_voltage.f4_kp
20000e74  4  float
_g_st_pfc_ctrl.st_pi_voltage.f4_ki
20000e78  4  float
_g_st_pfc_ctrl.st_pi_voltage.f4_refp
20000e7c  4  float
_g_st_pfc_ctrl.st_pi_voltage.f4_refi
20000e80  4  float
_g_st_pfc_ctrl.st_pi_voltage.f4_ilimit
20000e84  4  float
}
_g_st_pfc_ctrl.st_pi_current
20000e88  18
struct  {
_g_st_pfc_ctrl.st_pi_current.f4_err
20000e88  4  float
_g_st_pfc_ctrl.st_pi_current.f4_kp
20000e8c  4  float
_g_st_pfc_ctrl.st_pi_current.f4_ki
20000e90  4  float
_g_st_pfc_ctrl.st_pi_current.f4_refp
20000e94  4  float
_g_st_pfc_ctrl.st_pi_current.f4_refi
20000e98  4  float
_g_st_pfc_ctrl.st_pi_current.f4_ilimit
20000e9c  4  float
}
}
_g_st_sc
20000ea0  f4  data ,g
struct  {
_g_st_sc.u1_active
20000ea0  1  unsigned char
_g_st_sc.u1_state_speed_ref
20000ea1  1  unsigned char
_g_st_sc.u1_flag_extobserver_use
20000ea2  1  unsigned char
_g_st_sc.u1_flag_fluxwkn_use
20000ea3  1  unsigned char
_g_st_sc.u1_flag_mtpa_use
20000ea4  1  unsigned char
_g_st_sc.u1_state_estmode
20000ea5  1  unsigned char
_g_st_sc.f4_speed_ctrl_period
20000ea8  4  float
_g_st_sc.f4_ref_speed_rad_ctrl
20000eac  4  float
_g_st_sc.f4_ref_speed_rad
20000eb0  4  float
_g_st_sc.f4_ref_speed_rad_manual
20000eb4  4  float
_g_st_sc.f4_speed_rad_ctrl
20000eb8  4  float
_g_st_sc.f4_speed_rad
20000ebc  4  float
_g_st_sc.f4_max_speed_rad
20000ec0  4  float
_g_st_sc.f4_speed_rate_limit_rad
20000ec4  4  float
_g_st_sc.f4_speed_obsrv_rad
20000ec8  4  float
_g_st_sc.f4_id_ref_output
20000ecc  4  float
_g_st_sc.f4_iq_ref_output
20000ed0  4  float
_g_st_sc.f4_va_max
20000ed4  4  float
_g_st_sc.f4_id_ad
20000ed8  4  float
_g_st_sc.f4_iq_ad
20000edc  4  float
_g_st_sc.f4_torque_current
20000ee0  4  float
_g_st_sc.f4_max_ta
20000ee4  4  float
_g_st_sc.f4_id_limit
20000ee8  4  float
_g_st_sc.st_motor
20000eec  1c
struct  {
_g_st_sc.st_motor.u2_mtr_pp
20000eec  2  unsigned short
_g_st_sc.st_motor.f4_mtr_r
20000ef0  4  float
_g_st_sc.st_motor.f4_mtr_ld
20000ef4  4  float
_g_st_sc.st_motor.f4_mtr_lq
20000ef8  4  float
_g_st_sc.st_motor.f4_mtr_m
20000efc  4  float
_g_st_sc.st_motor.f4_mtr_j
20000f00  4  float
_g_st_sc.st_motor.f4_nominal_current_rms
20000f04  4  float
}
_g_st_sc.st_pi_speed
20000f08  14
struct  {
_g_st_sc.st_pi_speed.f4_err
20000f08  4  float
_g_st_sc.st_pi_speed.f4_kp
20000f0c  4  float
_g_st_sc.st_pi_speed.f4_ki
20000f10  4  float
_g_st_sc.st_pi_speed.f4_refi
20000f14  4  float
_g_st_sc.st_pi_speed.f4_ilimit
20000f18  4  float
}
_g_st_sc.st_extobs
20000f1c  40
struct  {
_g_st_sc.st_extobs.f4_gain_distb_est
20000f1c  4  float
_g_st_sc.st_extobs.f4_gain_speed_est
20000f20  4  float
_g_st_sc.st_extobs.f4_estimated_distb
20000f24  4  float
_g_st_sc.st_extobs.f4_estimated_speed
20000f28  4  float
_g_st_sc.st_extobs.f4_inertia_kgms2
20000f2c  4  float
_g_st_sc.st_extobs.f4_natural_freq_hz
20000f30  4  float
_g_st_sc.st_extobs.f4_ctrl_period_s
20000f34  4  float
_g_st_sc.st_extobs.f4_nominal_cur_peak
20000f38  4  float
_g_st_sc.st_extobs.f4_nominal_cur
20000f3c  4  float
_g_st_sc.st_extobs.f4_outputlim_start_rad
20000f40  4  float
_g_st_sc.st_extobs.f4_outputlim_end_rad
20000f44  4  float
_g_st_sc.st_extobs.st_lpf
20000f48  14
struct  {
_g_st_sc.st_extobs.st_lpf.f4_pre_output
20000f48  4  float
_g_st_sc.st_extobs.st_lpf.f4_pre_input
20000f4c  4  float
_g_st_sc.st_extobs.st_lpf.f4_omega_t
20000f50  4  float
_g_st_sc.st_extobs.st_lpf.f4_gain_ka
20000f54  4  float
_g_st_sc.st_extobs.st_lpf.f4_gain_kb
20000f58  4  float
}
}
_g_st_sc.st_fluxwkn
20000f5c  20
struct  {
_g_st_sc.st_fluxwkn.p_motor
20000f5c  4  [pointer]
_g_st_sc.st_fluxwkn.f4_ia_max
20000f60  4  float
_g_st_sc.st_fluxwkn.f4_va_max
20000f64  4  float
_g_st_sc.st_fluxwkn.f4_vfw_ratio
20000f68  4  float
_g_st_sc.st_fluxwkn.f4_id_demag
20000f6c  4  float
_g_st_sc.st_fluxwkn.f4_id_min
20000f70  4  float
_g_st_sc.st_fluxwkn.f4_v_fw
20000f74  4  float
_g_st_sc.st_fluxwkn.u2_fw_status
20000f78  2  unsigned short
}
_g_st_sc.st_slpf
20000f7c  14
struct  {
_g_st_sc.st_slpf.f4_pre_output
20000f7c  4  float
_g_st_sc.st_slpf.f4_pre_input
20000f80  4  float
_g_st_sc.st_slpf.f4_omega_t
20000f84  4  float
_g_st_sc.st_slpf.f4_gain_ka
20000f88  4  float
_g_st_sc.st_slpf.f4_gain_kb
20000f8c  4  float
}
_g_st_sc.st_mtpa
20000f90  4
struct  {
_g_st_sc.st_mtpa.p_motor
20000f90  4  [pointer]
}
}
_g_st_sensorless_vector
20000f94  130  data ,g
struct  {
_g_st_sensorless_vector.u1_flag_flying_start_use
20000f94  1  unsigned char
_g_st_sensorless_vector.u1_state_speed_ref
20000f95  1  unsigned char
_g_st_sensorless_vector.u1_state_estmode
20000f96  1  unsigned char
_g_st_sensorless_vector.u2_estmode_state_chg_cnt
20000f98  2  unsigned short
_g_st_sensorless_vector.u1_direction
20000f9a  1  unsigned char
_g_st_sensorless_vector.u1_ctrl_loop_mode
20000f9b  1  unsigned char
_g_st_sensorless_vector.u2_error_status
20000f9c  2  unsigned short
_g_st_sensorless_vector.u2_run_mode
20000f9e  2  unsigned short
_g_st_sensorless_vector.f4_vdc_ad
20000fa0  4  float
_g_st_sensorless_vector.f4_pfc_vdc_ad
20000fa4  4  float
_g_st_sensorless_vector.f4_iu_ad
20000fa8  4  float
_g_st_sensorless_vector.f4_iv_ad
20000fac  4  float
_g_st_sensorless_vector.f4_iw_ad
20000fb0  4  float
_g_st_sensorless_vector.f4_overcurrent_limit
20000fb4  4  float
_g_st_sensorless_vector.f4_overvoltage_limit
20000fb8  4  float
_g_st_sensorless_vector.f4_undervoltage_limit
20000fbc  4  float
_g_st_sensorless_vector.f4_overspeed_limit_rad
20000fc0  4  float
_g_st_sensorless_vector.u2_est_timeout_cnt
20000fc4  2  unsigned short
_g_st_sensorless_vector.f4_phase_err_rad_lpf
20000fc8  4  float
_g_st_sensorless_vector.u1_relay_first_on
20000fcc  1  unsigned char
_g_st_sensorless_vector.st_phase_err_lpf
20000fd0  14
struct  {
_g_st_sensorless_vector.st_phase_err_lpf.f4_pre_output
20000fd0  4  float
_g_st_sensorless_vector.st_phase_err_lpf.f4_pre_input
20000fd4  4  float
_g_st_sensorless_vector.st_phase_err_lpf.f4_omega_t
20000fd8  4  float
_g_st_sensorless_vector.st_phase_err_lpf.f4_gain_ka
20000fdc  4  float
_g_st_sensorless_vector.st_phase_err_lpf.f4_gain_kb
20000fe0  4  float
}
_g_st_sensorless_vector.st_current_output
20000fe4  2c
struct  {
_g_st_sensorless_vector.st_current_output.u1_flag_offset_calc
20000fe4  1  unsigned char
_g_st_sensorless_vector.st_current_output.f4_modu
20000fe8  4  float
_g_st_sensorless_vector.st_current_output.f4_modv
20000fec  4  float
_g_st_sensorless_vector.st_current_output.f4_modw
20000ff0  4  float
_g_st_sensorless_vector.st_current_output.f4_neutral_duty
20000ff4  4  float
_g_st_sensorless_vector.st_current_output.f4_va_max
20000ff8  4  float
_g_st_sensorless_vector.st_current_output.f4_ref_id_ctrl
20000ffc  4  float
_g_st_sensorless_vector.st_current_output.f4_speed_rad
20001000  4  float
_g_st_sensorless_vector.st_current_output.f4_ed
20001004  4  float
_g_st_sensorless_vector.st_current_output.f4_eq
20001008  4  float
_g_st_sensorless_vector.st_current_output.f4_phase_err_rad
2000100c  4  float
}
_g_st_sensorless_vector.st_speed_output
20001010  10
struct  {
_g_st_sensorless_vector.st_speed_output.f4_id_ref
20001010  4  float
_g_st_sensorless_vector.st_speed_output.f4_iq_ref
20001014  4  float
_g_st_sensorless_vector.st_speed_output.f4_ref_speed_rad_ctrl
20001018  4  float
_g_st_sensorless_vector.st_speed_output.f4_speed_rad_lpf
2000101c  4  float
}
_g_st_sensorless_vector.st_stm
20001020  6
struct  {
_g_st_sensorless_vector.st_stm.u1_status
20001020  1  unsigned char
_g_st_sensorless_vector.st_stm.u1_status_next
20001021  1  unsigned char
_g_st_sensorless_vector.st_stm.u2_error_status
20001022  2  unsigned short
_g_st_sensorless_vector.st_stm.u1_current_event
20001024  1  unsigned char
}
_g_st_sensorless_vector.st_motor
20001028  1c
struct  {
_g_st_sensorless_vector.st_motor.u2_mtr_pp
20001028  2  unsigned short
_g_st_sensorless_vector.st_motor.f4_mtr_r
2000102c  4  float
_g_st_sensorless_vector.st_motor.f4_mtr_ld
20001030  4  float
_g_st_sensorless_vector.st_motor.f4_mtr_lq
20001034  4  float
_g_st_sensorless_vector.st_motor.f4_mtr_m
20001038  4  float
_g_st_sensorless_vector.st_motor.f4_mtr_j
2000103c  4  float
_g_st_sensorless_vector.st_motor.f4_nominal_current_rms
20001040  4  float
}
_g_st_sensorless_vector.st_flystart
20001044  74
struct  {
_g_st_sensorless_vector.st_flystart.f4_iu_ad
20001044  4  float
_g_st_sensorless_vector.st_flystart.f4_iv_ad
20001048  4  float
_g_st_sensorless_vector.st_flystart.f4_iw_ad
2000104c  4  float
_g_st_sensorless_vector.st_flystart.f4_ia_ad
20001050  4  float
_g_st_sensorless_vector.st_flystart.f4_ib_ad
20001054  4  float
_g_st_sensorless_vector.st_flystart.f4_current_mag
20001058  4  float
_g_st_sensorless_vector.st_flystart.f4_ia_ad1st
2000105c  4  float
_g_st_sensorless_vector.st_flystart.f4_ib_ad1st
20001060  4  float
_g_st_sensorless_vector.st_flystart.f4_ia_ad2nd
20001064  4  float
_g_st_sensorless_vector.st_flystart.f4_ib_ad2nd
20001068  4  float
_g_st_sensorless_vector.st_flystart.f4_id_ad
2000106c  4  float
_g_st_sensorless_vector.st_flystart.f4_iq_ad
20001070  4  float
_g_st_sensorless_vector.st_flystart.f4_angle1st
20001074  4  float
_g_st_sensorless_vector.st_flystart.f4_angle2nd
20001078  4  float
_g_st_sensorless_vector.st_flystart.f4_omega_e_ini
2000107c  4  float
_g_st_sensorless_vector.st_flystart.f4_omega_m_ini
20001080  4  float
_g_st_sensorless_vector.st_flystart.f4_angle_dq
20001084  4  float
_g_st_sensorless_vector.st_flystart.f4_angle_e_ini
20001088  4  float
_g_st_sensorless_vector.st_flystart.f4_angle_rotate
2000108c  4  float
_g_st_sensorless_vector.st_flystart.f4_emf_volt
20001090  4  float
_g_st_sensorless_vector.st_flystart.f4_restart_speed
20001094  4  float
_g_st_sensorless_vector.st_flystart.f4_ctrl_period
20001098  4  float
_g_st_sensorless_vector.st_flystart.f4_on_time
2000109c  4  float
_g_st_sensorless_vector.st_flystart.f4_off_time
200010a0  4  float
_g_st_sensorless_vector.st_flystart.f4_on_current_th
200010a4  4  float
_g_st_sensorless_vector.st_flystart.u2_time_cnt
200010a8  2  unsigned short
_g_st_sensorless_vector.st_flystart.u2_on_time_cnt
200010aa  2  unsigned short
_g_st_sensorless_vector.st_flystart.u2_off_time_cnt
200010ac  2  unsigned short
_g_st_sensorless_vector.st_flystart.u2_over_time_cnt
200010ae  2  unsigned short
_g_st_sensorless_vector.st_flystart.u2_active_brake_time_cnt
200010b0  2  unsigned short
_g_st_sensorless_vector.st_flystart.u1_state
200010b2  1  unsigned char
_g_st_sensorless_vector.st_flystart.u1_action
200010b3  1  unsigned char
_g_st_sensorless_vector.st_flystart.p_st_motor
200010b4  4  [pointer]
}
_g_st_sensorless_vector.p_st_driver
200010b8  4  [pointer]
_g_st_sensorless_vector.p_st_cc
200010bc  4  [pointer]
_g_st_sensorless_vector.p_st_sc
200010c0  4  [pointer]
}
_g_st_driver
200010c4  28  data ,g
struct  {
_g_st_driver.ADCDataGet
200010c4  4  [pointer]
_g_st_driver.BLDCDutySet
200010c8  4  [pointer]
_g_st_driver.BLDCZeroDutySet
200010cc  4  [pointer]
_g_st_driver.BLDCCompareDutySet
200010d0  4  [pointer]
_g_st_driver.PWMOutputStop
200010d4  4  [pointer]
_g_st_driver.PWMOutputStart
200010d8  4  [pointer]
_g_st_driver.f4_ad_crnt_per_digit
200010dc  4  float
_g_st_driver.f4_ad_vdc_per_digit
200010e0  4  float
_g_st_driver.f4_pwm_period_cnt
200010e4  4  float
_g_st_driver.f4_pwm_dead_time_cnt
200010e8  4  float
}
_id_table
2000057c  34  data ,g
_iq_table
20000548  34  data ,g
_ld_table
200002a4  2a4  data ,g
_lq_table
20000000  2a4  data ,g
_g_st_cc
200010ec  70c  data ,g
struct  {
_g_st_cc.u1_active
200010ec  1  unsigned char
_g_st_cc.u1_flag_volt_err_comp_use
200010ed  1  unsigned char
_g_st_cc.u1_state_estmode
200010ee  1  unsigned char
_g_st_cc.u1_flag_stall_detection_use
200010ef  1  unsigned char
_g_st_cc.u1_flag_trq_vibration_comp_use
200010f0  1  unsigned char
_g_st_cc.u1_flag_offset_calc
200010f1  1  unsigned char
_g_st_cc.u2_offset_calc_time
200010f2  2  unsigned short
_g_st_cc.u2_crnt_offset_cnt
200010f4  2  unsigned short
_g_st_cc.f4_ctrl_period
200010f8  4  float
_g_st_cc.f4_refu
200010fc  4  float
_g_st_cc.f4_refv
20001100  4  float
_g_st_cc.f4_refw
20001104  4  float
_g_st_cc.f4_vd_ref
20001108  4  float
_g_st_cc.f4_vq_ref
2000110c  4  float
_g_st_cc.f4_vd_ref2
20001110  4  float
_g_st_cc.f4_id_ref
20001114  4  float
_g_st_cc.f4_iq_ref
20001118  4  float
_g_st_cc.f4_id_ad
2000111c  4  float
_g_st_cc.f4_iq_ad
20001120  4  float
_g_st_cc.f4_id_ad2
20001124  4  float
_g_st_cc.f4_iq_ad2
20001128  4  float
_g_st_cc.f4_lim_iq
2000112c  4  float
_g_st_cc.f4_offset_iu
20001130  4  float
_g_st_cc.f4_offset_iw
20001134  4  float
_g_st_cc.f4_sum_iu_ad
20001138  4  float
_g_st_cc.f4_sum_iw_ad
2000113c  4  float
_g_st_cc.f4_vdc_ad
20001140  4  float
_g_st_cc.f4_iu_ad
20001144  4  float
_g_st_cc.f4_iv_ad
20001148  4  float
_g_st_cc.f4_iw_ad
2000114c  4  float
_g_st_cc.f4_modu
20001150  4  float
_g_st_cc.f4_modv
20001154  4  float
_g_st_cc.f4_modw
20001158  4  float
_g_st_cc.f4_speed_rad
2000115c  4  float
_g_st_cc.f4_ref_id_ctrl
20001160  4  float
_g_st_cc.f4_ref_iq_ctrl
20001164  4  float
_g_st_cc.f4_va_max
20001168  4  float
_g_st_cc.f4_ed
2000116c  4  float
_g_st_cc.f4_eq
20001170  4  float
_g_st_cc.f4_phase_err_rad
20001174  4  float
_g_st_cc.f4_ref_speed_rad_ctrl
20001178  4  float
_g_st_cc.st_mod
2000117c  18
struct  {
_g_st_cc.st_mod.f4_vdc
2000117c  4  float
_g_st_cc.st_mod.f4_1_div_vdc
20001180  4  float
_g_st_cc.st_mod.f4_voltage_error_ratio
20001184  4  float
_g_st_cc.st_mod.f4_max_duty
20001188  4  float
_g_st_cc.st_mod.f4_min_duty
2000118c  4  float
_g_st_cc.st_mod.f4_neutral_duty
20001190  4  float
}
_g_st_cc.st_volt_comp
20001194  74
struct  {
_g_st_cc.st_volt_comp.f4_comp_v
20001194  14  float
_g_st_cc.st_volt_comp.f4_comp_i
200011a8  14  float
_g_st_cc.st_volt_comp.f4_slope
200011bc  18  float
_g_st_cc.st_volt_comp.f4_intcept
200011d4  18  float
_g_st_cc.st_volt_comp.f4_volt_comp_array
200011ec  c  float
_g_st_cc.st_volt_comp.f4_vdc
200011f8  4  float
_g_st_cc.st_volt_comp.f4_volt_comp_limit
200011fc  4  float
_g_st_cc.st_volt_comp.f4_volt_comp_limit_ratio
20001200  4  float
_g_st_cc.st_volt_comp.u1_volt_err_comp_enable
20001204  1  unsigned char
_g_st_cc.st_volt_comp.u1_volt_comp_use_motor_type
20001205  1  unsigned char
}
_g_st_cc.st_bemf_observer
20001208  40
struct  {
_g_st_cc.st_bemf_observer.f4_dt
20001208  4  float
_g_st_cc.st_bemf_observer.p_st_motor
2000120c  4  [pointer]
_g_st_cc.st_bemf_observer.st_d_axis
20001210  1c
struct  {
_g_st_cc.st_bemf_observer.st_d_axis.f4_k_e_obs_1
20001210  4  float
_g_st_cc.st_bemf_observer.st_d_axis.f4_k_e_obs_2
20001214  4  float
_g_st_cc.st_bemf_observer.st_d_axis.f4_i_pre
20001218  4  float
_g_st_cc.st_bemf_observer.st_d_axis.f4_i_est_pre
2000121c  4  float
_g_st_cc.st_bemf_observer.st_d_axis.f4_d_est
20001220  4  float
_g_st_cc.st_bemf_observer.st_d_axis.f4_d_est_pre
20001224  4  float
_g_st_cc.st_bemf_observer.st_d_axis.f4_d_est_limit
20001228  4  float
}
_g_st_cc.st_bemf_observer.st_q_axis
2000122c  1c
struct  {
_g_st_cc.st_bemf_observer.st_q_axis.f4_k_e_obs_1
2000122c  4  float
_g_st_cc.st_bemf_observer.st_q_axis.f4_k_e_obs_2
20001230  4  float
_g_st_cc.st_bemf_observer.st_q_axis.f4_i_pre
20001234  4  float
_g_st_cc.st_bemf_observer.st_q_axis.f4_i_est_pre
20001238  4  float
_g_st_cc.st_bemf_observer.st_q_axis.f4_d_est
2000123c  4  float
_g_st_cc.st_bemf_observer.st_q_axis.f4_d_est_pre
20001240  4  float
_g_st_cc.st_bemf_observer.st_q_axis.f4_d_est_limit
20001244  4  float
}
}
_g_st_cc.st_pll_est
20001248  c
struct  {
_g_st_cc.st_pll_est.f4_kp_est_speed
20001248  4  float
_g_st_cc.st_pll_est.f4_ki_est_speed
2000124c  4  float
_g_st_cc.st_pll_est.f4_i_est_speed
20001250  4  float
}
_g_st_cc.st_pll_est_low
20001254  c
struct  {
_g_st_cc.st_pll_est_low.f4_kp_est_speed
20001254  4  float
_g_st_cc.st_pll_est_low.f4_ki_est_speed
20001258  4  float
_g_st_cc.st_pll_est_low.f4_i_est_speed
2000125c  4  float
}
_g_st_cc.st_pi_id
20001260  14
struct  {
_g_st_cc.st_pi_id.f4_err
20001260  4  float
_g_st_cc.st_pi_id.f4_kp
20001264  4  float
_g_st_cc.st_pi_id.f4_ki
20001268  4  float
_g_st_cc.st_pi_id.f4_refi
2000126c  4  float
_g_st_cc.st_pi_id.f4_ilimit
20001270  4  float
}
_g_st_cc.st_pi_iq
20001274  14
struct  {
_g_st_cc.st_pi_iq.f4_err
20001274  4  float
_g_st_cc.st_pi_iq.f4_kp
20001278  4  float
_g_st_cc.st_pi_iq.f4_ki
2000127c  4  float
_g_st_cc.st_pi_iq.f4_refi
20001280  4  float
_g_st_cc.st_pi_iq.f4_ilimit
20001284  4  float
}
_g_st_cc.st_rotor_angle
20001288  c
struct  {
_g_st_cc.st_rotor_angle.f4_rotor_angle_rad
20001288  4  float
_g_st_cc.st_rotor_angle.f4_sin
2000128c  4  float
_g_st_cc.st_rotor_angle.f4_cos
20001290  4  float
}
_g_st_cc.st_rotor_angle_phasecomp
20001294  c
struct  {
_g_st_cc.st_rotor_angle_phasecomp.f4_rotor_angle_rad
20001294  4  float
_g_st_cc.st_rotor_angle_phasecomp.f4_sin
20001298  4  float
_g_st_cc.st_rotor_angle_phasecomp.f4_cos
2000129c  4  float
}
_g_st_cc.st_motor
200012a0  1c
struct  {
_g_st_cc.st_motor.u2_mtr_pp
200012a0  2  unsigned short
_g_st_cc.st_motor.f4_mtr_r
200012a4  4  float
_g_st_cc.st_motor.f4_mtr_ld
200012a8  4  float
_g_st_cc.st_motor.f4_mtr_lq
200012ac  4  float
_g_st_cc.st_motor.f4_mtr_m
200012b0  4  float
_g_st_cc.st_motor.f4_mtr_j
200012b4  4  float
_g_st_cc.st_motor.f4_nominal_current_rms
200012b8  4  float
}
_g_st_cc.st_lowspd
200012bc  e0
struct  {
_g_st_cc.st_lowspd.f4_ctrl_period
200012bc  4  float
_g_st_cc.st_lowspd.f4_pulse_inj_interval
200012c0  4  float
_g_st_cc.st_lowspd.f4_ld_pulse
200012c4  4  float
_g_st_cc.st_lowspd.f4_lq_pulse
200012c8  4  float
_g_st_cc.st_lowspd.f4_volt_pulse_inj
200012cc  4  float
_g_st_cc.st_lowspd.f4_vd_ref_pulse_inj
200012d0  4  float
_g_st_cc.st_lowspd.u1_pulse_freq
200012d4  1  unsigned char
_g_st_cc.st_lowspd.u1_pulse_cnt
200012d5  1  unsigned char
_g_st_cc.st_lowspd.u1_pulse_sign
200012d6  1  unsigned char
_g_st_cc.st_lowspd.f4_PF
200012d8  4  float
_g_st_cc.st_lowspd.f4_array_id_p
200012dc  20  float
_g_st_cc.st_lowspd.f4_array_id_n
200012fc  20  float
_g_st_cc.st_lowspd.f4_array_iq_p
2000131c  20  float
_g_st_cc.st_lowspd.f4_array_iq_n
2000133c  20  float
_g_st_cc.st_lowspd.f4_id_peak_p
2000135c  4  float
_g_st_cc.st_lowspd.f4_id_peak_n
20001360  4  float
_g_st_cc.st_lowspd.f4_id_ad_ave
20001364  4  float
_g_st_cc.st_lowspd.f4_iq_ad_ave
20001368  4  float
_g_st_cc.st_lowspd.f4_delt_id
2000136c  4  float
_g_st_cc.st_lowspd.f4_delt_iq
20001370  4  float
_g_st_cc.st_lowspd.f4_delta_ang
20001374  4  float
_g_st_cc.st_lowspd.u1_PF_start_cnt
20001378  1  unsigned char
_g_st_cc.st_lowspd.u1_cur_chg_cnt
20001379  1  unsigned char
_g_st_cc.st_lowspd.u1_div_ang_cnt
2000137a  1  unsigned char
_g_st_cc.st_lowspd.u1_pf_calculated
2000137b  1  unsigned char
_g_st_cc.st_lowspd.u1_posest_calculated
2000137c  1  unsigned char
_g_st_cc.st_lowspd.f4_pf_last_idc_plus
20001380  4  float
_g_st_cc.st_lowspd.f4_pf_last_idc_minus
20001384  4  float
_g_st_cc.st_lowspd.f4_highspd_threshold
20001388  4  float
_g_st_cc.st_lowspd.f4_lowspd_threshold
2000138c  4  float
_g_st_cc.st_lowspd.u2_ang_est_count
20001390  2  unsigned short
_g_st_cc.st_lowspd.f4_div_ang
20001394  4  float
_g_st_cc.st_lowspd.f4_last_ang
20001398  4  float
}
_g_st_cc.st_stalldet
2000139c  1c
struct  {
_g_st_cc.st_stalldet.f4_threshold_level
2000139c  4  float
_g_st_cc.st_stalldet.f4_id_hpf_time
200013a0  4  float
_g_st_cc.st_stalldet.f4_iq_hpf_time
200013a4  4  float
_g_st_cc.st_stalldet.f4_threshold_time
200013a8  4  float
_g_st_cc.st_stalldet.f4_id_current_abs_val
200013ac  4  float
_g_st_cc.st_stalldet.f4_iq_current_abs_val
200013b0  4  float
_g_st_cc.st_stalldet.u1_stall_detected
200013b4  1  unsigned char
}
_g_st_cc.st_trqvib_comp
200013b8  440
struct  {
_g_st_cc.st_trqvib_comp.u1_flag_trqvib_comp_learning
200013b8  1  unsigned char
_g_st_cc.st_trqvib_comp.u2_motor_pp
200013ba  2  unsigned short
_g_st_cc.st_trqvib_comp.u2_k2_timelead
200013bc  2  unsigned short
_g_st_cc.st_trqvib_comp.s2_last_index
200013be  2  short
_g_st_cc.st_trqvib_comp.s2_last_index_comp
200013c0  2  short
_g_st_cc.st_trqvib_comp.f4_angle_rad_machine
200013c4  4  float
_g_st_cc.st_trqvib_comp.f4_angle_electric_last
200013c8  4  float
_g_st_cc.st_trqvib_comp.f4_repetitive_table
200013cc  400  float
_g_st_cc.st_trqvib_comp.f4_last_spd_ref
200017cc  4  float
_g_st_cc.st_trqvib_comp.f4_last_spd_det
200017d0  4  float
_g_st_cc.st_trqvib_comp.f4_last_spd_comp
200017d4  4  float
_g_st_cc.st_trqvib_comp.f4_output_gain
200017d8  4  float
_g_st_cc.st_trqvib_comp.f4_input_weight2
200017dc  4  float
_g_st_cc.st_trqvib_comp.f4_input_weight1
200017e0  4  float
_g_st_cc.st_trqvib_comp.f4_input_weight0
200017e4  4  float
_g_st_cc.st_trqvib_comp.f4_tf_lpf_buf_x
200017e8  4  float
_g_st_cc.st_trqvib_comp.f4_tf_lpf_buf_y
200017ec  4  float
_g_st_cc.st_trqvib_comp.f4_tf_lpf_time
200017f0  4  float
_g_st_cc.st_trqvib_comp.f4_tf_output
200017f4  4  float
}
}
_g_u1_trq_vibration_comp_update_flag
200017f8  1  data ,g
_g_external_irq2_ctrl
20001804  10  data ,g
struct  {
_g_external_irq2_ctrl.open
20001804  4  unsigned long
_g_external_irq2_ctrl.irq
20001808  1  enum
_g_external_irq2_ctrl.channel
20001809  1  unsigned char
_g_external_irq2_ctrl.p_callback
2000180c  4  [pointer]
_g_external_irq2_ctrl.p_context
20001810  4  [pointer]
}
_g_ioport_ctrl
200017fc  8  data ,g
struct  {
_g_ioport_ctrl.open
200017fc  4  unsigned long
_g_ioport_ctrl.p_context
20001800  4  [pointer]
}
_g_timer0_ctrl
00000000  20  data ,g
struct  {
_g_timer0_ctrl.open
00000000  4  unsigned long
_g_timer0_ctrl.p_cfg
00000004  4  [pointer]
_g_timer0_ctrl.p_reg
00000008  4  [pointer]
_g_timer0_ctrl.channel_mask
0000000c  4  unsigned long
_g_timer0_ctrl.variant
00000010  1  enum
_g_timer0_ctrl.p_callback
00000014  4  [pointer]
_g_timer0_ctrl.p_callback_memory
00000018  4  [pointer]
_g_timer0_ctrl.p_context
0000001c  4  [pointer]
}
_g_agt1_ctrl
20001910  20  data ,g
struct  {
_g_agt1_ctrl.open
20001910  4  unsigned long
_g_agt1_ctrl.p_cfg
20001914  4  [pointer]
_g_agt1_ctrl.p_reg
20001918  4  [pointer]
_g_agt1_ctrl.is_agtw
2000191c  1  _Bool
_g_agt1_ctrl.period
20001920  4  unsigned long
_g_agt1_ctrl.p_callback
20001924  4  [pointer]
_g_agt1_ctrl.p_callback_memory
20001928  4  [pointer]
_g_agt1_ctrl.p_context
2000192c  4  [pointer]
}
_g_timer_gpt1_ctrl
200018f0  20  data ,g
struct  {
_g_timer_gpt1_ctrl.open
200018f0  4  unsigned long
_g_timer_gpt1_ctrl.p_cfg
200018f4  4  [pointer]
_g_timer_gpt1_ctrl.p_reg
200018f8  4  [pointer]
_g_timer_gpt1_ctrl.channel_mask
200018fc  4  unsigned long
_g_timer_gpt1_ctrl.variant
20001900  1  enum
_g_timer_gpt1_ctrl.p_callback
20001904  4  [pointer]
_g_timer_gpt1_ctrl.p_callback_memory
20001908  4  [pointer]
_g_timer_gpt1_ctrl.p_context
2000190c  4  [pointer]
}
_g_agt0_ctrl
200018d0  20  data ,g
struct  {
_g_agt0_ctrl.open
200018d0  4  unsigned long
_g_agt0_ctrl.p_cfg
200018d4  4  [pointer]
_g_agt0_ctrl.p_reg
200018d8  4  [pointer]
_g_agt0_ctrl.is_agtw
200018dc  1  _Bool
_g_agt0_ctrl.period
200018e0  4  unsigned long
_g_agt0_ctrl.p_callback
200018e4  4  [pointer]
_g_agt0_ctrl.p_callback_memory
200018e8  4  [pointer]
_g_agt0_ctrl.p_context
200018ec  4  [pointer]
}
_g_poeg3_ctrl
200018b8  18  data ,g
struct  {
_g_poeg3_ctrl.open
200018b8  4  unsigned long
_g_poeg3_ctrl.p_cfg
200018bc  4  [pointer]
_g_poeg3_ctrl.p_reg
200018c0  4  [pointer]
_g_poeg3_ctrl.p_callback
200018c4  4  [pointer]
_g_poeg3_ctrl.p_callback_memory
200018c8  4  [pointer]
_g_poeg3_ctrl.p_context
200018cc  4  [pointer]
}
_g_timer_gpt6_ctrl
20001898  20  data ,g
struct  {
_g_timer_gpt6_ctrl.open
20001898  4  unsigned long
_g_timer_gpt6_ctrl.p_cfg
2000189c  4  [pointer]
_g_timer_gpt6_ctrl.p_reg
200018a0  4  [pointer]
_g_timer_gpt6_ctrl.channel_mask
200018a4  4  unsigned long
_g_timer_gpt6_ctrl.variant
200018a8  1  enum
_g_timer_gpt6_ctrl.p_callback
200018ac  4  [pointer]
_g_timer_gpt6_ctrl.p_callback_memory
200018b0  4  [pointer]
_g_timer_gpt6_ctrl.p_context
200018b4  4  [pointer]
}
_g_timer_gpt5_ctrl
20001878  20  data ,g
struct  {
_g_timer_gpt5_ctrl.open
20001878  4  unsigned long
_g_timer_gpt5_ctrl.p_cfg
2000187c  4  [pointer]
_g_timer_gpt5_ctrl.p_reg
20001880  4  [pointer]
_g_timer_gpt5_ctrl.channel_mask
20001884  4  unsigned long
_g_timer_gpt5_ctrl.variant
20001888  1  enum
_g_timer_gpt5_ctrl.p_callback
2000188c  4  [pointer]
_g_timer_gpt5_ctrl.p_callback_memory
20001890  4  [pointer]
_g_timer_gpt5_ctrl.p_context
20001894  4  [pointer]
}
_g_timer_gpt4_ctrl
20001858  20  data ,g
struct  {
_g_timer_gpt4_ctrl.open
20001858  4  unsigned long
_g_timer_gpt4_ctrl.p_cfg
2000185c  4  [pointer]
_g_timer_gpt4_ctrl.p_reg
20001860  4  [pointer]
_g_timer_gpt4_ctrl.channel_mask
20001864  4  unsigned long
_g_timer_gpt4_ctrl.variant
20001868  1  enum
_g_timer_gpt4_ctrl.p_callback
2000186c  4  [pointer]
_g_timer_gpt4_ctrl.p_callback_memory
20001870  4  [pointer]
_g_timer_gpt4_ctrl.p_context
20001874  4  [pointer]
}
_g_three_phase0_ctrl
2000183c  1c  data ,g
struct  {
_g_three_phase0_ctrl.open
2000183c  4  unsigned long
_g_three_phase0_ctrl.p_reg
20001840  c  [pointer]
_g_three_phase0_ctrl.channel_mask
2000184c  4  unsigned long
_g_three_phase0_ctrl.buffer_mode
20001850  1  enum
_g_three_phase0_ctrl.p_cfg
20001854  4  [pointer]
}
_g_adc0_ctrl
20001814  28  data ,g
struct  {
_g_adc0_ctrl.adc_state
20001814  1  enum
_g_adc0_ctrl.cached_adtrgenr
20001818  4  unsigned long
_g_adc0_ctrl.cached_adsystr
2000181c  4  unsigned long
_g_adc0_ctrl.trigger_disable_wait_cycles
20001820  4  unsigned long
_g_adc0_ctrl.p_cfg
20001824  4  [pointer]
_g_adc0_ctrl.p_callback
20001828  4  [pointer]
_g_adc0_ctrl.p_callback_memory
2000182c  4  [pointer]
_g_adc0_ctrl.p_context
20001830  4  [pointer]
_g_adc0_ctrl.initialized
20001834  4  unsigned long
_g_adc0_ctrl.opened
20001838  4  unsigned long
}
_g_bsp_group_irq_sources
20001938  40  data ,g
_g_protect_pfswe_counter
20001978  4  data ,g
_gp_renesas_isr_context
2000197c  180  data ,g
_g_protect_counters
20001afc  8  data ,g
_SystemCoreClock
20001b04  4  data ,g
_g_f4_stalldet_id_ave
20001ba0  4  data ,g
_g_f4_stalldet_iq_ave
20001b9c  4  data ,g
_g_f4_stalldet_id_hbf_abs_sum
20001b98  4  data ,g
_g_f4_stalldet_iq_hbf_abs_sum
20001b94  4  data ,g
_g_f4_last_values
20001bac  c  data ,g
_g_s2_last_index
20001ba4  6  data ,g
