Extracting support files...
[ERROR] Toolchain configured for project is not currently available. Please add/enable toolchain through Renesas Toolchain Management or select a different toolchain for this project.
17:13:10 **** Incremental Build of configuration Debug for project RA6T2_MCIHV1_IPM_LESS_FOC_WHOLE_PFC_E2S_V100 ****
make -r -j8 all 
make --no-print-directory main-build
Building file: ../src/application/system_module/system_manager/r_system_manager_api.c
Building file: ../src/application/user_interface/ics/r_mtr_ics.c
Building file: ../src/application/motor_module/speed/r_motor_speed.c
Building file: ../src/application/motor_module/speed/r_motor_speed_pi_gain_calc.c
Building file: ../src/application/motor_module/speed/r_motor_speed_api.c
Building file: ../src/application/motor_module/sensorless_vector/r_motor_sensorless_vector_api.c
Building file: ../src/application/motor_module/sensorless_vector/r_motor_sensorless_vector_action.c
Building file: ../src/application/motor_module/sensorless_vector/r_motor_sensorless_vector_manager.c
In file included from ../src/application/motor_module/sensorless_vector/r_motor_sensorless_vector_manager.h:37,
                 from ../src/application/motor_module/sensorless_vector/r_motor_sensorless_vector_manager.c:37:
../src/application/motor_module/sensorless_vector/r_motor_sensorless_vector_manager.c: In function 'motor_sensorless_vector_default_init':
C:/Users/a5143778/Documents/MC_Greece/MC_Greece/RA6T2_MCIHV1_IPM_LESS_FOC_WHOLE_PFC_E2S_V100/src/application/motor_module/cfg/r_motor_module_cfg.h:110:50: warning: conversion from 'float' to 'uint16_t' {aka 'short unsigned int'} changes value from '4.00000024e+3f' to '4000' [-Wfloat-conversion]
  110 | #define     CURRENT_CFG_ESTLOW_ESTTIME_OVER      (0.4f/MOTOR_COMMON_CTRL_PERIOD)     /* Position convergence period+judgment period */
      |                                                  ^
../src/application/motor_module/sensorless_vector/r_motor_sensorless_vector_manager.c:103:60: note: in expansion of macro 'CURRENT_CFG_ESTLOW_ESTTIME_OVER'
  103 |     p_st_sensorless_vector->u2_est_timeout_cnt           = CURRENT_CFG_ESTLOW_ESTTIME_OVER; /* low speed sensorless */
      |                                                            ^~~~~~~~~~~~~~~~~~~~~~~~~~~~~~~
Building file: ../src/application/motor_module/sensorless_vector/r_motor_sensorless_vector_protection.c
Building file: ../src/application/motor_module/driver/r_motor_driver.c
Building file: ../src/application/motor_module/driver/r_motor_driver_fsp.c
Building file: ../src/application/motor_module/current/r_motor_current.c
Building file: ../src/application/motor_module/current/r_motor_current_api.c
Building file: ../src/application/motor_module/current/r_motor_current_modulation.c
Building file: ../src/application/motor_module/current/r_motor_current_pi_gain_calc.c
Building file: ../src/application/main/mtr_main.c
../src/application/motor_module/driver/r_motor_driver.c:99:6: warning: no previous declaration for 'R_MOTOR_DRIVER_AdcConvert' [-Wmissing-declarations]
   99 | void R_MOTOR_DRIVER_AdcConvert(st_motor_driver_t * p_st_driver,
      |      ^~~~~~~~~~~~~~~~~~~~~~~~~
../src/application/motor_module/current/r_motor_current_api.c: In function 'R_MOTOR_CURRENT_CurrentCyclic':
../src/application/motor_module/current/r_motor_current_api.c:373:31: warning: implicit declaration of function 'sqrt' [-Wimplicit-function-declaration]
  373 |         p_st_cc->f4_ia_max  = sqrt(p_st_cc->f4_id_ad*p_st_cc->f4_id_ad + p_st_cc->f4_iq_ad*p_st_cc->f4_iq_ad);
      |                               ^~~~
../src/application/motor_module/current/r_motor_current_api.c:32:1: note: include '<math.h>' or provide a declaration of 'sqrt'
   31 | #include "r_motor_current.h"
  +++ |+#include <math.h>
   32 | #include "r_motor_current_api.h"
../src/application/motor_module/current/r_motor_current_api.c:373:31: warning: incompatible implicit declaration of built-in function 'sqrt' [-Wbuiltin-declaration-mismatch]
  373 |         p_st_cc->f4_ia_max  = sqrt(p_st_cc->f4_id_ad*p_st_cc->f4_id_ad + p_st_cc->f4_iq_ad*p_st_cc->f4_iq_ad);
      |                               ^~~~
../src/application/motor_module/current/r_motor_current_api.c:373:31: note: include '<math.h>' or provide a declaration of 'sqrt'
../src/application/motor_module/current/r_motor_current_api.c:373:31: warning: conversion from 'double' to 'float' may change value [-Wfloat-conversion]
../src/application/motor_module/current/r_motor_current.c: In function 'motor_current_volt_limit':
../src/application/motor_module/current/r_motor_current.c:210:11: warning: variable 'f4_vd_ref' set but not used [-Wunused-but-set-variable]
  210 |     float f4_vd_ref;
      |           ^~~~~~~~~
../src/application/motor_module/current/r_motor_current.c:209:11: warning: unused variable 'f4_vq_lim' [-Wunused-variable]
  209 |     float f4_vq_lim;
      |           ^~~~~~~~~
Building file: ../ra_gen/hal_data.c
../src/application/main/mtr_main.c: In function 'mtr_main':
../src/application/main/mtr_main.c:94:14: warning: unused variable 'u4_status' [-Wunused-variable]
   94 |     uint32_t u4_status;
      |              ^~~~~~~~~
../src/application/main/mtr_main.c:93:19: warning: unused variable 'st_status' [-Wunused-variable]
   93 |     poeg_status_t st_status;
      |                   ^~~~~~~~~
Building target: RA6T2_MCIHV1_IPM_LESS_FOC_WHOLE_PFC_E2S_V100.elf
arm-none-eabi-objcopy -O srec "RA6T2_MCIHV1_IPM_LESS_FOC_WHOLE_PFC_E2S_V100.elf"  "RA6T2_MCIHV1_IPM_LESS_FOC_WHOLE_PFC_E2S_V100.srec"
arm-none-eabi-size --format=berkeley "RA6T2_MCIHV1_IPM_LESS_FOC_WHOLE_PFC_E2S_V100.elf"
   text	   data	    bss	    dec	    hex	filename
  38880	     88	   8280	  47248	   b890	RA6T2_MCIHV1_IPM_LESS_FOC_WHOLE_PFC_E2S_V100.elf
make --no-print-directory post-build
..\src\application\user_interface\ics\convert.bat RA6T2_MCIHV1_IPM_LESS_FOC_WHOLE_PFC_E2S_V100

C:\Users\a5143778\Documents\MC_Greece\MC_Greece\RA6T2_MCIHV1_IPM_LESS_FOC_WHOLE_PFC_E2S_V100\Debug>set arg1=RA6T2_MCIHV1_IPM_LESS_FOC_WHOLE_PFC_E2S_V100 

C:\Users\a5143778\Documents\MC_Greece\MC_Greece\RA6T2_MCIHV1_IPM_LESS_FOC_WHOLE_PFC_E2S_V100\Debug>arm-none-eabi-objdump.exe -W RA6T2_MCIHV1_IPM_LESS_FOC_WHOLE_PFC_E2S_V100.elf 1>RA6T2_MCIHV1_IPM_LESS_FOC_WHOLE_PFC_E2S_V100.txt 
arm-none-eabi-objdump.exe: Warning: Hole and overlap detection requires adjacent view lists and loclists.
arm-none-eabi-objdump.exe: Warning: There is a hole [0x292 - 0x2aa] in .debug_loc section.
arm-none-eabi-objdump.exe: Warning: There is a hole [0x2b6 - 0x2ce] in .debug_loc section.
arm-none-eabi-objdump.exe: Warning: There is a hole [0x2dc - 0x318] in .debug_loc section.
arm-none-eabi-objdump.exe: Warning: There is a hole [0x322 - 0x32d] in .debug_loc section.
arm-none-eabi-objdump.exe: Warning: There is a hole [0x337 - 0x343] in .debug_loc section.
arm-none-eabi-objdump.exe: Warning: There is a hole [0x34d - 0x35f] in .debug_loc section.
arm-none-eabi-objdump.exe: Warning: There is a hole [0x3b9 - 0x3c5] in .debug_loc section.
arm-none-eabi-objdump.exe: Warning: There is a hole [0x3cf - 0x3db] in .debug_loc section.
arm-none-eabi-objdump.exe: Warning: There is a hole [0x3e7 - 0x405] in .debug_loc section.
arm-none-eabi-objdump.exe: Warning: Hole and overlap detection requires adjacent view lists and loclists.
arm-none-eabi-objdump.exe: Warning: There is a hole [0xcad - 0xccc] in .debug_loc section.
arm-none-eabi-objdump.exe: Warning: There is a hole [0xd1c - 0xd3b] in .debug_loc section.
arm-none-eabi-objdump.exe: Warning: There is a hole [0xd8b - 0xdaa] in .debug_loc section.
arm-none-eabi-objdump.exe: Warning: There is a hole [0xdb6 - 0xdcd] in .debug_loc section.
arm-none-eabi-objdump.exe: Warning: There is a hole [0xe14 - 0xe39] in .debug_loc section.
arm-none-eabi-objdump.exe: Warning: There is a hole [0xe9a - 0xec4] in .debug_loc section.
arm-none-eabi-objdump.exe: Warning: There is a hole [0xfe8 - 0x1007] in .debug_loc section.
arm-none-eabi-objdump.exe: Warning: Hole and overlap detection requires adjacent view lists and loclists.
arm-none-eabi-objdump.exe: Warning: There is a hole [0x18f0 - 0x1908] in .debug_loc section.
arm-none-eabi-objdump.exe: Warning: There is a hole [0x1914 - 0x1934] in .debug_loc section.
arm-none-eabi-objdump.exe: Warning: There is a hole [0x1942 - 0x1978] in .debug_loc section.
arm-none-eabi-objdump.exe: Warning: There is a hole [0x198a - 0x1a0a] in .debug_loc section.
arm-none-eabi-objdump.exe: Warning: There is a hole [0x1a14 - 0x1a20] in .debug_loc section.
arm-none-eabi-objdump.exe: Warning: There is a hole [0x1a2c - 0x1a48] in .debug_loc section.
arm-none-eabi-objdump.exe: Warning: There is a hole [0x1a54 - 0x1a70] in .debug_loc section.
arm-none-eabi-objdump.exe: Warning: There is a hole [0x1a7c - 0x1a98] in .debug_loc section.
arm-none-eabi-objdump.exe: Warning: There is a hole [0x1aa4 - 0x1ad8] in .debug_loc section.
arm-none-eabi-objdump.exe: Warning: There is a hole [0x1ae2 - 0x1af6] in .debug_loc section.
arm-none-eabi-objdump.exe: Warning: There is a hole [0x1b02 - 0x1b18] in .debug_loc section.
arm-none-eabi-objdump.exe: Warning: There is a hole [0x1b2a - 0x1b6d] in .debug_loc section.
arm-none-eabi-objdump.exe: Warning: There is a hole [0x1b7d - 0x1ba9] in .debug_loc section.
arm-none-eabi-objdump.exe: Warning: There is a hole [0x1c28 - 0x1c47] in .debug_loc section.
arm-none-eabi-objdump.exe: Warning: There is a hole [0x1c55 - 0x1c9f] in .debug_loc section.
arm-none-eabi-objdump.exe: Warning: There is a hole [0x1cf7 - 0x1d16] in .debug_loc section.
arm-none-eabi-objdump.exe: Warning: There is a hole [0x1d24 - 0x1d6e] in .debug_loc section.
arm-none-eabi-objdump.exe: Warning: There is a hole [0x1d7a - 0x1d96] in .debug_loc section.
arm-none-eabi-objdump.exe: Warning: There is a hole [0x1da2 - 0x1dba] in .debug_loc section.
arm-none-eabi-objdump.exe: Warning: There is a hole [0x1dc8 - 0x1df2] in .debug_loc section.
arm-none-eabi-objdump.exe: Warning: There is a hole [0x1e00 - 0x1e2a] in .debug_loc section.
arm-none-eabi-objdump.exe: Warning: Hole and overlap detection requires adjacent view lists and loclists.
arm-none-eabi-objdump.exe: Warning: There is a hole [0x2873 - 0x28bb] in .debug_loc section.
arm-none-eabi-objdump.exe: Warning: Hole and overlap detection requires adjacent view lists and loclists.
arm-none-eabi-objdump.exe: Warning: There is a hole [0x28c7 - 0x28df] in .debug_loc section.
arm-none-eabi-objdump.exe: Warning: Hole and overlap detection requires adjacent view lists and loclists.
arm-none-eabi-objdump.exe: Warning: There is a hole [0x3790 - 0x37bc] in .debug_loc section.
arm-none-eabi-objdump.exe: Warning: Hole and overlap detection requires adjacent view lists and loclists.
arm-none-eabi-objdump.exe: Warning: There is a hole [0x38e6 - 0x3910] in .debug_loc section.
arm-none-eabi-objdump.exe: Warning: There is a hole [0x391c - 0x3936] in .debug_loc section.
arm-none-eabi-objdump.exe: Warning: There is a hole [0x3942 - 0x3969] in .debug_loc section.
arm-none-eabi-objdump.exe: Warning: Hole and overlap detection requires adjacent view lists and loclists.
arm-none-eabi-objdump.exe: Warning: There is a hole [0x3b44 - 0x3b70] in .debug_loc section.
arm-none-eabi-objdump.exe: Warning: There is a hole [0x3b80 - 0x3bac] in .debug_loc section.
arm-none-eabi-objdump.exe: Warning: There is a hole [0x3bb8 - 0x3bd2] in .debug_loc section.
arm-none-eabi-objdump.exe: Warning: There is a hole [0x3bde - 0x3c05] in .debug_loc section.
arm-none-eabi-objdump.exe: Warning: There is a hole [0x3c0f - 0x3c1b] in .debug_loc section.
arm-none-eabi-objdump.exe: Warning: There is a hole [0x3c25 - 0x3c34] in .debug_loc section.
arm-none-eabi-objdump.exe: Warning: There is a hole [0x3c40 - 0x3c56] in .debug_loc section.
arm-none-eabi-objdump.exe: Warning: There is a hole [0x3c60 - 0x3c6b] in .debug_loc section.
arm-none-eabi-objdump.exe: Warning: There is a hole [0x3c77 - 0x3c96] in .debug_loc section.
arm-none-eabi-objdump.exe: Warning: There is a hole [0x3ca2 - 0x3cc1] in .debug_loc section.
arm-none-eabi-objdump.exe: Warning: There is a hole [0x3ccf - 0x3cf9] in .debug_loc section.
arm-none-eabi-objdump.exe: Warning: There is a hole [0x3d07 - 0x3d31] in .debug_loc section.
arm-none-eabi-objdump.exe: Warning: There is a hole [0x3d3f - 0x3d69] in .debug_loc section.
arm-none-eabi-objdump.exe: Warning: There is a hole [0x3d77 - 0x3da1] in .debug_loc section.
arm-none-eabi-objdump.exe: Warning: There is a hole [0x3daf - 0x3ddf] in .debug_loc section.
arm-none-eabi-objdump.exe: Warning: There is a hole [0x3ded - 0x3e18] in .debug_loc section.
arm-none-eabi-objdump.exe: Warning: There is a hole [0x3e26 - 0x3e56] in .debug_loc section.
arm-none-eabi-objdump.exe: Warning: There is a hole [0x3e60 - 0x3e75] in .debug_loc section.
arm-none-eabi-objdump.exe: Warning: There is a hole [0x3e81 - 0x3e98] in .debug_loc section.
arm-none-eabi-objdump.exe: Warning: There is a hole [0x3ea2 - 0x3ead] in .debug_loc section.
arm-none-eabi-objdump.exe: Warning: There is a hole [0x3eb7 - 0x3ec3] in .debug_loc section.
arm-none-eabi-objdump.exe: Warning: There is a hole [0x3ecd - 0x3ed8] in .debug_loc section.
arm-none-eabi-objdump.exe: Warning: There is a hole [0x3ee6 - 0x3f16] in .debug_loc section.
arm-none-eabi-objdump.exe: Warning: There is a hole [0x3f24 - 0x3f56] in .debug_loc section.
arm-none-eabi-objdump.exe: Warning: There is a hole [0x3f60 - 0x3f6b] in .debug_loc section.
arm-none-eabi-objdump.exe: Warning: There is a hole [0x3f79 - 0x3fab] in .debug_loc section.
arm-none-eabi-objdump.exe: Warning: There is a hole [0x3fb5 - 0x3fc0] in .debug_loc section.
arm-none-eabi-objdump.exe: Warning: There is a hole [0x3fca - 0x3fd8] in .debug_loc section.
arm-none-eabi-objdump.exe: Warning: Hole and overlap detection requires adjacent view lists and loclists.
arm-none-eabi-objdump.exe: Warning: There is a hole [0x4a95 - 0x4aab] in .debug_loc section.
arm-none-eabi-objdump.exe: Warning: There is a hole [0x4ab7 - 0x4acd] in .debug_loc section.
arm-none-eabi-objdump.exe: Warning: There is a hole [0x4adb - 0x4aff] in .debug_loc section.
arm-none-eabi-objdump.exe: Warning: There is a hole [0x4b0b - 0x4b2a] in .debug_loc section.
arm-none-eabi-objdump.exe: Warning: There is a hole [0x4b36 - 0x4b55] in .debug_loc section.
arm-none-eabi-objdump.exe: Warning: There is a hole [0x4b61 - 0x4b80] in .debug_loc section.
arm-none-eabi-objdump.exe: Warning: There is a hole [0x4b8c - 0x4bab] in .debug_loc section.
arm-none-eabi-objdump.exe: Warning: There is a hole [0x4bb7 - 0x4bd6] in .debug_loc section.
arm-none-eabi-objdump.exe: Warning: Hole and overlap detection requires adjacent view lists and loclists.
arm-none-eabi-objdump.exe: Warning: There is a hole [0x4dfc - 0x4e07] in .debug_loc section.
arm-none-eabi-objdump.exe: Warning: There is a hole [0x4e11 - 0x4e1c] in .debug_loc section.
arm-none-eabi-objdump.exe: Warning: There is a hole [0x4e26 - 0x4e31] in .debug_loc section.
arm-none-eabi-objdump.exe: Warning: There is a hole [0x4e3b - 0x4e46] in .debug_loc section.
arm-none-eabi-objdump.exe: Warning: There is a hole [0x4f1f - 0x4f49] in .debug_loc section.
arm-none-eabi-objdump.exe: Warning: There is a hole [0x4f55 - 0x4f6b] in .debug_loc section.
arm-none-eabi-objdump.exe: Warning: There is a hole [0x4f77 - 0x4f8d] in .debug_loc section.
arm-none-eabi-objdump.exe: Warning: There is a hole [0x4f9d - 0x4fd3] in .debug_loc section.
arm-none-eabi-objdump.exe: Warning: There is a hole [0x4fe3 - 0x5011] in .debug_loc section.
arm-none-eabi-objdump.exe: Warning: There is a hole [0x5021 - 0x504f] in .debug_loc section.
arm-none-eabi-objdump.exe: Warning: There is a hole [0x505b - 0x507b] in .debug_loc section.
arm-none-eabi-objdump.exe: Warning: There is a hole [0x5085 - 0x5090] in .debug_loc section.
arm-none-eabi-objdump.exe: Warning: There is a hole [0x509a - 0x50a5] in .debug_loc section.
arm-none-eabi-objdump.exe: Warning: There is a hole [0x50af - 0x50ba] in .debug_loc section.
arm-none-eabi-objdump.exe: Warning: There is a hole [0x50c4 - 0x50cf] in .debug_loc section.
arm-none-eabi-objdump.exe: Warning: There is a hole [0x50d9 - 0x50e4] in .debug_loc section.
arm-none-eabi-objdump.exe: Warning: There is a hole [0x50ee - 0x50ff] in .debug_loc section.
arm-none-eabi-objdump.exe: Warning: There is a hole [0x5109 - 0x5114] in .debug_loc section.
arm-none-eabi-objdump.exe: Warning: There is a hole [0x5459 - 0x548c] in .debug_loc section.
arm-none-eabi-objdump.exe: Warning: There is a hole [0x5498 - 0x54af] in .debug_loc section.
arm-none-eabi-objdump.exe: Warning: There is a hole [0x54bb - 0x54d2] in .debug_loc section.
arm-none-eabi-objdump.exe: Warning: There is a hole [0x54dc - 0x54e7] in .debug_loc section.
arm-none-eabi-objdump.exe: Warning: There is a hole [0x54f1 - 0x54fd] in .debug_loc section.
arm-none-eabi-objdump.exe: Warning: There is a hole [0x5507 - 0x5512] in .debug_loc section.
arm-none-eabi-objdump.exe: Warning: There is a hole [0x551c - 0x5528] in .debug_loc section.
arm-none-eabi-objdump.exe: Warning: There is a hole [0x5532 - 0x553d] in .debug_loc section.
arm-none-eabi-objdump.exe: Warning: There is a hole [0x5547 - 0x5556] in .debug_loc section.
arm-none-eabi-objdump.exe: Warning: There is a hole [0x5560 - 0x5571] in .debug_loc section.
arm-none-eabi-objdump.exe: Warning: There is a hole [0x583a - 0x5878] in .debug_loc section.
arm-none-eabi-objdump.exe: Warning: There is a hole [0x5888 - 0x58c6] in .debug_loc section.
arm-none-eabi-objdump.exe: Warning: There is a hole [0x58d8 - 0x5927] in .debug_loc section.
arm-none-eabi-objdump.exe: Warning: There is a hole [0x5937 - 0x5975] in .debug_loc section.
arm-none-eabi-objdump.exe: Warning: There is a hole [0x5985 - 0x59c3] in .debug_loc section.
arm-none-eabi-objdump.exe: Warning: There is a hole [0x59d3 - 0x5a01] in .debug_loc section.
arm-none-eabi-objdump.exe: Warning: There is a hole [0x5a0b - 0x5a22] in .debug_loc section.
arm-none-eabi-objdump.exe: Warning: There is a hole [0x5a2e - 0x5a53] in .debug_loc section.
arm-none-eabi-objdump.exe: Warning: There is a hole [0x5a5f - 0x5a8a] in .debug_loc section.
arm-none-eabi-objdump.exe: Warning: There is a hole [0x5a94 - 0x5aa0] in .debug_loc section.
arm-none-eabi-objdump.exe: Warning: There is a hole [0x5aaa - 0x5ab5] in .debug_loc section.
arm-none-eabi-objdump.exe: Warning: There is a hole [0x5abf - 0x5acb] in .debug_loc section.
arm-none-eabi-objdump.exe: Warning: There is a hole [0x5ad5 - 0x5ae0] in .debug_loc section.
arm-none-eabi-objdump.exe: Warning: There is a hole [0x5aea - 0x5af5] in .debug_loc section.
arm-none-eabi-objdump.exe: Warning: There is a hole [0x5aff - 0x5b0b] in .debug_loc section.
arm-none-eabi-objdump.exe: Warning: There is a hole [0x5b15 - 0x5b20] in .debug_loc section.
arm-none-eabi-objdump.exe: Warning: There is a hole [0x5b2c - 0x5b4b] in .debug_loc section.
arm-none-eabi-objdump.exe: Warning: There is a hole [0x5b57 - 0x5b76] in .debug_loc section.
arm-none-eabi-objdump.exe: Warning: There is a hole [0x5b84 - 0x5bad] in .debug_loc section.
arm-none-eabi-objdump.exe: Warning: There is a hole [0x5ca9 - 0x5cc8] in .debug_loc section.
arm-none-eabi-objdump.exe: Warning: There is a hole [0x5cd4 - 0x5cf3] in .debug_loc section.
arm-none-eabi-objdump.exe: Warning: Hole and overlap detection requires adjacent view lists and loclists.
arm-none-eabi-objdump.exe: Warning: There is a hole [0x6ef4 - 0x6f45] in .debug_loc section.
arm-none-eabi-objdump.exe: Warning: There is a hole [0x6f59 - 0x6faa] in .debug_loc section.
arm-none-eabi-objdump.exe: Warning: There is a hole [0x6fb6 - 0x6fce] in .debug_loc section.
arm-none-eabi-objdump.exe: Warning: There is a hole [0x6fda - 0x6ff0] in .debug_loc section.
arm-none-eabi-objdump.exe: Warning: There is a hole [0x6ffc - 0x7012] in .debug_loc section.
arm-none-eabi-objdump.exe: Warning: There is a hole [0x701e - 0x7034] in .debug_loc section.
arm-none-eabi-objdump.exe: Warning: There is a hole [0x7040 - 0x705a] in .debug_loc section.
arm-none-eabi-objdump.exe: Warning: There is a hole [0x7064 - 0x706f] in .debug_loc section.
arm-none-eabi-objdump.exe: Warning: There is a hole [0x7079 - 0x7088] in .debug_loc section.
arm-none-eabi-objdump.exe: Warning: There is a hole [0x7094 - 0x70aa] in .debug_loc section.
arm-none-eabi-objdump.exe: Warning: There is a hole [0x70b4 - 0x70bf] in .debug_loc section.
arm-none-eabi-objdump.exe: Warning: There is a hole [0x70cf - 0x710d] in .debug_loc section.
arm-none-eabi-objdump.exe: Warning: There is a hole [0x711d - 0x715b] in .debug_loc section.
arm-none-eabi-objdump.exe: Warning: There is a hole [0x7167 - 0x717f] in .debug_loc section.
arm-none-eabi-objdump.exe: Warning: There is a hole [0x718b - 0x71a1] in .debug_loc section.
arm-none-eabi-objdump.exe: Warning: There is a hole [0x71af - 0x71d9] in .debug_loc section.
arm-none-eabi-objdump.exe: Warning: There is a hole [0x71e5 - 0x71fb] in .debug_loc section.
arm-none-eabi-objdump.exe: Warning: There is a hole [0x7213 - 0x728f] in .debug_loc section.
arm-none-eabi-objdump.exe: Warning: There is a hole [0x72a7 - 0x7323] in .debug_loc section.
arm-none-eabi-objdump.exe: Warning: There is a hole [0x732f - 0x7347] in .debug_loc section.
arm-none-eabi-objdump.exe: Warning: There is a hole [0x7367 - 0x743f] in .debug_loc section.
arm-none-eabi-objdump.exe: Warning: There is a hole [0x744d - 0x747b] in .debug_loc section.
arm-none-eabi-objdump.exe: Warning: There is a hole [0x7487 - 0x749f] in .debug_loc section.
arm-none-eabi-objdump.exe: Warning: There is a hole [0x74ad - 0x74db] in .debug_loc section.
arm-none-eabi-objdump.exe: Warning: There is a hole [0x74e7 - 0x74fd] in .debug_loc section.
arm-none-eabi-objdump.exe: Warning: There is a hole [0x750d - 0x753e] in .debug_loc section.
arm-none-eabi-objdump.exe: Warning: There is a hole [0x754a - 0x7562] in .debug_loc section.
arm-none-eabi-objdump.exe: Warning: There is a hole [0x756c - 0x7578] in .debug_loc section.
arm-none-eabi-objdump.exe: Warning: There is a hole [0x7582 - 0x758d] in .debug_loc section.
arm-none-eabi-objdump.exe: Warning: There is a hole [0x7597 - 0x75a8] in .debug_loc section.
arm-none-eabi-objdump.exe: Warning: There is a hole [0x75b2 - 0x75c3] in .debug_loc section.
arm-none-eabi-objdump.exe: Warning: There is a hole [0x75cf - 0x75e5] in .debug_loc section.
arm-none-eabi-objdump.exe: Warning: There is a hole [0x75f1 - 0x7607] in .debug_loc section.
arm-none-eabi-objdump.exe: Warning: There is a hole [0x7617 - 0x7659] in .debug_loc section.
arm-none-eabi-objdump.exe: Warning: There is a hole [0x7669 - 0x76ab] in .debug_loc section.
arm-none-eabi-objdump.exe: Warning: There is a hole [0x76b5 - 0x76c0] in .debug_loc section.
arm-none-eabi-objdump.exe: Warning: There is a hole [0x76d0 - 0x7701] in .debug_loc section.
arm-none-eabi-objdump.exe: Warning: There is a hole [0x770d - 0x7725] in .debug_loc section.
arm-none-eabi-objdump.exe: Warning: There is a hole [0x772f - 0x773b] in .debug_loc section.
arm-none-eabi-objdump.exe: Warning: There is a hole [0x7745 - 0x7750] in .debug_loc section.
arm-none-eabi-objdump.exe: Warning: There is a hole [0x775a - 0x776b] in .debug_loc section.
arm-none-eabi-objdump.exe: Warning: There is a hole [0x7775 - 0x7786] in .debug_loc section.
arm-none-eabi-objdump.exe: Warning: There is a hole [0x7792 - 0x77b1] in .debug_loc section.
arm-none-eabi-objdump.exe: Warning: There is a hole [0x77bd - 0x77dc] in .debug_loc section.
arm-none-eabi-objdump.exe: Warning: There is a hole [0x77ec - 0x782a] in .debug_loc section.
arm-none-eabi-objdump.exe: Warning: There is a hole [0x783a - 0x7878] in .debug_loc section.
arm-none-eabi-objdump.exe: Warning: There is a hole [0x7884 - 0x789c] in .debug_loc section.
arm-none-eabi-objdump.exe: Warning: There is a hole [0x78a8 - 0x78be] in .debug_loc section.
arm-none-eabi-objdump.exe: Warning: There is a hole [0x78ca - 0x78e0] in .debug_loc section.
arm-none-eabi-objdump.exe: Warning: There is a hole [0x78ec - 0x7902] in .debug_loc section.
arm-none-eabi-objdump.exe: Warning: There is a hole [0x7910 - 0x7943] in .debug_loc section.
arm-none-eabi-objdump.exe: Warning: There is a hole [0x794f - 0x7969] in .debug_loc section.
arm-none-eabi-objdump.exe: Warning: There is a hole [0x7979 - 0x79b7] in .debug_loc section.
arm-none-eabi-objdump.exe: Warning: There is a hole [0x79c7 - 0x7a05] in .debug_loc section.
arm-none-eabi-objdump.exe: Warning: There is a hole [0x7a11 - 0x7a27] in .debug_loc section.
arm-none-eabi-objdump.exe: Warning: There is a hole [0x7a37 - 0x7a75] in .debug_loc section.
arm-none-eabi-objdump.exe: Warning: There is a hole [0x7a85 - 0x7ac3] in .debug_loc section.
arm-none-eabi-objdump.exe: Warning: There is a hole [0x7ad3 - 0x7b03] in .debug_loc section.
arm-none-eabi-objdump.exe: Warning: Hole and overlap detection requires adjacent view lists and loclists.
arm-none-eabi-objdump.exe: Warning: There is a hole [0x84dd - 0x84f6] in .debug_loc section.
arm-none-eabi-objdump.exe: Warning: There is a hole [0x8502 - 0x851b] in .debug_loc section.
arm-none-eabi-objdump.exe: Warning: There is a hole [0x8527 - 0x8540] in .debug_loc section.
arm-none-eabi-objdump.exe: Warning: There is a hole [0x854c - 0x8565] in .debug_loc section.
arm-none-eabi-objdump.exe: Warning: There is a hole [0x8571 - 0x858a] in .debug_loc section.
arm-none-eabi-objdump.exe: Warning: There is a hole [0x8596 - 0x85af] in .debug_loc section.
arm-none-eabi-objdump.exe: Warning: There is a hole [0x85bb - 0x85d4] in .debug_loc section.
arm-none-eabi-objdump.exe: Warning: There is a hole [0x85e0 - 0x85f9] in .debug_loc section.
arm-none-eabi-objdump.exe: Warning: There is a hole [0x8605 - 0x861e] in .debug_loc section.
arm-none-eabi-objdump.exe: Warning: There is a hole [0x862a - 0x8643] in .debug_loc section.
arm-none-eabi-objdump.exe: Warning: There is a hole [0x864f - 0x8668] in .debug_loc section.
arm-none-eabi-objdump.exe: Warning: There is a hole [0x8674 - 0x868d] in .debug_loc section.
arm-none-eabi-objdump.exe: Warning: There is a hole [0x8697 - 0x86a2] in .debug_loc section.
arm-none-eabi-objdump.exe: Warning: There is a hole [0x86ac - 0x86ba] in .debug_loc section.
arm-none-eabi-objdump.exe: Warning: There is a hole [0x86c4 - 0x86cf] in .debug_loc section.
arm-none-eabi-objdump.exe: Warning: There is a hole [0x86d9 - 0x86e4] in .debug_loc section.
arm-none-eabi-objdump.exe: Warning: There is a hole [0x86f0 - 0x8709] in .debug_loc section.
arm-none-eabi-objdump.exe: Warning: There is a hole [0x8715 - 0x8731] in .debug_loc section.
arm-none-eabi-objdump.exe: Warning: There is a hole [0x873b - 0x8746] in .debug_loc section.
arm-none-eabi-objdump.exe: Warning: There is a hole [0x8752 - 0x8768] in .debug_loc section.
arm-none-eabi-objdump.exe: Warning: There is a hole [0x8774 - 0x878d] in .debug_loc section.
arm-none-eabi-objdump.exe: Warning: There is a hole [0x8797 - 0x87a2] in .debug_loc section.
arm-none-eabi-objdump.exe: Warning: There is a hole [0x87ac - 0x87ba] in .debug_loc section.
arm-none-eabi-objdump.exe: Warning: There is a hole [0x87c4 - 0x87cf] in .debug_loc section.
arm-none-eabi-objdump.exe: Warning: There is a hole [0x87d9 - 0x87e7] in .debug_loc section.
arm-none-eabi-objdump.exe: Warning: There is a hole [0x87f1 - 0x87fc] in .debug_loc section.
arm-none-eabi-objdump.exe: Warning: There is a hole [0x8806 - 0x8814] in .debug_loc section.
arm-none-eabi-objdump.exe: Warning: There is a hole [0x8878 - 0x8883] in .debug_loc section.
arm-none-eabi-objdump.exe: Warning: There is a hole [0x888d - 0x8898] in .debug_loc section.
arm-none-eabi-objdump.exe: Warning: There is a hole [0x88a2 - 0x88b8] in .debug_loc section.
arm-none-eabi-objdump.exe: Warning: There is a hole [0x88c2 - 0x88df] in .debug_loc section.
arm-none-eabi-objdump.exe: Warning: There is a hole [0x88e9 - 0x88f4] in .debug_loc section.
arm-none-eabi-objdump.exe: Warning: There is a hole [0x88fe - 0x890c] in .debug_loc section.
arm-none-eabi-objdump.exe: Warning: There is a hole [0x8916 - 0x8921] in .debug_loc section.
arm-none-eabi-objdump.exe: Warning: There is a hole [0x892b - 0x8936] in .debug_loc section.
arm-none-eabi-objdump.exe: Warning: There is a hole [0x8940 - 0x8956] in .debug_loc section.
arm-none-eabi-objdump.exe: Warning: There is a hole [0x8960 - 0x897d] in .debug_loc section.
arm-none-eabi-objdump.exe: Warning: There is a hole [0x8987 - 0x8992] in .debug_loc section.
arm-none-eabi-objdump.exe: Warning: There is a hole [0x899c - 0x89aa] in .debug_loc section.
arm-none-eabi-objdump.exe: Warning: There is a hole [0x89b6 - 0x89cf] in .debug_loc section.
arm-none-eabi-objdump.exe: Warning: There is a hole [0x89db - 0x89f4] in .debug_loc section.
arm-none-eabi-objdump.exe: Warning: There is a hole [0x8a00 - 0x8a19] in .debug_loc section.
arm-none-eabi-objdump.exe: Warning: There is a hole [0x8a25 - 0x8a3e] in .debug_loc section.
arm-none-eabi-objdump.exe: Warning: There is a hole [0x8a48 - 0x8a53] in .debug_loc section.
arm-none-eabi-objdump.exe: Warning: There is a hole [0x8a5d - 0x8a68] in .debug_loc section.
arm-none-eabi-objdump.exe: Warning: There is a hole [0x8a72 - 0x8a88] in .debug_loc section.
arm-none-eabi-objdump.exe: Warning: There is a hole [0x8a92 - 0x8aaf] in .debug_loc section.
arm-none-eabi-objdump.exe: Warning: There is a hole [0x8ab9 - 0x8ac4] in .debug_loc section.
arm-none-eabi-objdump.exe: Warning: There is a hole [0x8ace - 0x8adc] in .debug_loc section.
arm-none-eabi-objdump.exe: Warning: There is a hole [0x8ff0 - 0x900f] in .debug_loc section.
arm-none-eabi-objdump.exe: Warning: There is a hole [0x913a - 0x9159] in .debug_loc section.
arm-none-eabi-objdump.exe: Warning: There is a hole [0x9165 - 0x9184] in .debug_loc section.
arm-none-eabi-objdump.exe: Warning: There is a hole [0x9196 - 0x91d2] in .debug_loc section.
arm-none-eabi-objdump.exe: Warning: There is a hole [0x91de - 0x91f5] in .debug_loc section.
arm-none-eabi-objdump.exe: Warning: There is a hole [0x91ff - 0x920a] in .debug_loc section.
arm-none-eabi-objdump.exe: Warning: There is a hole [0x9214 - 0x9220] in .debug_loc section.
arm-none-eabi-objdump.exe: Warning: There is a hole [0x922a - 0x9235] in .debug_loc section.
arm-none-eabi-objdump.exe: Warning: There is a hole [0x9241 - 0x9258] in .debug_loc section.
arm-none-eabi-objdump.exe: Warning: There is a hole [0x9262 - 0x926d] in .debug_loc section.
arm-none-eabi-objdump.exe: Warning: There is a hole [0x9277 - 0x9283] in .debug_loc section.
arm-none-eabi-objdump.exe: Warning: There is a hole [0x928d - 0x9298] in .debug_loc section.
arm-none-eabi-objdump.exe: Warning: There is a hole [0x92a2 - 0x92ad] in .debug_loc section.
arm-none-eabi-objdump.exe: Warning: There is a hole [0x92bb - 0x92de] in .debug_loc section.
arm-none-eabi-objdump.exe: Warning: There is a hole [0x92e8 - 0x92f5] in .debug_loc section.
arm-none-eabi-objdump.exe: Warning: There is a hole [0x9301 - 0x9319] in .debug_loc section.
arm-none-eabi-objdump.exe: Warning: There is a hole [0x9323 - 0x9330] in .debug_loc section.
arm-none-eabi-objdump.exe: Warning: There is a hole [0x933e - 0x9361] in .debug_loc section.
arm-none-eabi-objdump.exe: Warning: There is a hole [0x936d - 0x9384] in .debug_loc section.
arm-none-eabi-objdump.exe: Warning: There is a hole [0x9390 - 0x93b4] in .debug_loc section.
arm-none-eabi-objdump.exe: Warning: There is a hole [0x93c0 - 0x93df] in .debug_loc section.
arm-none-eabi-objdump.exe: Warning: There is a hole [0x93e9 - 0x93f4] in .debug_loc section.
arm-none-eabi-objdump.exe: Warning: There is a hole [0x9400 - 0x941f] in .debug_loc section.
arm-none-eabi-objdump.exe: Warning: There is a hole [0x942f - 0x9466] in .debug_loc section.
arm-none-eabi-objdump.exe: Warning: There is a hole [0x9476 - 0x94b3] in .debug_loc section.
arm-none-eabi-objdump.exe: Warning: There is a hole [0x94bf - 0x94d5] in .debug_loc section.
arm-none-eabi-objdump.exe: Warning: There is a hole [0x94e5 - 0x9520] in .debug_loc section.
arm-none-eabi-objdump.exe: Warning: There is a hole [0x952a - 0x9535] in .debug_loc section.
arm-none-eabi-objdump.exe: Warning: There is a hole [0x9547 - 0x95b2] in .debug_loc section.
arm-none-eabi-objdump.exe: Warning: There is a hole [0x95bc - 0x95cd] in .debug_loc section.
arm-none-eabi-objdump.exe: Warning: There is a hole [0x95d7 - 0x95e2] in .debug_loc section.
arm-none-eabi-objdump.exe: Warning: There is a hole [0x95ee - 0x9604] in .debug_loc section.
arm-none-eabi-objdump.exe: Warning: There is a hole [0x9610 - 0x962f] in .debug_loc section.
arm-none-eabi-objdump.exe: Warning: There is a hole [0x963b - 0x965a] in .debug_loc section.
arm-none-eabi-objdump.exe: Warning: There is a hole [0x9664 - 0x966f] in .debug_loc section.
arm-none-eabi-objdump.exe: Warning: There is a hole [0x9679 - 0x9689] in .debug_loc section.
arm-none-eabi-objdump.exe: Warning: There is a hole [0x9695 - 0x96b4] in .debug_loc section.
arm-none-eabi-objdump.exe: Warning: There is a hole [0x96be - 0x96c9] in .debug_loc section.
arm-none-eabi-objdump.exe: Warning: There is a hole [0x96d5 - 0x96ef] in .debug_loc section.
arm-none-eabi-objdump.exe: Warning: There is a hole [0x96f9 - 0x9708] in .debug_loc section.
arm-none-eabi-objdump.exe: Warning: There is a hole [0x983f - 0x985e] in .debug_loc section.
arm-none-eabi-objdump.exe: Warning: There is a hole [0x986a - 0x9889] in .debug_loc section.
arm-none-eabi-objdump.exe: Warning: There is a hole [0x9893 - 0x989e] in .debug_loc section.
arm-none-eabi-objdump.exe: Warning: There is a hole [0x98ac - 0x98cf] in .debug_loc section.
arm-none-eabi-objdump.exe: Warning: There is a hole [0x98db - 0x98f1] in .debug_loc section.
arm-none-eabi-objdump.exe: Warning: There is a hole [0x98fd - 0x991c] in .debug_loc section.
arm-none-eabi-objdump.exe: Warning: There is a hole [0x9926 - 0x9931] in .debug_loc section.
arm-none-eabi-objdump.exe: Warning: There is a hole [0x99a0 - 0x99b6] in .debug_loc section.
arm-none-eabi-objdump.exe: Warning: There is a hole [0x99c0 - 0x99cb] in .debug_loc section.
arm-none-eabi-objdump.exe: Warning: Hole and overlap detection requires adjacent view lists and loclists.
arm-none-eabi-objdump.exe: Warning: There is a hole [0xa590 - 0xa5af] in .debug_loc section.
arm-none-eabi-objdump.exe: Warning: There is a hole [0xa5bb - 0xa5f0] in .debug_loc section.
arm-none-eabi-objdump.exe: Warning: There is a hole [0xa68e - 0xa6b8] in .debug_loc section.
arm-none-eabi-objdump.exe: Warning: There is a hole [0xa6c6 - 0xa6f0] in .debug_loc section.
arm-none-eabi-objdump.exe: Warning: There is a hole [0xa6fc - 0xa71b] in .debug_loc section.
arm-none-eabi-objdump.exe: Warning: There is a hole [0xa729 - 0xa763] in .debug_loc section.
arm-none-eabi-objdump.exe: Warning: There is a hole [0xa771 - 0xa793] in .debug_loc section.
arm-none-eabi-objdump.exe: Warning: There is a hole [0xa7a1 - 0xa7c3] in .debug_loc section.
arm-none-eabi-objdump.exe: Warning: There is a hole [0xa7cd - 0xa7d8] in .debug_loc section.
arm-none-eabi-objdump.exe: Warning: There is a hole [0xa7e4 - 0xa7fa] in .debug_loc section.
arm-none-eabi-objdump.exe: Warning: There is a hole [0xa808 - 0xa82c] in .debug_loc section.
arm-none-eabi-objdump.exe: Warning: There is a hole [0xa836 - 0xa84a] in .debug_loc section.
arm-none-eabi-objdump.exe: Warning: There is a hole [0xa854 - 0xa85f] in .debug_loc section.
arm-none-eabi-objdump.exe: Warning: There is a hole [0xa869 - 0xa87d] in .debug_loc section.
arm-none-eabi-objdump.exe: Warning: There is a hole [0xa887 - 0xa892] in .debug_loc section.
arm-none-eabi-objdump.exe: Warning: There is a hole [0xa89c - 0xa8a7] in .debug_loc section.
arm-none-eabi-objdump.exe: Warning: There is a hole [0xa8b3 - 0xa8ca] in .debug_loc section.
arm-none-eabi-objdump.exe: Warning: Hole and overlap detection requires adjacent view lists and loclists.
arm-none-eabi-objdump.exe: Warning: There is a hole [0xa906 - 0xa91c] in .debug_loc section.
arm-none-eabi-objdump.exe: Warning: Hole and overlap detection requires adjacent view lists and loclists.
arm-none-eabi-objdump.exe: Warning: There is a hole [0xab5b - 0xab71] in .debug_loc section.
arm-none-eabi-objdump.exe: Warning: Hole and overlap detection requires adjacent view lists and loclists.
arm-none-eabi-objdump.exe: Warning: There is a hole [0xb8e7 - 0xb903] in .debug_loc section.
arm-none-eabi-objdump.exe: Warning: There is a hole [0xb90d - 0xb919] in .debug_loc section.
arm-none-eabi-objdump.exe: Warning: Hole and overlap detection requires adjacent view lists and loclists.
arm-none-eabi-objdump.exe: Warning: There is a hole [0xca94 - 0xcac4] in .debug_loc section.
arm-none-eabi-objdump.exe: Warning: There is a hole [0xcad4 - 0xcb04] in .debug_loc section.
arm-none-eabi-objdump.exe: Warning: There is a hole [0xcb0e - 0xcb1a] in .debug_loc section.
arm-none-eabi-objdump.exe: Warning: Hole and overlap detection requires adjacent view lists and loclists.
arm-none-eabi-objdump.exe: Warning: There is a hole [0xd15a - 0xd18a] in .debug_loc section.
arm-none-eabi-objdump.exe: Warning: Hole and overlap detection requires adjacent view lists and loclists.
arm-none-eabi-objdump.exe: Warning: There is a hole [0xdd88 - 0xdda7] in .debug_loc section.
arm-none-eabi-objdump.exe: Warning: There is a hole [0xe5b7 - 0xe5c3] in .debug_loc section.
arm-none-eabi-objdump.exe: Warning: There is a hole [0xe5cd - 0xe5d8] in .debug_loc section.
arm-none-eabi-objdump.exe: Warning: There is a hole [0xe5e4 - 0xe603] in .debug_loc section.
arm-none-eabi-objdump.exe: Warning: There are 31 unused bytes at the end of section .debug_loc

C:\Users\a5143778\Documents\MC_Greece\MC_Greece\RA6T2_MCIHV1_IPM_LESS_FOC_WHOLE_PFC_E2S_V100\Debug>..\src\application\user_interface\ics\ElfMapConverter.exe RA6T2_MCIHV1_IPM_LESS_FOC_WHOLE_PFC_E2S_V100.txt 
Successful RMAP file generation.

C:\Users\a5143778\Documents\MC_Greece\MC_Greece\RA6T2_MCIHV1_IPM_LESS_FOC_WHOLE_PFC_E2S_V100\Debug>copy RA6T2_MCIHV1_IPM_LESS_FOC_WHOLE_PFC_E2S_V100.rmap ..\src\application\user_interface\ics\RA6T2_MCIHV1_IPM_LESS_FOC_WHOLE_PFC_E2S_V100_conv.map 
        1 file(s) copied.
 
